Archive member included because of file (symbol)

./libopencm3/lib/libopencm3_stm32f4.a(rcc.o)
                              regression.o (rcc_clock_setup_hse_3v3)
./libopencm3/lib/libopencm3_stm32f4.a(gpio_common_all.o)
                              regression.o (gpio_set)
./libopencm3/lib/libopencm3_stm32f4.a(gpio_common_f0234.o)
                              regression.o (gpio_mode_setup)
./libopencm3/lib/libopencm3_stm32f4.a(timer_common_all.o)
                              regression.o (timer_reset)
./libopencm3/lib/libopencm3_stm32f4.a(flash_common_f234.o)
                              ./libopencm3/lib/libopencm3_stm32f4.a(rcc.o) (flash_set_ws)
./libopencm3/lib/libopencm3_stm32f4.a(rcc_common_all.o)
                              regression.o (rcc_periph_clock_enable)
./libopencm3/lib/libopencm3_stm32f4.a(vector.o)
                              (reset_handler)
./libopencm3/lib/libopencm3_stm32f4.a(nvic.o)
                              regression.o (nvic_enable_irq)
./libopencm3/lib/libopencm3_stm32f4.a(assert.o)
                              ./libopencm3/lib/libopencm3_stm32f4.a(rcc.o) (cm3_assert_failed)
./libopencm3/lib/libopencm3_stm32f4.a(pwr.o)
                              ./libopencm3/lib/libopencm3_stm32f4.a(rcc.o) (pwr_set_vos_scale)

Discarded input sections

 .text          0x00000000        0x0 regression.o
 .data          0x00000000        0x0 regression.o
 .bss           0x00000000        0x0 regression.o
 .text          0x00000000        0x0 ./libopencm3/lib/libopencm3_stm32f4.a(rcc.o)
 .data          0x00000000        0x0 ./libopencm3/lib/libopencm3_stm32f4.a(rcc.o)
 .bss           0x00000000        0x0 ./libopencm3/lib/libopencm3_stm32f4.a(rcc.o)
 .text.rcc_osc_ready_int_clear
                0x00000000       0x48 ./libopencm3/lib/libopencm3_stm32f4.a(rcc.o)
 .text.rcc_osc_ready_int_enable
                0x00000000       0x48 ./libopencm3/lib/libopencm3_stm32f4.a(rcc.o)
 .text.rcc_osc_ready_int_disable
                0x00000000       0x48 ./libopencm3/lib/libopencm3_stm32f4.a(rcc.o)
 .text.rcc_osc_ready_int_flag
                0x00000000       0x44 ./libopencm3/lib/libopencm3_stm32f4.a(rcc.o)
 .text.rcc_css_int_clear
                0x00000000       0x10 ./libopencm3/lib/libopencm3_stm32f4.a(rcc.o)
 .text.rcc_css_int_flag
                0x00000000       0x10 ./libopencm3/lib/libopencm3_stm32f4.a(rcc.o)
 .text.rcc_css_enable
                0x00000000       0x10 ./libopencm3/lib/libopencm3_stm32f4.a(rcc.o)
 .text.rcc_css_disable
                0x00000000       0x10 ./libopencm3/lib/libopencm3_stm32f4.a(rcc.o)
 .text.rcc_osc_bypass_enable
                0x00000000       0x28 ./libopencm3/lib/libopencm3_stm32f4.a(rcc.o)
 .text.rcc_osc_bypass_disable
                0x00000000       0x28 ./libopencm3/lib/libopencm3_stm32f4.a(rcc.o)
 .text.rcc_set_pll_source
                0x00000000       0x14 ./libopencm3/lib/libopencm3_stm32f4.a(rcc.o)
 .text.rcc_set_rtcpre
                0x00000000       0x14 ./libopencm3/lib/libopencm3_stm32f4.a(rcc.o)
 .text.rcc_set_main_pll_hsi
                0x00000000       0x1c ./libopencm3/lib/libopencm3_stm32f4.a(rcc.o)
 .text.rcc_system_clock_source
                0x00000000       0x10 ./libopencm3/lib/libopencm3_stm32f4.a(rcc.o)
 .rodata.hse_16mhz_3v3
                0x00000000       0x48 ./libopencm3/lib/libopencm3_stm32f4.a(rcc.o)
 .rodata.hse_25mhz_3v3
                0x00000000       0x48 ./libopencm3/lib/libopencm3_stm32f4.a(rcc.o)
 .data.rcc_ahb_frequency
                0x00000000        0x4 ./libopencm3/lib/libopencm3_stm32f4.a(rcc.o)
 .rodata.hse_12mhz_3v3
                0x00000000       0x48 ./libopencm3/lib/libopencm3_stm32f4.a(rcc.o)
 .text          0x00000000        0x0 ./libopencm3/lib/libopencm3_stm32f4.a(gpio_common_all.o)
 .data          0x00000000        0x0 ./libopencm3/lib/libopencm3_stm32f4.a(gpio_common_all.o)
 .bss           0x00000000        0x0 ./libopencm3/lib/libopencm3_stm32f4.a(gpio_common_all.o)
 .text.gpio_get
                0x00000000        0x6 ./libopencm3/lib/libopencm3_stm32f4.a(gpio_common_all.o)
 .text.gpio_toggle
                0x00000000       0x10 ./libopencm3/lib/libopencm3_stm32f4.a(gpio_common_all.o)
 .text.gpio_port_read
                0x00000000        0x6 ./libopencm3/lib/libopencm3_stm32f4.a(gpio_common_all.o)
 .text.gpio_port_write
                0x00000000        0x4 ./libopencm3/lib/libopencm3_stm32f4.a(gpio_common_all.o)
 .text.gpio_port_config_lock
                0x00000000       0x10 ./libopencm3/lib/libopencm3_stm32f4.a(gpio_common_all.o)
 .text          0x00000000        0x0 ./libopencm3/lib/libopencm3_stm32f4.a(gpio_common_f0234.o)
 .data          0x00000000        0x0 ./libopencm3/lib/libopencm3_stm32f4.a(gpio_common_f0234.o)
 .bss           0x00000000        0x0 ./libopencm3/lib/libopencm3_stm32f4.a(gpio_common_f0234.o)
 .text.gpio_set_af
                0x00000000       0x50 ./libopencm3/lib/libopencm3_stm32f4.a(gpio_common_f0234.o)
 .text          0x00000000        0x0 ./libopencm3/lib/libopencm3_stm32f4.a(timer_common_all.o)
 .data          0x00000000        0x0 ./libopencm3/lib/libopencm3_stm32f4.a(timer_common_all.o)
 .bss           0x00000000        0x0 ./libopencm3/lib/libopencm3_stm32f4.a(timer_common_all.o)
 .text.timer_disable_irq
                0x00000000        0xa ./libopencm3/lib/libopencm3_stm32f4.a(timer_common_all.o)
 .text.timer_interrupt_source
                0x00000000       0x34 ./libopencm3/lib/libopencm3_stm32f4.a(timer_common_all.o)
 .text.timer_set_clock_division
                0x00000000       0x14 ./libopencm3/lib/libopencm3_stm32f4.a(timer_common_all.o)
 .text.timer_enable_preload
                0x00000000        0xa ./libopencm3/lib/libopencm3_stm32f4.a(timer_common_all.o)
 .text.timer_set_alignment
                0x00000000       0x14 ./libopencm3/lib/libopencm3_stm32f4.a(timer_common_all.o)
 .text.timer_direction_up
                0x00000000        0xa ./libopencm3/lib/libopencm3_stm32f4.a(timer_common_all.o)
 .text.timer_direction_down
                0x00000000        0xa ./libopencm3/lib/libopencm3_stm32f4.a(timer_common_all.o)
 .text.timer_one_shot_mode
                0x00000000        0xa ./libopencm3/lib/libopencm3_stm32f4.a(timer_common_all.o)
 .text.timer_update_on_any
                0x00000000        0xa ./libopencm3/lib/libopencm3_stm32f4.a(timer_common_all.o)
 .text.timer_update_on_overflow
                0x00000000        0xa ./libopencm3/lib/libopencm3_stm32f4.a(timer_common_all.o)
 .text.timer_enable_update_event
                0x00000000        0xa ./libopencm3/lib/libopencm3_stm32f4.a(timer_common_all.o)
 .text.timer_disable_update_event
                0x00000000        0xa ./libopencm3/lib/libopencm3_stm32f4.a(timer_common_all.o)
 .text.timer_set_output_idle_state
                0x00000000       0x1c ./libopencm3/lib/libopencm3_stm32f4.a(timer_common_all.o)
 .text.timer_reset_output_idle_state
                0x00000000       0x1c ./libopencm3/lib/libopencm3_stm32f4.a(timer_common_all.o)
 .text.timer_set_ti1_ch123_xor
                0x00000000        0xa ./libopencm3/lib/libopencm3_stm32f4.a(timer_common_all.o)
 .text.timer_set_ti1_ch1
                0x00000000        0xa ./libopencm3/lib/libopencm3_stm32f4.a(timer_common_all.o)
 .text.timer_set_master_mode
                0x00000000       0x10 ./libopencm3/lib/libopencm3_stm32f4.a(timer_common_all.o)
 .text.timer_set_dma_on_compare_event
                0x00000000        0xa ./libopencm3/lib/libopencm3_stm32f4.a(timer_common_all.o)
 .text.timer_set_dma_on_update_event
                0x00000000        0xa ./libopencm3/lib/libopencm3_stm32f4.a(timer_common_all.o)
 .text.timer_enable_compare_control_update_on_trigger
                0x00000000       0x18 ./libopencm3/lib/libopencm3_stm32f4.a(timer_common_all.o)
 .text.timer_disable_compare_control_update_on_trigger
                0x00000000       0x18 ./libopencm3/lib/libopencm3_stm32f4.a(timer_common_all.o)
 .text.timer_enable_preload_complementry_enable_bits
                0x00000000       0x18 ./libopencm3/lib/libopencm3_stm32f4.a(timer_common_all.o)
 .text.timer_disable_preload_complementry_enable_bits
                0x00000000       0x18 ./libopencm3/lib/libopencm3_stm32f4.a(timer_common_all.o)
 .text.timer_set_repetition_counter
                0x00000000       0x14 ./libopencm3/lib/libopencm3_stm32f4.a(timer_common_all.o)
 .text.timer_enable_oc_clear
                0x00000000       0x34 ./libopencm3/lib/libopencm3_stm32f4.a(timer_common_all.o)
 .text.timer_disable_oc_clear
                0x00000000       0x34 ./libopencm3/lib/libopencm3_stm32f4.a(timer_common_all.o)
 .text.timer_set_oc_slow_mode
                0x00000000       0x34 ./libopencm3/lib/libopencm3_stm32f4.a(timer_common_all.o)
 .text.timer_enable_oc_preload
                0x00000000       0x34 ./libopencm3/lib/libopencm3_stm32f4.a(timer_common_all.o)
 .text.timer_disable_oc_preload
                0x00000000       0x34 ./libopencm3/lib/libopencm3_stm32f4.a(timer_common_all.o)
 .text.timer_set_oc_polarity_high
                0x00000000       0x64 ./libopencm3/lib/libopencm3_stm32f4.a(timer_common_all.o)
 .text.timer_set_oc_polarity_low
                0x00000000       0x64 ./libopencm3/lib/libopencm3_stm32f4.a(timer_common_all.o)
 .text.timer_enable_oc_output
                0x00000000       0x64 ./libopencm3/lib/libopencm3_stm32f4.a(timer_common_all.o)
 .text.timer_set_oc_idle_state_set
                0x00000000       0x58 ./libopencm3/lib/libopencm3_stm32f4.a(timer_common_all.o)
 .text.timer_set_oc_idle_state_unset
                0x00000000       0x58 ./libopencm3/lib/libopencm3_stm32f4.a(timer_common_all.o)
 .text.timer_enable_break_main_output
                0x00000000       0x18 ./libopencm3/lib/libopencm3_stm32f4.a(timer_common_all.o)
 .text.timer_disable_break_main_output
                0x00000000       0x18 ./libopencm3/lib/libopencm3_stm32f4.a(timer_common_all.o)
 .text.timer_enable_break_automatic_output
                0x00000000       0x18 ./libopencm3/lib/libopencm3_stm32f4.a(timer_common_all.o)
 .text.timer_disable_break_automatic_output
                0x00000000       0x18 ./libopencm3/lib/libopencm3_stm32f4.a(timer_common_all.o)
 .text.timer_set_break_polarity_high
                0x00000000       0x18 ./libopencm3/lib/libopencm3_stm32f4.a(timer_common_all.o)
 .text.timer_set_break_polarity_low
                0x00000000       0x18 ./libopencm3/lib/libopencm3_stm32f4.a(timer_common_all.o)
 .text.timer_enable_break
                0x00000000       0x18 ./libopencm3/lib/libopencm3_stm32f4.a(timer_common_all.o)
 .text.timer_disable_break
                0x00000000       0x18 ./libopencm3/lib/libopencm3_stm32f4.a(timer_common_all.o)
 .text.timer_set_enabled_off_state_in_run_mode
                0x00000000       0x18 ./libopencm3/lib/libopencm3_stm32f4.a(timer_common_all.o)
 .text.timer_set_disabled_off_state_in_run_mode
                0x00000000       0x18 ./libopencm3/lib/libopencm3_stm32f4.a(timer_common_all.o)
 .text.timer_set_enabled_off_state_in_idle_mode
                0x00000000       0x18 ./libopencm3/lib/libopencm3_stm32f4.a(timer_common_all.o)
 .text.timer_set_disabled_off_state_in_idle_mode
                0x00000000       0x18 ./libopencm3/lib/libopencm3_stm32f4.a(timer_common_all.o)
 .text.timer_set_break_lock
                0x00000000       0x18 ./libopencm3/lib/libopencm3_stm32f4.a(timer_common_all.o)
 .text.timer_set_deadtime
                0x00000000       0x18 ./libopencm3/lib/libopencm3_stm32f4.a(timer_common_all.o)
 .text.timer_generate_event
                0x00000000        0x8 ./libopencm3/lib/libopencm3_stm32f4.a(timer_common_all.o)
 .text.timer_get_counter
                0x00000000        0x4 ./libopencm3/lib/libopencm3_stm32f4.a(timer_common_all.o)
 .text.timer_set_counter
                0x00000000        0x4 ./libopencm3/lib/libopencm3_stm32f4.a(timer_common_all.o)
 .text.timer_ic_set_filter
                0x00000000       0x50 ./libopencm3/lib/libopencm3_stm32f4.a(timer_common_all.o)
 .text.timer_ic_set_prescaler
                0x00000000       0x50 ./libopencm3/lib/libopencm3_stm32f4.a(timer_common_all.o)
 .text.timer_ic_set_input
                0x00000000       0x62 ./libopencm3/lib/libopencm3_stm32f4.a(timer_common_all.o)
 .text.timer_ic_enable
                0x00000000       0x10 ./libopencm3/lib/libopencm3_stm32f4.a(timer_common_all.o)
 .text.timer_ic_disable
                0x00000000       0x12 ./libopencm3/lib/libopencm3_stm32f4.a(timer_common_all.o)
 .text.timer_slave_set_filter
                0x00000000       0x12 ./libopencm3/lib/libopencm3_stm32f4.a(timer_common_all.o)
 .text.timer_slave_set_prescaler
                0x00000000       0x12 ./libopencm3/lib/libopencm3_stm32f4.a(timer_common_all.o)
 .text.timer_slave_set_polarity
                0x00000000       0x12 ./libopencm3/lib/libopencm3_stm32f4.a(timer_common_all.o)
 .text.timer_slave_set_mode
                0x00000000       0x10 ./libopencm3/lib/libopencm3_stm32f4.a(timer_common_all.o)
 .text.timer_slave_set_trigger
                0x00000000       0x10 ./libopencm3/lib/libopencm3_stm32f4.a(timer_common_all.o)
 .text          0x00000000        0x0 ./libopencm3/lib/libopencm3_stm32f4.a(flash_common_f234.o)
 .data          0x00000000        0x0 ./libopencm3/lib/libopencm3_stm32f4.a(flash_common_f234.o)
 .bss           0x00000000        0x0 ./libopencm3/lib/libopencm3_stm32f4.a(flash_common_f234.o)
 .text.flash_unlock
                0x00000000       0x24 ./libopencm3/lib/libopencm3_stm32f4.a(flash_common_f234.o)
 .text.flash_lock
                0x00000000       0x10 ./libopencm3/lib/libopencm3_stm32f4.a(flash_common_f234.o)
 .text.flash_clear_pgperr_flag
                0x00000000       0x10 ./libopencm3/lib/libopencm3_stm32f4.a(flash_common_f234.o)
 .text.flash_clear_eop_flag
                0x00000000       0x10 ./libopencm3/lib/libopencm3_stm32f4.a(flash_common_f234.o)
 .text.flash_clear_bsy_flag
                0x00000000       0x10 ./libopencm3/lib/libopencm3_stm32f4.a(flash_common_f234.o)
 .text.flash_wait_for_last_operation
                0x00000000       0x10 ./libopencm3/lib/libopencm3_stm32f4.a(flash_common_f234.o)
 .text          0x00000000        0x0 ./libopencm3/lib/libopencm3_stm32f4.a(rcc_common_all.o)
 .data          0x00000000        0x0 ./libopencm3/lib/libopencm3_stm32f4.a(rcc_common_all.o)
 .bss           0x00000000        0x0 ./libopencm3/lib/libopencm3_stm32f4.a(rcc_common_all.o)
 .text.rcc_peripheral_enable_clock
                0x00000000        0x8 ./libopencm3/lib/libopencm3_stm32f4.a(rcc_common_all.o)
 .text.rcc_peripheral_disable_clock
                0x00000000        0xa ./libopencm3/lib/libopencm3_stm32f4.a(rcc_common_all.o)
 .text.rcc_peripheral_reset
                0x00000000        0x8 ./libopencm3/lib/libopencm3_stm32f4.a(rcc_common_all.o)
 .text.rcc_peripheral_clear_reset
                0x00000000        0xa ./libopencm3/lib/libopencm3_stm32f4.a(rcc_common_all.o)
 .text.rcc_periph_clock_disable
                0x00000000       0x1e ./libopencm3/lib/libopencm3_stm32f4.a(rcc_common_all.o)
 .text.rcc_periph_reset_hold
                0x00000000       0x1c ./libopencm3/lib/libopencm3_stm32f4.a(rcc_common_all.o)
 .text.rcc_periph_reset_release
                0x00000000       0x1e ./libopencm3/lib/libopencm3_stm32f4.a(rcc_common_all.o)
 .text          0x00000000        0x0 ./libopencm3/lib/libopencm3_stm32f4.a(vector.o)
 .data          0x00000000        0x0 ./libopencm3/lib/libopencm3_stm32f4.a(vector.o)
 .bss           0x00000000        0x0 ./libopencm3/lib/libopencm3_stm32f4.a(vector.o)
 .text          0x00000000        0x0 ./libopencm3/lib/libopencm3_stm32f4.a(nvic.o)
 .data          0x00000000        0x0 ./libopencm3/lib/libopencm3_stm32f4.a(nvic.o)
 .bss           0x00000000        0x0 ./libopencm3/lib/libopencm3_stm32f4.a(nvic.o)
 .text.nvic_disable_irq
                0x00000000       0x1c ./libopencm3/lib/libopencm3_stm32f4.a(nvic.o)
 .text.nvic_get_pending_irq
                0x00000000       0x24 ./libopencm3/lib/libopencm3_stm32f4.a(nvic.o)
 .text.nvic_set_pending_irq
                0x00000000       0x1c ./libopencm3/lib/libopencm3_stm32f4.a(nvic.o)
 .text.nvic_clear_pending_irq
                0x00000000       0x1c ./libopencm3/lib/libopencm3_stm32f4.a(nvic.o)
 .text.nvic_get_irq_enabled
                0x00000000       0x24 ./libopencm3/lib/libopencm3_stm32f4.a(nvic.o)
 .text.nvic_set_priority
                0x00000000       0x20 ./libopencm3/lib/libopencm3_stm32f4.a(nvic.o)
 .text.nvic_get_active_irq
                0x00000000       0x24 ./libopencm3/lib/libopencm3_stm32f4.a(nvic.o)
 .text.nvic_generate_software_interrupt
                0x00000000       0x14 ./libopencm3/lib/libopencm3_stm32f4.a(nvic.o)
 .text          0x00000000        0x0 ./libopencm3/lib/libopencm3_stm32f4.a(assert.o)
 .data          0x00000000        0x0 ./libopencm3/lib/libopencm3_stm32f4.a(assert.o)
 .bss           0x00000000        0x0 ./libopencm3/lib/libopencm3_stm32f4.a(assert.o)
 .text.cm3_assert_failed
                0x00000000        0x2 ./libopencm3/lib/libopencm3_stm32f4.a(assert.o)
 .text.cm3_assert_failed_verbose
                0x00000000        0x6 ./libopencm3/lib/libopencm3_stm32f4.a(assert.o)
 .debug_info    0x00000000       0xea ./libopencm3/lib/libopencm3_stm32f4.a(assert.o)
 .debug_abbrev  0x00000000       0x86 ./libopencm3/lib/libopencm3_stm32f4.a(assert.o)
 .debug_loc     0x00000000       0x84 ./libopencm3/lib/libopencm3_stm32f4.a(assert.o)
 .debug_aranges
                0x00000000       0x28 ./libopencm3/lib/libopencm3_stm32f4.a(assert.o)
 .debug_ranges  0x00000000       0x18 ./libopencm3/lib/libopencm3_stm32f4.a(assert.o)
 .debug_line    0x00000000       0x53 ./libopencm3/lib/libopencm3_stm32f4.a(assert.o)
 .debug_str     0x00000000      0x1e5 ./libopencm3/lib/libopencm3_stm32f4.a(assert.o)
 .comment       0x00000000       0x71 ./libopencm3/lib/libopencm3_stm32f4.a(assert.o)
 .ARM.attributes
                0x00000000       0x39 ./libopencm3/lib/libopencm3_stm32f4.a(assert.o)
 .debug_frame   0x00000000       0x38 ./libopencm3/lib/libopencm3_stm32f4.a(assert.o)
 .text          0x00000000        0x0 ./libopencm3/lib/libopencm3_stm32f4.a(pwr.o)
 .data          0x00000000        0x0 ./libopencm3/lib/libopencm3_stm32f4.a(pwr.o)
 .bss           0x00000000        0x0 ./libopencm3/lib/libopencm3_stm32f4.a(pwr.o)

Memory Configuration

Name             Origin             Length             Attributes
rom              0x08000000         0x00100000         xr
ram              0x20000000         0x00020000         xrw
*default*        0x00000000         0xffffffff

Linker script and memory map

LOAD regression.o
LOAD ./libopencm3/lib/libopencm3_stm32f4.a
START GROUP
LOAD /opt/ARM/bin/../lib/gcc/arm-none-eabi/4.8.4/../../../../arm-none-eabi/lib/armv7e-m/fpu/libc.a
LOAD /opt/ARM/bin/../lib/gcc/arm-none-eabi/4.8.4/armv7e-m/fpu/libgcc.a
LOAD /opt/ARM/bin/../lib/gcc/arm-none-eabi/4.8.4/../../../../arm-none-eabi/lib/armv7e-m/fpu/libnosys.a
END GROUP
START GROUP
LOAD /opt/ARM/bin/../lib/gcc/arm-none-eabi/4.8.4/armv7e-m/fpu/libgcc.a
LOAD /opt/ARM/bin/../lib/gcc/arm-none-eabi/4.8.4/../../../../arm-none-eabi/lib/armv7e-m/fpu/libc.a
END GROUP

.text           0x08000000      0xb1c
 *(.vectors)
 .vectors       0x08000000      0x1ac ./libopencm3/lib/libopencm3_stm32f4.a(vector.o)
                0x08000000                vector_table
 *(.text*)
 .text.tim2_isr
                0x080001ac       0x4c regression.o
                0x080001ac                tim2_isr
 .text.tim5_isr
                0x080001f8       0x48 regression.o
                0x080001f8                tim5_isr
 .text.startup.main
                0x08000240      0x1b0 regression.o
                0x08000240                main
 .text.rcc_wait_for_osc_ready
                0x080003f0       0x4c ./libopencm3/lib/libopencm3_stm32f4.a(rcc.o)
                0x080003f0                rcc_wait_for_osc_ready
 .text.rcc_wait_for_sysclk_status
                0x0800043c       0x38 ./libopencm3/lib/libopencm3_stm32f4.a(rcc.o)
                0x0800043c                rcc_wait_for_sysclk_status
 .text.rcc_osc_on
                0x08000474       0x44 ./libopencm3/lib/libopencm3_stm32f4.a(rcc.o)
                0x08000474                rcc_osc_on
 .text.rcc_osc_off
                0x080004b8       0x44 ./libopencm3/lib/libopencm3_stm32f4.a(rcc.o)
                0x080004b8                rcc_osc_off
 .text.rcc_set_sysclk_source
                0x080004fc       0x14 ./libopencm3/lib/libopencm3_stm32f4.a(rcc.o)
                0x080004fc                rcc_set_sysclk_source
 .text.rcc_set_ppre2
                0x08000510       0x14 ./libopencm3/lib/libopencm3_stm32f4.a(rcc.o)
                0x08000510                rcc_set_ppre2
 .text.rcc_set_ppre1
                0x08000524       0x14 ./libopencm3/lib/libopencm3_stm32f4.a(rcc.o)
                0x08000524                rcc_set_ppre1
 .text.rcc_set_hpre
                0x08000538       0x14 ./libopencm3/lib/libopencm3_stm32f4.a(rcc.o)
                0x08000538                rcc_set_hpre
 .text.rcc_set_main_pll_hse
                0x0800054c       0x20 ./libopencm3/lib/libopencm3_stm32f4.a(rcc.o)
                0x0800054c                rcc_set_main_pll_hse
 .text.rcc_clock_setup_hse_3v3
                0x0800056c       0x90 ./libopencm3/lib/libopencm3_stm32f4.a(rcc.o)
                0x0800056c                rcc_clock_setup_hse_3v3
 .text.gpio_set
                0x080005fc        0x4 ./libopencm3/lib/libopencm3_stm32f4.a(gpio_common_all.o)
                0x080005fc                gpio_set
 .text.gpio_clear
                0x08000600        0x6 ./libopencm3/lib/libopencm3_stm32f4.a(gpio_common_all.o)
                0x08000600                gpio_clear
 .text.gpio_mode_setup
                0x08000606       0x44 ./libopencm3/lib/libopencm3_stm32f4.a(gpio_common_f0234.o)
                0x08000606                gpio_mode_setup
 .text.gpio_set_output_options
                0x0800064a       0x34 ./libopencm3/lib/libopencm3_stm32f4.a(gpio_common_f0234.o)
                0x0800064a                gpio_set_output_options
 *fill*         0x0800067e        0x2 
 .text.timer_reset
                0x08000680       0x80 ./libopencm3/lib/libopencm3_stm32f4.a(timer_common_all.o)
                0x08000680                timer_reset
 .text.timer_enable_irq
                0x08000700        0x8 ./libopencm3/lib/libopencm3_stm32f4.a(timer_common_all.o)
                0x08000700                timer_enable_irq
 .text.timer_get_flag
                0x08000708        0xc ./libopencm3/lib/libopencm3_stm32f4.a(timer_common_all.o)
                0x08000708                timer_get_flag
 .text.timer_clear_flag
                0x08000714        0xa ./libopencm3/lib/libopencm3_stm32f4.a(timer_common_all.o)
                0x08000714                timer_clear_flag
 .text.timer_set_mode
                0x0800071e       0x12 ./libopencm3/lib/libopencm3_stm32f4.a(timer_common_all.o)
                0x0800071e                timer_set_mode
 .text.timer_disable_preload
                0x08000730        0xa ./libopencm3/lib/libopencm3_stm32f4.a(timer_common_all.o)
                0x08000730                timer_disable_preload
 .text.timer_continuous_mode
                0x0800073a        0xa ./libopencm3/lib/libopencm3_stm32f4.a(timer_common_all.o)
                0x0800073a                timer_continuous_mode
 .text.timer_enable_counter
                0x08000744        0xa ./libopencm3/lib/libopencm3_stm32f4.a(timer_common_all.o)
                0x08000744                timer_enable_counter
 .text.timer_disable_counter
                0x0800074e        0xa ./libopencm3/lib/libopencm3_stm32f4.a(timer_common_all.o)
                0x0800074e                timer_disable_counter
 .text.timer_set_prescaler
                0x08000758        0x4 ./libopencm3/lib/libopencm3_stm32f4.a(timer_common_all.o)
                0x08000758                timer_set_prescaler
 .text.timer_set_period
                0x0800075c        0x4 ./libopencm3/lib/libopencm3_stm32f4.a(timer_common_all.o)
                0x0800075c                timer_set_period
 .text.timer_set_oc_fast_mode
                0x08000760       0x34 ./libopencm3/lib/libopencm3_stm32f4.a(timer_common_all.o)
                0x08000760                timer_set_oc_fast_mode
 .text.timer_set_oc_mode
                0x08000794      0x198 ./libopencm3/lib/libopencm3_stm32f4.a(timer_common_all.o)
                0x08000794                timer_set_oc_mode
 .text.timer_disable_oc_output
                0x0800092c       0x64 ./libopencm3/lib/libopencm3_stm32f4.a(timer_common_all.o)
                0x0800092c                timer_disable_oc_output
 .text.timer_set_oc_value
                0x08000990       0x20 ./libopencm3/lib/libopencm3_stm32f4.a(timer_common_all.o)
                0x08000990                timer_set_oc_value
 .text.flash_set_ws
                0x080009b0       0x14 ./libopencm3/lib/libopencm3_stm32f4.a(flash_common_f234.o)
                0x080009b0                flash_set_ws
 .text.rcc_periph_clock_enable
                0x080009c4       0x1c ./libopencm3/lib/libopencm3_stm32f4.a(rcc_common_all.o)
                0x080009c4                rcc_periph_clock_enable
 .text.rcc_periph_reset_pulse
                0x080009e0       0x24 ./libopencm3/lib/libopencm3_stm32f4.a(rcc_common_all.o)
                0x080009e0                rcc_periph_reset_pulse
 .text.blocking_handler
                0x08000a04        0x2 ./libopencm3/lib/libopencm3_stm32f4.a(vector.o)
                0x08000a04                dma2_stream1_isr
                0x08000a04                tim8_brk_tim12_isr
                0x08000a04                dma1_stream7_isr
                0x08000a04                usart3_isr
                0x08000a04                tim7_isr
                0x08000a04                dma2d_isr
                0x08000a04                uart8_isr
                0x08000a04                dma1_stream2_isr
                0x08000a04                otg_hs_isr
                0x08000a04                blocking_handler
                0x08000a04                rtc_wkup_isr
                0x08000a04                otg_fs_isr
                0x08000a04                spi1_isr
                0x08000a04                i2c3_er_isr
                0x08000a04                exti2_isr
                0x08000a04                spi5_isr
                0x08000a04                usb_fs_wkup_isr
                0x08000a04                tamp_stamp_isr
                0x08000a04                can1_rx1_isr
                0x08000a04                dma2_stream0_isr
                0x08000a04                usart1_isr
                0x08000a04                i2c3_ev_isr
                0x08000a04                usage_fault_handler
                0x08000a04                can2_rx0_isr
                0x08000a04                dma1_stream6_isr
                0x08000a04                can2_rx1_isr
                0x08000a04                can1_sce_isr
                0x08000a04                tim1_cc_isr
                0x08000a04                can1_tx_isr
                0x08000a04                tim1_up_tim10_isr
                0x08000a04                sdio_isr
                0x08000a04                eth_isr
                0x08000a04                spi6_isr
                0x08000a04                dma2_stream5_isr
                0x08000a04                pvd_isr
                0x08000a04                can1_rx0_isr
                0x08000a04                rcc_isr
                0x08000a04                dma2_stream3_isr
                0x08000a04                flash_isr
                0x08000a04                uart4_isr
                0x08000a04                lcd_tft_isr
                0x08000a04                rtc_alarm_isr
                0x08000a04                exti15_10_isr
                0x08000a04                hash_rng_isr
                0x08000a04                tim1_trg_com_tim11_isr
                0x08000a04                hard_fault_handler
                0x08000a04                exti1_isr
                0x08000a04                i2c1_ev_isr
                0x08000a04                usart6_isr
                0x08000a04                spi2_isr
                0x08000a04                cryp_isr
                0x08000a04                nvic_wwdg_isr
                0x08000a04                dma1_stream1_isr
                0x08000a04                dma2_stream4_isr
                0x08000a04                exti3_isr
                0x08000a04                tim3_isr
                0x08000a04                usart2_isr
                0x08000a04                sai1_isr
                0x08000a04                fpu_isr
                0x08000a04                dma1_stream4_isr
                0x08000a04                i2c2_er_isr
                0x08000a04                i2c2_ev_isr
                0x08000a04                uart5_isr
                0x08000a04                dma2_stream6_isr
                0x08000a04                spi4_isr
                0x08000a04                adc_isr
                0x08000a04                dma2_stream7_isr
                0x08000a04                tim8_up_tim13_isr
                0x08000a04                fsmc_isr
                0x08000a04                exti4_isr
                0x08000a04                tim6_dac_isr
                0x08000a04                dma1_stream3_isr
                0x08000a04                tim8_trg_com_tim14_isr
                0x08000a04                mem_manage_handler
                0x08000a04                lcd_tft_err_isr
                0x08000a04                can2_tx_isr
                0x08000a04                exti9_5_isr
                0x08000a04                tim1_brk_tim9_isr
                0x08000a04                uart7_isr
                0x08000a04                can2_sce_isr
                0x08000a04                tim4_isr
                0x08000a04                otg_hs_wkup_isr
                0x08000a04                i2c1_er_isr
                0x08000a04                dma1_stream0_isr
                0x08000a04                tim8_cc_isr
                0x08000a04                dcmi_isr
                0x08000a04                dma2_stream2_isr
                0x08000a04                eth_wkup_isr
                0x08000a04                bus_fault_handler
                0x08000a04                otg_hs_ep1_out_isr
                0x08000a04                spi3_isr
                0x08000a04                dma1_stream5_isr
                0x08000a04                otg_hs_ep1_in_isr
                0x08000a04                exti0_isr
 .text.null_handler
                0x08000a06        0x2 ./libopencm3/lib/libopencm3_stm32f4.a(vector.o)
                0x08000a06                null_handler
                0x08000a06                sv_call_handler
                0x08000a06                pend_sv_handler
                0x08000a06                debug_monitor_handler
                0x08000a06                sys_tick_handler
                0x08000a06                nmi_handler
 .text.reset_handler
                0x08000a08       0x90 ./libopencm3/lib/libopencm3_stm32f4.a(vector.o)
                0x08000a08                reset_handler
 .text.nvic_enable_irq
                0x08000a98       0x1c ./libopencm3/lib/libopencm3_stm32f4.a(nvic.o)
                0x08000a98                nvic_enable_irq
 .text.pwr_set_vos_scale
                0x08000ab4       0x20 ./libopencm3/lib/libopencm3_stm32f4.a(pwr.o)
                0x08000ab4                pwr_set_vos_scale
                0x08000ad4                . = ALIGN (0x4)
 *(.rodata*)
 .rodata.hse_8mhz_3v3
                0x08000ad4       0x48 ./libopencm3/lib/libopencm3_stm32f4.a(rcc.o)
                0x08000ad4                hse_8mhz_3v3
                0x08000b1c                . = ALIGN (0x4)

.glue_7         0x08000b1c        0x0
 .glue_7        0x00000000        0x0 linker stubs

.glue_7t        0x08000b1c        0x0
 .glue_7t       0x00000000        0x0 linker stubs

.vfp11_veneer   0x08000b1c        0x0
 .vfp11_veneer  0x00000000        0x0 linker stubs

.v4_bx          0x08000b1c        0x0
 .v4_bx         0x00000000        0x0 linker stubs

.iplt           0x08000b1c        0x0
 .iplt          0x00000000        0x0 regression.o

.rel.dyn        0x08000b1c        0x0
 .rel.iplt      0x00000000        0x0 regression.o

.preinit_array  0x08000b1c        0x0
                0x08000b1c                . = ALIGN (0x4)
                0x08000b1c                __preinit_array_start = .
 *(.preinit_array)
                0x08000b1c                __preinit_array_end = .

.init_array     0x08000b1c        0x0
                0x08000b1c                . = ALIGN (0x4)
                0x08000b1c                __init_array_start = .
 *(SORT(.init_array.*))
 *(.init_array)
                0x08000b1c                __init_array_end = .

.fini_array     0x08000b1c        0x0
                0x08000b1c                . = ALIGN (0x4)
                0x08000b1c                __fini_array_start = .
 *(.fini_array)
 *(SORT(.fini_array.*))
                0x08000b1c                __fini_array_end = .

.ARM.extab
 *(.ARM.extab*)

.ARM.exidx      0x08000b1c        0x0
                0x08000b1c                __exidx_start = .
 *(.ARM.exidx*)
                0x08000b1c                __exidx_end = .
                0x08000b1c                . = ALIGN (0x4)
                0x08000b1c                _etext = .

.data           0x20000000        0xc load address 0x08000b1c
                0x20000000                _data = .
 *(.data*)
 .data.testt    0x20000000        0x2 regression.o
 *fill*         0x20000002        0x2 
 .data.rcc_apb1_frequency
                0x20000004        0x4 ./libopencm3/lib/libopencm3_stm32f4.a(rcc.o)
                0x20000004                rcc_apb1_frequency
 .data.rcc_apb2_frequency
                0x20000008        0x4 ./libopencm3/lib/libopencm3_stm32f4.a(rcc.o)
                0x20000008                rcc_apb2_frequency
                0x2000000c                . = ALIGN (0x4)
                0x2000000c                _edata = .
                0x08000b1c                _data_loadaddr = LOADADDR (.data)

.igot.plt       0x2000000c        0x0 load address 0x08000b28
 .igot.plt      0x00000000        0x0 regression.o

.bss            0x2000000c        0x0 load address 0x08000b28
 *(.bss*)
 *(COMMON)
                0x2000000c                . = ALIGN (0x4)
                0x2000000c                _ebss = .

/DISCARD/
 *(.eh_frame)
                0x2000000c                . = ALIGN (0x4)
                0x2000000c                end = .
                0x20020000                PROVIDE (_stack, (ORIGIN (ram) + 0x20000))
OUTPUT(regression.elf elf32-littlearm)

.debug_info     0x00000000     0x39cd
 .debug_info    0x00000000      0xdc0 regression.o
 .debug_info    0x00000dc0      0x7ef ./libopencm3/lib/libopencm3_stm32f4.a(rcc.o)
 .debug_info    0x000015af      0x228 ./libopencm3/lib/libopencm3_stm32f4.a(gpio_common_all.o)
 .debug_info    0x000017d7      0x1e7 ./libopencm3/lib/libopencm3_stm32f4.a(gpio_common_f0234.o)
 .debug_info    0x000019be     0x11d1 ./libopencm3/lib/libopencm3_stm32f4.a(timer_common_all.o)
 .debug_info    0x00002b8f      0x11b ./libopencm3/lib/libopencm3_stm32f4.a(flash_common_f234.o)
 .debug_info    0x00002caa      0x7a3 ./libopencm3/lib/libopencm3_stm32f4.a(rcc_common_all.o)
 .debug_info    0x0000344d      0x2af ./libopencm3/lib/libopencm3_stm32f4.a(vector.o)
 .debug_info    0x000036fc      0x210 ./libopencm3/lib/libopencm3_stm32f4.a(nvic.o)
 .debug_info    0x0000390c       0xc1 ./libopencm3/lib/libopencm3_stm32f4.a(pwr.o)

.debug_abbrev   0x00000000      0xaf4
 .debug_abbrev  0x00000000      0x1c3 regression.o
 .debug_abbrev  0x000001c3      0x286 ./libopencm3/lib/libopencm3_stm32f4.a(rcc.o)
 .debug_abbrev  0x00000449      0x10b ./libopencm3/lib/libopencm3_stm32f4.a(gpio_common_all.o)
 .debug_abbrev  0x00000554       0xb4 ./libopencm3/lib/libopencm3_stm32f4.a(gpio_common_f0234.o)
 .debug_abbrev  0x00000608      0x159 ./libopencm3/lib/libopencm3_stm32f4.a(timer_common_all.o)
 .debug_abbrev  0x00000761       0x87 ./libopencm3/lib/libopencm3_stm32f4.a(flash_common_f234.o)
 .debug_abbrev  0x000007e8       0xbe ./libopencm3/lib/libopencm3_stm32f4.a(rcc_common_all.o)
 .debug_abbrev  0x000008a6      0x137 ./libopencm3/lib/libopencm3_stm32f4.a(vector.o)
 .debug_abbrev  0x000009dd       0xa3 ./libopencm3/lib/libopencm3_stm32f4.a(nvic.o)
 .debug_abbrev  0x00000a80       0x74 ./libopencm3/lib/libopencm3_stm32f4.a(pwr.o)

.debug_loc      0x00000000      0xe40
 .debug_loc     0x00000000       0x7a regression.o
 .debug_loc     0x0000007a      0x372 ./libopencm3/lib/libopencm3_stm32f4.a(rcc.o)
 .debug_loc     0x000003ec       0x76 ./libopencm3/lib/libopencm3_stm32f4.a(gpio_common_all.o)
 .debug_loc     0x00000462      0x111 ./libopencm3/lib/libopencm3_stm32f4.a(gpio_common_f0234.o)
 .debug_loc     0x00000573      0x52e ./libopencm3/lib/libopencm3_stm32f4.a(timer_common_all.o)
 .debug_loc     0x00000aa1       0x3f ./libopencm3/lib/libopencm3_stm32f4.a(flash_common_f234.o)
 .debug_loc     0x00000ae0      0x129 ./libopencm3/lib/libopencm3_stm32f4.a(rcc_common_all.o)
 .debug_loc     0x00000c09       0xf5 ./libopencm3/lib/libopencm3_stm32f4.a(vector.o)
 .debug_loc     0x00000cfe      0x142 ./libopencm3/lib/libopencm3_stm32f4.a(nvic.o)

.debug_aranges  0x00000000      0x560
 .debug_aranges
                0x00000000       0x30 regression.o
 .debug_aranges
                0x00000030       0xd8 ./libopencm3/lib/libopencm3_stm32f4.a(rcc.o)
 .debug_aranges
                0x00000108       0x50 ./libopencm3/lib/libopencm3_stm32f4.a(gpio_common_all.o)
 .debug_aranges
                0x00000158       0x30 ./libopencm3/lib/libopencm3_stm32f4.a(gpio_common_f0234.o)
 .debug_aranges
                0x00000188      0x278 ./libopencm3/lib/libopencm3_stm32f4.a(timer_common_all.o)
 .debug_aranges
                0x00000400       0x50 ./libopencm3/lib/libopencm3_stm32f4.a(flash_common_f234.o)
 .debug_aranges
                0x00000450       0x60 ./libopencm3/lib/libopencm3_stm32f4.a(rcc_common_all.o)
 .debug_aranges
                0x000004b0       0x30 ./libopencm3/lib/libopencm3_stm32f4.a(vector.o)
 .debug_aranges
                0x000004e0       0x60 ./libopencm3/lib/libopencm3_stm32f4.a(nvic.o)
 .debug_aranges
                0x00000540       0x20 ./libopencm3/lib/libopencm3_stm32f4.a(pwr.o)

.debug_ranges   0x00000000      0x4d8
 .debug_ranges  0x00000000       0x20 regression.o
 .debug_ranges  0x00000020       0xc8 ./libopencm3/lib/libopencm3_stm32f4.a(rcc.o)
 .debug_ranges  0x000000e8       0x40 ./libopencm3/lib/libopencm3_stm32f4.a(gpio_common_all.o)
 .debug_ranges  0x00000128       0x20 ./libopencm3/lib/libopencm3_stm32f4.a(gpio_common_f0234.o)
 .debug_ranges  0x00000148      0x268 ./libopencm3/lib/libopencm3_stm32f4.a(timer_common_all.o)
 .debug_ranges  0x000003b0       0x40 ./libopencm3/lib/libopencm3_stm32f4.a(flash_common_f234.o)
 .debug_ranges  0x000003f0       0x50 ./libopencm3/lib/libopencm3_stm32f4.a(rcc_common_all.o)
 .debug_ranges  0x00000440       0x38 ./libopencm3/lib/libopencm3_stm32f4.a(vector.o)
 .debug_ranges  0x00000478       0x50 ./libopencm3/lib/libopencm3_stm32f4.a(nvic.o)
 .debug_ranges  0x000004c8       0x10 ./libopencm3/lib/libopencm3_stm32f4.a(pwr.o)

.debug_line     0x00000000     0x149c
 .debug_line    0x00000000      0x20a regression.o
 .debug_line    0x0000020a      0x346 ./libopencm3/lib/libopencm3_stm32f4.a(rcc.o)
 .debug_line    0x00000550      0x122 ./libopencm3/lib/libopencm3_stm32f4.a(gpio_common_all.o)
 .debug_line    0x00000672      0x100 ./libopencm3/lib/libopencm3_stm32f4.a(gpio_common_f0234.o)
 .debug_line    0x00000772      0x72e ./libopencm3/lib/libopencm3_stm32f4.a(timer_common_all.o)
 .debug_line    0x00000ea0      0x124 ./libopencm3/lib/libopencm3_stm32f4.a(flash_common_f234.o)
 .debug_line    0x00000fc4      0x167 ./libopencm3/lib/libopencm3_stm32f4.a(rcc_common_all.o)
 .debug_line    0x0000112b      0x16f ./libopencm3/lib/libopencm3_stm32f4.a(vector.o)
 .debug_line    0x0000129a      0x135 ./libopencm3/lib/libopencm3_stm32f4.a(nvic.o)
 .debug_line    0x000013cf       0xcd ./libopencm3/lib/libopencm3_stm32f4.a(pwr.o)

.debug_str      0x00000000     0x1da2
 .debug_str     0x00000000      0xa0e regression.o
                                0xa95 (size before relaxing)
 .debug_str     0x00000a0e      0x387 ./libopencm3/lib/libopencm3_stm32f4.a(rcc.o)
                                0x529 (size before relaxing)
 .debug_str     0x00000d95       0x75 ./libopencm3/lib/libopencm3_stm32f4.a(gpio_common_all.o)
                                0x247 (size before relaxing)
 .debug_str     0x00000e0a       0x6d ./libopencm3/lib/libopencm3_stm32f4.a(gpio_common_f0234.o)
                                0x269 (size before relaxing)
 .debug_str     0x00000e77      0xb54 ./libopencm3/lib/libopencm3_stm32f4.a(timer_common_all.o)
                                0xf3b (size before relaxing)
 .debug_str     0x000019cb       0x96 ./libopencm3/lib/libopencm3_stm32f4.a(flash_common_f234.o)
                                0x243 (size before relaxing)
 .debug_str     0x00001a61       0xcc ./libopencm3/lib/libopencm3_stm32f4.a(rcc_common_all.o)
                                0xa69 (size before relaxing)
 .debug_str     0x00001b2d      0x1ab ./libopencm3/lib/libopencm3_stm32f4.a(vector.o)
                                0x359 (size before relaxing)
 .debug_str     0x00001cd8       0xc4 ./libopencm3/lib/libopencm3_stm32f4.a(nvic.o)
                                0x29d (size before relaxing)
 .debug_str     0x00001d9c        0x6 ./libopencm3/lib/libopencm3_stm32f4.a(pwr.o)
                                0x1d2 (size before relaxing)

.comment        0x00000000       0x70
 .comment       0x00000000       0x70 regression.o
                                 0x71 (size before relaxing)
 .comment       0x00000000       0x71 ./libopencm3/lib/libopencm3_stm32f4.a(rcc.o)
 .comment       0x00000000       0x71 ./libopencm3/lib/libopencm3_stm32f4.a(gpio_common_all.o)
 .comment       0x00000000       0x71 ./libopencm3/lib/libopencm3_stm32f4.a(gpio_common_f0234.o)
 .comment       0x00000000       0x71 ./libopencm3/lib/libopencm3_stm32f4.a(timer_common_all.o)
 .comment       0x00000000       0x71 ./libopencm3/lib/libopencm3_stm32f4.a(flash_common_f234.o)
 .comment       0x00000000       0x71 ./libopencm3/lib/libopencm3_stm32f4.a(rcc_common_all.o)
 .comment       0x00000000       0x71 ./libopencm3/lib/libopencm3_stm32f4.a(vector.o)
 .comment       0x00000000       0x71 ./libopencm3/lib/libopencm3_stm32f4.a(nvic.o)
 .comment       0x00000000       0x71 ./libopencm3/lib/libopencm3_stm32f4.a(pwr.o)

.ARM.attributes
                0x00000000       0x39
 .ARM.attributes
                0x00000000       0x39 regression.o
 .ARM.attributes
                0x00000039       0x39 ./libopencm3/lib/libopencm3_stm32f4.a(rcc.o)
 .ARM.attributes
                0x00000072       0x39 ./libopencm3/lib/libopencm3_stm32f4.a(gpio_common_all.o)
 .ARM.attributes
                0x000000ab       0x39 ./libopencm3/lib/libopencm3_stm32f4.a(gpio_common_f0234.o)
 .ARM.attributes
                0x000000e4       0x39 ./libopencm3/lib/libopencm3_stm32f4.a(timer_common_all.o)
 .ARM.attributes
                0x0000011d       0x39 ./libopencm3/lib/libopencm3_stm32f4.a(flash_common_f234.o)
 .ARM.attributes
                0x00000156       0x39 ./libopencm3/lib/libopencm3_stm32f4.a(rcc_common_all.o)
 .ARM.attributes
                0x0000018f       0x39 ./libopencm3/lib/libopencm3_stm32f4.a(vector.o)
 .ARM.attributes
                0x000001c8       0x39 ./libopencm3/lib/libopencm3_stm32f4.a(nvic.o)
 .ARM.attributes
                0x00000201       0x39 ./libopencm3/lib/libopencm3_stm32f4.a(pwr.o)

.debug_frame    0x00000000      0x9dc
 .debug_frame   0x00000000       0x58 regression.o
 .debug_frame   0x00000058      0x1a0 ./libopencm3/lib/libopencm3_stm32f4.a(rcc.o)
 .debug_frame   0x000001f8       0x80 ./libopencm3/lib/libopencm3_stm32f4.a(gpio_common_all.o)
 .debug_frame   0x00000278       0x6c ./libopencm3/lib/libopencm3_stm32f4.a(gpio_common_f0234.o)
 .debug_frame   0x000002e4      0x4d8 ./libopencm3/lib/libopencm3_stm32f4.a(timer_common_all.o)
 .debug_frame   0x000007bc       0x80 ./libopencm3/lib/libopencm3_stm32f4.a(flash_common_f234.o)
 .debug_frame   0x0000083c       0xa0 ./libopencm3/lib/libopencm3_stm32f4.a(rcc_common_all.o)
 .debug_frame   0x000008dc       0x40 ./libopencm3/lib/libopencm3_stm32f4.a(vector.o)
 .debug_frame   0x0000091c       0xa0 ./libopencm3/lib/libopencm3_stm32f4.a(nvic.o)
 .debug_frame   0x000009bc       0x20 ./libopencm3/lib/libopencm3_stm32f4.a(pwr.o)
