Archive member included because of file (symbol)

./libopencm3/lib/libopencm3_stm32f4.a(rcc.o)
                              teaspoon.o (rcc_clock_setup_hse_3v3)
./libopencm3/lib/libopencm3_stm32f4.a(dma_common_f24.o)
                              teaspoon.o (dma_stream_reset)
./libopencm3/lib/libopencm3_stm32f4.a(gpio_common_all.o)
                              teaspoon.o (gpio_set)
./libopencm3/lib/libopencm3_stm32f4.a(gpio_common_f0234.o)
                              teaspoon.o (gpio_mode_setup)
./libopencm3/lib/libopencm3_stm32f4.a(timer_common_all.o)
                              teaspoon.o (timer_reset)
./libopencm3/lib/libopencm3_stm32f4.a(flash_common_f234.o)
                              ./libopencm3/lib/libopencm3_stm32f4.a(rcc.o) (flash_set_ws)
./libopencm3/lib/libopencm3_stm32f4.a(rcc_common_all.o)
                              teaspoon.o (rcc_periph_clock_enable)
./libopencm3/lib/libopencm3_stm32f4.a(usb.o)
                              teaspoon.o (usbd_init)
./libopencm3/lib/libopencm3_stm32f4.a(usb_standard.o)
                              teaspoon.o (usbd_register_set_config_callback)
./libopencm3/lib/libopencm3_stm32f4.a(usb_control.o)
                              teaspoon.o (usbd_register_control_callback)
./libopencm3/lib/libopencm3_stm32f4.a(usb_f107.o)
                              teaspoon.o (stm32f107_usb_driver)
./libopencm3/lib/libopencm3_stm32f4.a(vector.o)
                              (reset_handler)
./libopencm3/lib/libopencm3_stm32f4.a(nvic.o)
                              teaspoon.o (nvic_enable_irq)
./libopencm3/lib/libopencm3_stm32f4.a(assert.o)
                              ./libopencm3/lib/libopencm3_stm32f4.a(rcc.o) (cm3_assert_failed)
./libopencm3/lib/libopencm3_stm32f4.a(pwr.o)
                              ./libopencm3/lib/libopencm3_stm32f4.a(rcc.o) (pwr_set_vos_scale)
./libopencm3/lib/libopencm3_stm32f4.a(usb_fx07_common.o)
                              ./libopencm3/lib/libopencm3_stm32f4.a(usb_f107.o) (stm32fx07_set_address)
/opt/ARM/bin/../lib/gcc/arm-none-eabi/4.8.4/../../../../arm-none-eabi/lib/armv7e-m/fpu/libc.a(lib_a-memcpy.o)
                              ./libopencm3/lib/libopencm3_stm32f4.a(usb_standard.o) (memcpy)
/opt/ARM/bin/../lib/gcc/arm-none-eabi/4.8.4/../../../../arm-none-eabi/lib/armv7e-m/fpu/libc.a(lib_a-strlen.o)
                              ./libopencm3/lib/libopencm3_stm32f4.a(usb_standard.o) (strlen)

Discarded input sections

 .text          0x00000000        0x0 teaspoon.o
 .data          0x00000000        0x0 teaspoon.o
 .bss           0x00000000        0x0 teaspoon.o
 .text.gnd_nodes
                0x00000000       0x20 teaspoon.o
 .bss.send      0x00000000        0x1 teaspoon.o
 .data.message  0x00000000        0x1 teaspoon.o
 .bss.ready     0x00000000        0x1 teaspoon.o
 .bss.datuh     0x00000000     0x3e80 teaspoon.o
 .text          0x00000000        0x0 ./libopencm3/lib/libopencm3_stm32f4.a(rcc.o)
 .data          0x00000000        0x0 ./libopencm3/lib/libopencm3_stm32f4.a(rcc.o)
 .bss           0x00000000        0x0 ./libopencm3/lib/libopencm3_stm32f4.a(rcc.o)
 .text.rcc_osc_ready_int_clear
                0x00000000       0x48 ./libopencm3/lib/libopencm3_stm32f4.a(rcc.o)
 .text.rcc_osc_ready_int_enable
                0x00000000       0x48 ./libopencm3/lib/libopencm3_stm32f4.a(rcc.o)
 .text.rcc_osc_ready_int_disable
                0x00000000       0x48 ./libopencm3/lib/libopencm3_stm32f4.a(rcc.o)
 .text.rcc_osc_ready_int_flag
                0x00000000       0x44 ./libopencm3/lib/libopencm3_stm32f4.a(rcc.o)
 .text.rcc_css_int_clear
                0x00000000       0x10 ./libopencm3/lib/libopencm3_stm32f4.a(rcc.o)
 .text.rcc_css_int_flag
                0x00000000       0x10 ./libopencm3/lib/libopencm3_stm32f4.a(rcc.o)
 .text.rcc_css_enable
                0x00000000       0x10 ./libopencm3/lib/libopencm3_stm32f4.a(rcc.o)
 .text.rcc_css_disable
                0x00000000       0x10 ./libopencm3/lib/libopencm3_stm32f4.a(rcc.o)
 .text.rcc_osc_bypass_enable
                0x00000000       0x28 ./libopencm3/lib/libopencm3_stm32f4.a(rcc.o)
 .text.rcc_osc_bypass_disable
                0x00000000       0x28 ./libopencm3/lib/libopencm3_stm32f4.a(rcc.o)
 .text.rcc_set_pll_source
                0x00000000       0x14 ./libopencm3/lib/libopencm3_stm32f4.a(rcc.o)
 .text.rcc_set_rtcpre
                0x00000000       0x14 ./libopencm3/lib/libopencm3_stm32f4.a(rcc.o)
 .text.rcc_set_main_pll_hsi
                0x00000000       0x1c ./libopencm3/lib/libopencm3_stm32f4.a(rcc.o)
 .text.rcc_system_clock_source
                0x00000000       0x10 ./libopencm3/lib/libopencm3_stm32f4.a(rcc.o)
 .rodata.hse_16mhz_3v3
                0x00000000       0x48 ./libopencm3/lib/libopencm3_stm32f4.a(rcc.o)
 .rodata.hse_25mhz_3v3
                0x00000000       0x48 ./libopencm3/lib/libopencm3_stm32f4.a(rcc.o)
 .data.rcc_ahb_frequency
                0x00000000        0x4 ./libopencm3/lib/libopencm3_stm32f4.a(rcc.o)
 .rodata.hse_12mhz_3v3
                0x00000000       0x48 ./libopencm3/lib/libopencm3_stm32f4.a(rcc.o)
 .text          0x00000000        0x0 ./libopencm3/lib/libopencm3_stm32f4.a(dma_common_f24.o)
 .data          0x00000000        0x0 ./libopencm3/lib/libopencm3_stm32f4.a(dma_common_f24.o)
 .bss           0x00000000        0x0 ./libopencm3/lib/libopencm3_stm32f4.a(dma_common_f24.o)
 .text.dma_disable_memory_increment_mode
                0x00000000       0x12 ./libopencm3/lib/libopencm3_stm32f4.a(dma_common_f24.o)
 .text.dma_enable_peripheral_increment_mode
                0x00000000       0x16 ./libopencm3/lib/libopencm3_stm32f4.a(dma_common_f24.o)
 .text.dma_enable_fixed_peripheral_increment_mode
                0x00000000       0x12 ./libopencm3/lib/libopencm3_stm32f4.a(dma_common_f24.o)
 .text.dma_set_memory_burst
                0x00000000       0x14 ./libopencm3/lib/libopencm3_stm32f4.a(dma_common_f24.o)
 .text.dma_set_peripheral_burst
                0x00000000       0x14 ./libopencm3/lib/libopencm3_stm32f4.a(dma_common_f24.o)
 .text.dma_set_initial_target
                0x00000000       0x1a ./libopencm3/lib/libopencm3_stm32f4.a(dma_common_f24.o)
 .text.dma_get_target
                0x00000000       0x10 ./libopencm3/lib/libopencm3_stm32f4.a(dma_common_f24.o)
 .text.dma_enable_double_buffer_mode
                0x00000000       0x12 ./libopencm3/lib/libopencm3_stm32f4.a(dma_common_f24.o)
 .text.dma_disable_double_buffer_mode
                0x00000000       0x12 ./libopencm3/lib/libopencm3_stm32f4.a(dma_common_f24.o)
 .text.dma_set_peripheral_flow_control
                0x00000000       0x12 ./libopencm3/lib/libopencm3_stm32f4.a(dma_common_f24.o)
 .text.dma_set_dma_flow_control
                0x00000000       0x12 ./libopencm3/lib/libopencm3_stm32f4.a(dma_common_f24.o)
 .text.dma_enable_transfer_error_interrupt
                0x00000000       0x1e ./libopencm3/lib/libopencm3_stm32f4.a(dma_common_f24.o)
 .text.dma_disable_transfer_error_interrupt
                0x00000000       0x12 ./libopencm3/lib/libopencm3_stm32f4.a(dma_common_f24.o)
 .text.dma_enable_half_transfer_interrupt
                0x00000000       0x1e ./libopencm3/lib/libopencm3_stm32f4.a(dma_common_f24.o)
 .text.dma_disable_half_transfer_interrupt
                0x00000000       0x12 ./libopencm3/lib/libopencm3_stm32f4.a(dma_common_f24.o)
 .text.dma_disable_transfer_complete_interrupt
                0x00000000       0x12 ./libopencm3/lib/libopencm3_stm32f4.a(dma_common_f24.o)
 .text.dma_enable_direct_mode_error_interrupt
                0x00000000       0x1e ./libopencm3/lib/libopencm3_stm32f4.a(dma_common_f24.o)
 .text.dma_disable_direct_mode_error_interrupt
                0x00000000       0x12 ./libopencm3/lib/libopencm3_stm32f4.a(dma_common_f24.o)
 .text.dma_enable_fifo_error_interrupt
                0x00000000       0x1e ./libopencm3/lib/libopencm3_stm32f4.a(dma_common_f24.o)
 .text.dma_disable_fifo_error_interrupt
                0x00000000       0x12 ./libopencm3/lib/libopencm3_stm32f4.a(dma_common_f24.o)
 .text.dma_fifo_status
                0x00000000       0x10 ./libopencm3/lib/libopencm3_stm32f4.a(dma_common_f24.o)
 .text.dma_enable_fifo_mode
                0x00000000       0x12 ./libopencm3/lib/libopencm3_stm32f4.a(dma_common_f24.o)
 .text.dma_set_fifo_threshold
                0x00000000       0x14 ./libopencm3/lib/libopencm3_stm32f4.a(dma_common_f24.o)
 .text.dma_disable_stream
                0x00000000       0x12 ./libopencm3/lib/libopencm3_stm32f4.a(dma_common_f24.o)
 .text.dma_set_memory_address_1
                0x00000000       0x1a ./libopencm3/lib/libopencm3_stm32f4.a(dma_common_f24.o)
 .text          0x00000000        0x0 ./libopencm3/lib/libopencm3_stm32f4.a(gpio_common_all.o)
 .data          0x00000000        0x0 ./libopencm3/lib/libopencm3_stm32f4.a(gpio_common_all.o)
 .bss           0x00000000        0x0 ./libopencm3/lib/libopencm3_stm32f4.a(gpio_common_all.o)
 .text.gpio_get
                0x00000000        0x6 ./libopencm3/lib/libopencm3_stm32f4.a(gpio_common_all.o)
 .text.gpio_port_read
                0x00000000        0x6 ./libopencm3/lib/libopencm3_stm32f4.a(gpio_common_all.o)
 .text.gpio_port_write
                0x00000000        0x4 ./libopencm3/lib/libopencm3_stm32f4.a(gpio_common_all.o)
 .text.gpio_port_config_lock
                0x00000000       0x10 ./libopencm3/lib/libopencm3_stm32f4.a(gpio_common_all.o)
 .text          0x00000000        0x0 ./libopencm3/lib/libopencm3_stm32f4.a(gpio_common_f0234.o)
 .data          0x00000000        0x0 ./libopencm3/lib/libopencm3_stm32f4.a(gpio_common_f0234.o)
 .bss           0x00000000        0x0 ./libopencm3/lib/libopencm3_stm32f4.a(gpio_common_f0234.o)
 .text          0x00000000        0x0 ./libopencm3/lib/libopencm3_stm32f4.a(timer_common_all.o)
 .data          0x00000000        0x0 ./libopencm3/lib/libopencm3_stm32f4.a(timer_common_all.o)
 .bss           0x00000000        0x0 ./libopencm3/lib/libopencm3_stm32f4.a(timer_common_all.o)
 .text.timer_disable_irq
                0x00000000        0xa ./libopencm3/lib/libopencm3_stm32f4.a(timer_common_all.o)
 .text.timer_interrupt_source
                0x00000000       0x34 ./libopencm3/lib/libopencm3_stm32f4.a(timer_common_all.o)
 .text.timer_set_clock_division
                0x00000000       0x14 ./libopencm3/lib/libopencm3_stm32f4.a(timer_common_all.o)
 .text.timer_enable_preload
                0x00000000        0xa ./libopencm3/lib/libopencm3_stm32f4.a(timer_common_all.o)
 .text.timer_set_alignment
                0x00000000       0x14 ./libopencm3/lib/libopencm3_stm32f4.a(timer_common_all.o)
 .text.timer_direction_up
                0x00000000        0xa ./libopencm3/lib/libopencm3_stm32f4.a(timer_common_all.o)
 .text.timer_direction_down
                0x00000000        0xa ./libopencm3/lib/libopencm3_stm32f4.a(timer_common_all.o)
 .text.timer_one_shot_mode
                0x00000000        0xa ./libopencm3/lib/libopencm3_stm32f4.a(timer_common_all.o)
 .text.timer_update_on_any
                0x00000000        0xa ./libopencm3/lib/libopencm3_stm32f4.a(timer_common_all.o)
 .text.timer_update_on_overflow
                0x00000000        0xa ./libopencm3/lib/libopencm3_stm32f4.a(timer_common_all.o)
 .text.timer_enable_update_event
                0x00000000        0xa ./libopencm3/lib/libopencm3_stm32f4.a(timer_common_all.o)
 .text.timer_disable_update_event
                0x00000000        0xa ./libopencm3/lib/libopencm3_stm32f4.a(timer_common_all.o)
 .text.timer_set_output_idle_state
                0x00000000       0x1c ./libopencm3/lib/libopencm3_stm32f4.a(timer_common_all.o)
 .text.timer_reset_output_idle_state
                0x00000000       0x1c ./libopencm3/lib/libopencm3_stm32f4.a(timer_common_all.o)
 .text.timer_set_ti1_ch123_xor
                0x00000000        0xa ./libopencm3/lib/libopencm3_stm32f4.a(timer_common_all.o)
 .text.timer_set_ti1_ch1
                0x00000000        0xa ./libopencm3/lib/libopencm3_stm32f4.a(timer_common_all.o)
 .text.timer_set_dma_on_update_event
                0x00000000        0xa ./libopencm3/lib/libopencm3_stm32f4.a(timer_common_all.o)
 .text.timer_enable_compare_control_update_on_trigger
                0x00000000       0x18 ./libopencm3/lib/libopencm3_stm32f4.a(timer_common_all.o)
 .text.timer_disable_compare_control_update_on_trigger
                0x00000000       0x18 ./libopencm3/lib/libopencm3_stm32f4.a(timer_common_all.o)
 .text.timer_enable_preload_complementry_enable_bits
                0x00000000       0x18 ./libopencm3/lib/libopencm3_stm32f4.a(timer_common_all.o)
 .text.timer_disable_preload_complementry_enable_bits
                0x00000000       0x18 ./libopencm3/lib/libopencm3_stm32f4.a(timer_common_all.o)
 .text.timer_set_repetition_counter
                0x00000000       0x14 ./libopencm3/lib/libopencm3_stm32f4.a(timer_common_all.o)
 .text.timer_enable_oc_clear
                0x00000000       0x34 ./libopencm3/lib/libopencm3_stm32f4.a(timer_common_all.o)
 .text.timer_disable_oc_clear
                0x00000000       0x34 ./libopencm3/lib/libopencm3_stm32f4.a(timer_common_all.o)
 .text.timer_set_oc_slow_mode
                0x00000000       0x34 ./libopencm3/lib/libopencm3_stm32f4.a(timer_common_all.o)
 .text.timer_enable_oc_preload
                0x00000000       0x34 ./libopencm3/lib/libopencm3_stm32f4.a(timer_common_all.o)
 .text.timer_disable_oc_preload
                0x00000000       0x34 ./libopencm3/lib/libopencm3_stm32f4.a(timer_common_all.o)
 .text.timer_set_oc_polarity_high
                0x00000000       0x64 ./libopencm3/lib/libopencm3_stm32f4.a(timer_common_all.o)
 .text.timer_set_oc_polarity_low
                0x00000000       0x64 ./libopencm3/lib/libopencm3_stm32f4.a(timer_common_all.o)
 .text.timer_set_oc_idle_state_set
                0x00000000       0x58 ./libopencm3/lib/libopencm3_stm32f4.a(timer_common_all.o)
 .text.timer_set_oc_idle_state_unset
                0x00000000       0x58 ./libopencm3/lib/libopencm3_stm32f4.a(timer_common_all.o)
 .text.timer_disable_break_main_output
                0x00000000       0x18 ./libopencm3/lib/libopencm3_stm32f4.a(timer_common_all.o)
 .text.timer_enable_break_automatic_output
                0x00000000       0x18 ./libopencm3/lib/libopencm3_stm32f4.a(timer_common_all.o)
 .text.timer_disable_break_automatic_output
                0x00000000       0x18 ./libopencm3/lib/libopencm3_stm32f4.a(timer_common_all.o)
 .text.timer_set_break_polarity_high
                0x00000000       0x18 ./libopencm3/lib/libopencm3_stm32f4.a(timer_common_all.o)
 .text.timer_set_break_polarity_low
                0x00000000       0x18 ./libopencm3/lib/libopencm3_stm32f4.a(timer_common_all.o)
 .text.timer_enable_break
                0x00000000       0x18 ./libopencm3/lib/libopencm3_stm32f4.a(timer_common_all.o)
 .text.timer_disable_break
                0x00000000       0x18 ./libopencm3/lib/libopencm3_stm32f4.a(timer_common_all.o)
 .text.timer_set_enabled_off_state_in_run_mode
                0x00000000       0x18 ./libopencm3/lib/libopencm3_stm32f4.a(timer_common_all.o)
 .text.timer_set_disabled_off_state_in_run_mode
                0x00000000       0x18 ./libopencm3/lib/libopencm3_stm32f4.a(timer_common_all.o)
 .text.timer_set_enabled_off_state_in_idle_mode
                0x00000000       0x18 ./libopencm3/lib/libopencm3_stm32f4.a(timer_common_all.o)
 .text.timer_set_disabled_off_state_in_idle_mode
                0x00000000       0x18 ./libopencm3/lib/libopencm3_stm32f4.a(timer_common_all.o)
 .text.timer_set_break_lock
                0x00000000       0x18 ./libopencm3/lib/libopencm3_stm32f4.a(timer_common_all.o)
 .text.timer_set_deadtime
                0x00000000       0x18 ./libopencm3/lib/libopencm3_stm32f4.a(timer_common_all.o)
 .text.timer_generate_event
                0x00000000        0x8 ./libopencm3/lib/libopencm3_stm32f4.a(timer_common_all.o)
 .text.timer_get_counter
                0x00000000        0x4 ./libopencm3/lib/libopencm3_stm32f4.a(timer_common_all.o)
 .text.timer_set_counter
                0x00000000        0x4 ./libopencm3/lib/libopencm3_stm32f4.a(timer_common_all.o)
 .text.timer_ic_set_filter
                0x00000000       0x50 ./libopencm3/lib/libopencm3_stm32f4.a(timer_common_all.o)
 .text.timer_ic_set_prescaler
                0x00000000       0x50 ./libopencm3/lib/libopencm3_stm32f4.a(timer_common_all.o)
 .text.timer_ic_set_input
                0x00000000       0x62 ./libopencm3/lib/libopencm3_stm32f4.a(timer_common_all.o)
 .text.timer_ic_enable
                0x00000000       0x10 ./libopencm3/lib/libopencm3_stm32f4.a(timer_common_all.o)
 .text.timer_ic_disable
                0x00000000       0x12 ./libopencm3/lib/libopencm3_stm32f4.a(timer_common_all.o)
 .text.timer_slave_set_filter
                0x00000000       0x12 ./libopencm3/lib/libopencm3_stm32f4.a(timer_common_all.o)
 .text.timer_slave_set_prescaler
                0x00000000       0x12 ./libopencm3/lib/libopencm3_stm32f4.a(timer_common_all.o)
 .text.timer_slave_set_polarity
                0x00000000       0x12 ./libopencm3/lib/libopencm3_stm32f4.a(timer_common_all.o)
 .text.timer_slave_set_trigger
                0x00000000       0x10 ./libopencm3/lib/libopencm3_stm32f4.a(timer_common_all.o)
 .text          0x00000000        0x0 ./libopencm3/lib/libopencm3_stm32f4.a(flash_common_f234.o)
 .data          0x00000000        0x0 ./libopencm3/lib/libopencm3_stm32f4.a(flash_common_f234.o)
 .bss           0x00000000        0x0 ./libopencm3/lib/libopencm3_stm32f4.a(flash_common_f234.o)
 .text.flash_unlock
                0x00000000       0x24 ./libopencm3/lib/libopencm3_stm32f4.a(flash_common_f234.o)
 .text.flash_lock
                0x00000000       0x10 ./libopencm3/lib/libopencm3_stm32f4.a(flash_common_f234.o)
 .text.flash_clear_pgperr_flag
                0x00000000       0x10 ./libopencm3/lib/libopencm3_stm32f4.a(flash_common_f234.o)
 .text.flash_clear_eop_flag
                0x00000000       0x10 ./libopencm3/lib/libopencm3_stm32f4.a(flash_common_f234.o)
 .text.flash_clear_bsy_flag
                0x00000000       0x10 ./libopencm3/lib/libopencm3_stm32f4.a(flash_common_f234.o)
 .text.flash_wait_for_last_operation
                0x00000000       0x10 ./libopencm3/lib/libopencm3_stm32f4.a(flash_common_f234.o)
 .text          0x00000000        0x0 ./libopencm3/lib/libopencm3_stm32f4.a(rcc_common_all.o)
 .data          0x00000000        0x0 ./libopencm3/lib/libopencm3_stm32f4.a(rcc_common_all.o)
 .bss           0x00000000        0x0 ./libopencm3/lib/libopencm3_stm32f4.a(rcc_common_all.o)
 .text.rcc_peripheral_enable_clock
                0x00000000        0x8 ./libopencm3/lib/libopencm3_stm32f4.a(rcc_common_all.o)
 .text.rcc_peripheral_disable_clock
                0x00000000        0xa ./libopencm3/lib/libopencm3_stm32f4.a(rcc_common_all.o)
 .text.rcc_peripheral_reset
                0x00000000        0x8 ./libopencm3/lib/libopencm3_stm32f4.a(rcc_common_all.o)
 .text.rcc_peripheral_clear_reset
                0x00000000        0xa ./libopencm3/lib/libopencm3_stm32f4.a(rcc_common_all.o)
 .text.rcc_periph_clock_disable
                0x00000000       0x1e ./libopencm3/lib/libopencm3_stm32f4.a(rcc_common_all.o)
 .text.rcc_periph_reset_hold
                0x00000000       0x1c ./libopencm3/lib/libopencm3_stm32f4.a(rcc_common_all.o)
 .text.rcc_periph_reset_release
                0x00000000       0x1e ./libopencm3/lib/libopencm3_stm32f4.a(rcc_common_all.o)
 .text          0x00000000        0x0 ./libopencm3/lib/libopencm3_stm32f4.a(usb.o)
 .data          0x00000000        0x0 ./libopencm3/lib/libopencm3_stm32f4.a(usb.o)
 .bss           0x00000000        0x0 ./libopencm3/lib/libopencm3_stm32f4.a(usb.o)
 .text.usbd_register_reset_callback
                0x00000000        0x4 ./libopencm3/lib/libopencm3_stm32f4.a(usb.o)
 .text.usbd_register_suspend_callback
                0x00000000        0x4 ./libopencm3/lib/libopencm3_stm32f4.a(usb.o)
 .text.usbd_register_resume_callback
                0x00000000        0x4 ./libopencm3/lib/libopencm3_stm32f4.a(usb.o)
 .text.usbd_register_sof_callback
                0x00000000        0x4 ./libopencm3/lib/libopencm3_stm32f4.a(usb.o)
 .text.usbd_disconnect
                0x00000000        0xe ./libopencm3/lib/libopencm3_stm32f4.a(usb.o)
 .text.usbd_ep_nak_set
                0x00000000        0xc ./libopencm3/lib/libopencm3_stm32f4.a(usb.o)
 .text          0x00000000        0x0 ./libopencm3/lib/libopencm3_stm32f4.a(usb_standard.o)
 .data          0x00000000        0x0 ./libopencm3/lib/libopencm3_stm32f4.a(usb_standard.o)
 .bss           0x00000000        0x0 ./libopencm3/lib/libopencm3_stm32f4.a(usb_standard.o)
 .text          0x00000000        0x0 ./libopencm3/lib/libopencm3_stm32f4.a(usb_control.o)
 .data          0x00000000        0x0 ./libopencm3/lib/libopencm3_stm32f4.a(usb_control.o)
 .bss           0x00000000        0x0 ./libopencm3/lib/libopencm3_stm32f4.a(usb_control.o)
 .text          0x00000000        0x0 ./libopencm3/lib/libopencm3_stm32f4.a(usb_f107.o)
 .data          0x00000000        0x0 ./libopencm3/lib/libopencm3_stm32f4.a(usb_f107.o)
 .bss           0x00000000        0x0 ./libopencm3/lib/libopencm3_stm32f4.a(usb_f107.o)
 .text          0x00000000        0x0 ./libopencm3/lib/libopencm3_stm32f4.a(vector.o)
 .data          0x00000000        0x0 ./libopencm3/lib/libopencm3_stm32f4.a(vector.o)
 .bss           0x00000000        0x0 ./libopencm3/lib/libopencm3_stm32f4.a(vector.o)
 .text          0x00000000        0x0 ./libopencm3/lib/libopencm3_stm32f4.a(nvic.o)
 .data          0x00000000        0x0 ./libopencm3/lib/libopencm3_stm32f4.a(nvic.o)
 .bss           0x00000000        0x0 ./libopencm3/lib/libopencm3_stm32f4.a(nvic.o)
 .text.nvic_disable_irq
                0x00000000       0x1c ./libopencm3/lib/libopencm3_stm32f4.a(nvic.o)
 .text.nvic_get_pending_irq
                0x00000000       0x24 ./libopencm3/lib/libopencm3_stm32f4.a(nvic.o)
 .text.nvic_set_pending_irq
                0x00000000       0x1c ./libopencm3/lib/libopencm3_stm32f4.a(nvic.o)
 .text.nvic_clear_pending_irq
                0x00000000       0x1c ./libopencm3/lib/libopencm3_stm32f4.a(nvic.o)
 .text.nvic_get_irq_enabled
                0x00000000       0x24 ./libopencm3/lib/libopencm3_stm32f4.a(nvic.o)
 .text.nvic_set_priority
                0x00000000       0x20 ./libopencm3/lib/libopencm3_stm32f4.a(nvic.o)
 .text.nvic_get_active_irq
                0x00000000       0x24 ./libopencm3/lib/libopencm3_stm32f4.a(nvic.o)
 .text.nvic_generate_software_interrupt
                0x00000000       0x14 ./libopencm3/lib/libopencm3_stm32f4.a(nvic.o)
 .text          0x00000000        0x0 ./libopencm3/lib/libopencm3_stm32f4.a(assert.o)
 .data          0x00000000        0x0 ./libopencm3/lib/libopencm3_stm32f4.a(assert.o)
 .bss           0x00000000        0x0 ./libopencm3/lib/libopencm3_stm32f4.a(assert.o)
 .text.cm3_assert_failed
                0x00000000        0x2 ./libopencm3/lib/libopencm3_stm32f4.a(assert.o)
 .text.cm3_assert_failed_verbose
                0x00000000        0x6 ./libopencm3/lib/libopencm3_stm32f4.a(assert.o)
 .debug_info    0x00000000       0xea ./libopencm3/lib/libopencm3_stm32f4.a(assert.o)
 .debug_abbrev  0x00000000       0x86 ./libopencm3/lib/libopencm3_stm32f4.a(assert.o)
 .debug_loc     0x00000000       0x84 ./libopencm3/lib/libopencm3_stm32f4.a(assert.o)
 .debug_aranges
                0x00000000       0x28 ./libopencm3/lib/libopencm3_stm32f4.a(assert.o)
 .debug_ranges  0x00000000       0x18 ./libopencm3/lib/libopencm3_stm32f4.a(assert.o)
 .debug_line    0x00000000       0x53 ./libopencm3/lib/libopencm3_stm32f4.a(assert.o)
 .debug_str     0x00000000      0x1e5 ./libopencm3/lib/libopencm3_stm32f4.a(assert.o)
 .comment       0x00000000       0x71 ./libopencm3/lib/libopencm3_stm32f4.a(assert.o)
 .ARM.attributes
                0x00000000       0x39 ./libopencm3/lib/libopencm3_stm32f4.a(assert.o)
 .debug_frame   0x00000000       0x38 ./libopencm3/lib/libopencm3_stm32f4.a(assert.o)
 .text          0x00000000        0x0 ./libopencm3/lib/libopencm3_stm32f4.a(pwr.o)
 .data          0x00000000        0x0 ./libopencm3/lib/libopencm3_stm32f4.a(pwr.o)
 .bss           0x00000000        0x0 ./libopencm3/lib/libopencm3_stm32f4.a(pwr.o)
 .text          0x00000000        0x0 ./libopencm3/lib/libopencm3_stm32f4.a(usb_fx07_common.o)
 .data          0x00000000        0x0 ./libopencm3/lib/libopencm3_stm32f4.a(usb_fx07_common.o)
 .bss           0x00000000        0x0 ./libopencm3/lib/libopencm3_stm32f4.a(usb_fx07_common.o)
 .data          0x00000000        0x0 /opt/ARM/bin/../lib/gcc/arm-none-eabi/4.8.4/../../../../arm-none-eabi/lib/armv7e-m/fpu/libc.a(lib_a-memcpy.o)
 .bss           0x00000000        0x0 /opt/ARM/bin/../lib/gcc/arm-none-eabi/4.8.4/../../../../arm-none-eabi/lib/armv7e-m/fpu/libc.a(lib_a-memcpy.o)
 .text          0x00000000        0x0 /opt/ARM/bin/../lib/gcc/arm-none-eabi/4.8.4/../../../../arm-none-eabi/lib/armv7e-m/fpu/libc.a(lib_a-strlen.o)
 .data          0x00000000        0x0 /opt/ARM/bin/../lib/gcc/arm-none-eabi/4.8.4/../../../../arm-none-eabi/lib/armv7e-m/fpu/libc.a(lib_a-strlen.o)
 .bss           0x00000000        0x0 /opt/ARM/bin/../lib/gcc/arm-none-eabi/4.8.4/../../../../arm-none-eabi/lib/armv7e-m/fpu/libc.a(lib_a-strlen.o)

Memory Configuration

Name             Origin             Length             Attributes
rom              0x08000000         0x00100000         xr
ram              0x20000000         0x00020000         xrw
*default*        0x00000000         0xffffffff

Linker script and memory map

LOAD teaspoon.o
LOAD ./libopencm3/lib/libopencm3_stm32f4.a
START GROUP
LOAD /opt/ARM/bin/../lib/gcc/arm-none-eabi/4.8.4/../../../../arm-none-eabi/lib/armv7e-m/fpu/libc.a
LOAD /opt/ARM/bin/../lib/gcc/arm-none-eabi/4.8.4/armv7e-m/fpu/libgcc.a
LOAD /opt/ARM/bin/../lib/gcc/arm-none-eabi/4.8.4/../../../../arm-none-eabi/lib/armv7e-m/fpu/libnosys.a
END GROUP
START GROUP
LOAD /opt/ARM/bin/../lib/gcc/arm-none-eabi/4.8.4/armv7e-m/fpu/libgcc.a
LOAD /opt/ARM/bin/../lib/gcc/arm-none-eabi/4.8.4/../../../../arm-none-eabi/lib/armv7e-m/fpu/libc.a
END GROUP

.text           0x08000000     0x2100
 *(.vectors)
 .vectors       0x08000000      0x1ac ./libopencm3/lib/libopencm3_stm32f4.a(vector.o)
                0x08000000                vector_table
 *(.text*)
 .text.cdcacm_control_request
                0x080001ac       0x1c teaspoon.o
 .text.cdcacm_data_tx_cb
                0x080001c8        0x2 teaspoon.o
 *fill*         0x080001ca        0x2 
 .text.cdcacm_set_config
                0x080001cc       0x50 teaspoon.o
 .text.cdcacm_data_rx_cb
                0x0800021c       0x4c teaspoon.o
 .text.tim1_up_tim10_isr
                0x08000268       0x2c teaspoon.o
                0x08000268                tim1_up_tim10_isr
 .text.tim1_cc_isr
                0x08000294       0x2c teaspoon.o
                0x08000294                tim1_cc_isr
 .text.tim2_isr
                0x080002c0       0x4c teaspoon.o
                0x080002c0                tim2_isr
 .text.tim3_isr
                0x0800030c       0x64 teaspoon.o
                0x0800030c                tim3_isr
 .text.dma2_stream1_isr
                0x08000370       0xac teaspoon.o
                0x08000370                dma2_stream1_isr
 .text.startup.main
                0x0800041c      0x3cc teaspoon.o
                0x0800041c                main
 .text.rcc_wait_for_osc_ready
                0x080007e8       0x4c ./libopencm3/lib/libopencm3_stm32f4.a(rcc.o)
                0x080007e8                rcc_wait_for_osc_ready
 .text.rcc_wait_for_sysclk_status
                0x08000834       0x38 ./libopencm3/lib/libopencm3_stm32f4.a(rcc.o)
                0x08000834                rcc_wait_for_sysclk_status
 .text.rcc_osc_on
                0x0800086c       0x44 ./libopencm3/lib/libopencm3_stm32f4.a(rcc.o)
                0x0800086c                rcc_osc_on
 .text.rcc_osc_off
                0x080008b0       0x44 ./libopencm3/lib/libopencm3_stm32f4.a(rcc.o)
                0x080008b0                rcc_osc_off
 .text.rcc_set_sysclk_source
                0x080008f4       0x14 ./libopencm3/lib/libopencm3_stm32f4.a(rcc.o)
                0x080008f4                rcc_set_sysclk_source
 .text.rcc_set_ppre2
                0x08000908       0x14 ./libopencm3/lib/libopencm3_stm32f4.a(rcc.o)
                0x08000908                rcc_set_ppre2
 .text.rcc_set_ppre1
                0x0800091c       0x14 ./libopencm3/lib/libopencm3_stm32f4.a(rcc.o)
                0x0800091c                rcc_set_ppre1
 .text.rcc_set_hpre
                0x08000930       0x14 ./libopencm3/lib/libopencm3_stm32f4.a(rcc.o)
                0x08000930                rcc_set_hpre
 .text.rcc_set_main_pll_hse
                0x08000944       0x20 ./libopencm3/lib/libopencm3_stm32f4.a(rcc.o)
                0x08000944                rcc_set_main_pll_hse
 .text.rcc_clock_setup_hse_3v3
                0x08000964       0x90 ./libopencm3/lib/libopencm3_stm32f4.a(rcc.o)
                0x08000964                rcc_clock_setup_hse_3v3
 .text.dma_stream_reset
                0x080009f4       0x4c ./libopencm3/lib/libopencm3_stm32f4.a(dma_common_f24.o)
                0x080009f4                dma_stream_reset
 .text.dma_clear_interrupt_flags
                0x08000a40       0x1e ./libopencm3/lib/libopencm3_stm32f4.a(dma_common_f24.o)
                0x08000a40                dma_clear_interrupt_flags
 .text.dma_get_interrupt_flag
                0x08000a5e       0x28 ./libopencm3/lib/libopencm3_stm32f4.a(dma_common_f24.o)
                0x08000a5e                dma_get_interrupt_flag
 .text.dma_set_transfer_mode
                0x08000a86       0x20 ./libopencm3/lib/libopencm3_stm32f4.a(dma_common_f24.o)
                0x08000a86                dma_set_transfer_mode
 .text.dma_set_priority
                0x08000aa6       0x18 ./libopencm3/lib/libopencm3_stm32f4.a(dma_common_f24.o)
                0x08000aa6                dma_set_priority
 .text.dma_set_memory_size
                0x08000abe       0x18 ./libopencm3/lib/libopencm3_stm32f4.a(dma_common_f24.o)
                0x08000abe                dma_set_memory_size
 .text.dma_set_peripheral_size
                0x08000ad6       0x18 ./libopencm3/lib/libopencm3_stm32f4.a(dma_common_f24.o)
                0x08000ad6                dma_set_peripheral_size
 .text.dma_enable_memory_increment_mode
                0x08000aee       0x12 ./libopencm3/lib/libopencm3_stm32f4.a(dma_common_f24.o)
                0x08000aee                dma_enable_memory_increment_mode
 .text.dma_disable_peripheral_increment_mode
                0x08000b00       0x12 ./libopencm3/lib/libopencm3_stm32f4.a(dma_common_f24.o)
                0x08000b00                dma_disable_peripheral_increment_mode
 .text.dma_enable_circular_mode
                0x08000b12       0x12 ./libopencm3/lib/libopencm3_stm32f4.a(dma_common_f24.o)
                0x08000b12                dma_enable_circular_mode
 .text.dma_channel_select
                0x08000b24       0x10 ./libopencm3/lib/libopencm3_stm32f4.a(dma_common_f24.o)
                0x08000b24                dma_channel_select
 .text.dma_enable_transfer_complete_interrupt
                0x08000b34       0x1e ./libopencm3/lib/libopencm3_stm32f4.a(dma_common_f24.o)
                0x08000b34                dma_enable_transfer_complete_interrupt
 .text.dma_enable_direct_mode
                0x08000b52       0x12 ./libopencm3/lib/libopencm3_stm32f4.a(dma_common_f24.o)
                0x08000b52                dma_enable_direct_mode
 .text.dma_enable_stream
                0x08000b64       0x12 ./libopencm3/lib/libopencm3_stm32f4.a(dma_common_f24.o)
                0x08000b64                dma_enable_stream
 .text.dma_set_peripheral_address
                0x08000b76       0x10 ./libopencm3/lib/libopencm3_stm32f4.a(dma_common_f24.o)
                0x08000b76                dma_set_peripheral_address
 .text.dma_set_memory_address
                0x08000b86       0x1a ./libopencm3/lib/libopencm3_stm32f4.a(dma_common_f24.o)
                0x08000b86                dma_set_memory_address
 .text.dma_set_number_of_data
                0x08000ba0        0xc ./libopencm3/lib/libopencm3_stm32f4.a(dma_common_f24.o)
                0x08000ba0                dma_set_number_of_data
 .text.gpio_set
                0x08000bac        0x4 ./libopencm3/lib/libopencm3_stm32f4.a(gpio_common_all.o)
                0x08000bac                gpio_set
 .text.gpio_clear
                0x08000bb0        0x6 ./libopencm3/lib/libopencm3_stm32f4.a(gpio_common_all.o)
                0x08000bb0                gpio_clear
 .text.gpio_toggle
                0x08000bb6       0x10 ./libopencm3/lib/libopencm3_stm32f4.a(gpio_common_all.o)
                0x08000bb6                gpio_toggle
 .text.gpio_mode_setup
                0x08000bc6       0x44 ./libopencm3/lib/libopencm3_stm32f4.a(gpio_common_f0234.o)
                0x08000bc6                gpio_mode_setup
 .text.gpio_set_output_options
                0x08000c0a       0x34 ./libopencm3/lib/libopencm3_stm32f4.a(gpio_common_f0234.o)
                0x08000c0a                gpio_set_output_options
 .text.gpio_set_af
                0x08000c3e       0x50 ./libopencm3/lib/libopencm3_stm32f4.a(gpio_common_f0234.o)
                0x08000c3e                gpio_set_af
 *fill*         0x08000c8e        0x2 
 .text.timer_reset
                0x08000c90       0x80 ./libopencm3/lib/libopencm3_stm32f4.a(timer_common_all.o)
                0x08000c90                timer_reset
 .text.timer_enable_irq
                0x08000d10        0x8 ./libopencm3/lib/libopencm3_stm32f4.a(timer_common_all.o)
                0x08000d10                timer_enable_irq
 .text.timer_get_flag
                0x08000d18        0xc ./libopencm3/lib/libopencm3_stm32f4.a(timer_common_all.o)
                0x08000d18                timer_get_flag
 .text.timer_clear_flag
                0x08000d24        0xa ./libopencm3/lib/libopencm3_stm32f4.a(timer_common_all.o)
                0x08000d24                timer_clear_flag
 .text.timer_set_mode
                0x08000d2e       0x12 ./libopencm3/lib/libopencm3_stm32f4.a(timer_common_all.o)
                0x08000d2e                timer_set_mode
 .text.timer_disable_preload
                0x08000d40        0xa ./libopencm3/lib/libopencm3_stm32f4.a(timer_common_all.o)
                0x08000d40                timer_disable_preload
 .text.timer_continuous_mode
                0x08000d4a        0xa ./libopencm3/lib/libopencm3_stm32f4.a(timer_common_all.o)
                0x08000d4a                timer_continuous_mode
 .text.timer_enable_counter
                0x08000d54        0xa ./libopencm3/lib/libopencm3_stm32f4.a(timer_common_all.o)
                0x08000d54                timer_enable_counter
 .text.timer_disable_counter
                0x08000d5e        0xa ./libopencm3/lib/libopencm3_stm32f4.a(timer_common_all.o)
                0x08000d5e                timer_disable_counter
 .text.timer_set_master_mode
                0x08000d68       0x10 ./libopencm3/lib/libopencm3_stm32f4.a(timer_common_all.o)
                0x08000d68                timer_set_master_mode
 .text.timer_set_dma_on_compare_event
                0x08000d78        0xa ./libopencm3/lib/libopencm3_stm32f4.a(timer_common_all.o)
                0x08000d78                timer_set_dma_on_compare_event
 .text.timer_set_prescaler
                0x08000d82        0x4 ./libopencm3/lib/libopencm3_stm32f4.a(timer_common_all.o)
                0x08000d82                timer_set_prescaler
 .text.timer_set_period
                0x08000d86        0x4 ./libopencm3/lib/libopencm3_stm32f4.a(timer_common_all.o)
                0x08000d86                timer_set_period
 .text.timer_set_oc_fast_mode
                0x08000d8a       0x34 ./libopencm3/lib/libopencm3_stm32f4.a(timer_common_all.o)
                0x08000d8a                timer_set_oc_fast_mode
 .text.timer_set_oc_mode
                0x08000dbe      0x198 ./libopencm3/lib/libopencm3_stm32f4.a(timer_common_all.o)
                0x08000dbe                timer_set_oc_mode
 *fill*         0x08000f56        0x2 
 .text.timer_enable_oc_output
                0x08000f58       0x64 ./libopencm3/lib/libopencm3_stm32f4.a(timer_common_all.o)
                0x08000f58                timer_enable_oc_output
 .text.timer_disable_oc_output
                0x08000fbc       0x64 ./libopencm3/lib/libopencm3_stm32f4.a(timer_common_all.o)
                0x08000fbc                timer_disable_oc_output
 .text.timer_set_oc_value
                0x08001020       0x20 ./libopencm3/lib/libopencm3_stm32f4.a(timer_common_all.o)
                0x08001020                timer_set_oc_value
 .text.timer_enable_break_main_output
                0x08001040       0x18 ./libopencm3/lib/libopencm3_stm32f4.a(timer_common_all.o)
                0x08001040                timer_enable_break_main_output
 .text.timer_slave_set_mode
                0x08001058       0x10 ./libopencm3/lib/libopencm3_stm32f4.a(timer_common_all.o)
                0x08001058                timer_slave_set_mode
 .text.flash_set_ws
                0x08001068       0x14 ./libopencm3/lib/libopencm3_stm32f4.a(flash_common_f234.o)
                0x08001068                flash_set_ws
 .text.rcc_periph_clock_enable
                0x0800107c       0x1c ./libopencm3/lib/libopencm3_stm32f4.a(rcc_common_all.o)
                0x0800107c                rcc_periph_clock_enable
 .text.rcc_periph_reset_pulse
                0x08001098       0x24 ./libopencm3/lib/libopencm3_stm32f4.a(rcc_common_all.o)
                0x08001098                rcc_periph_reset_pulse
 .text.usbd_init
                0x080010bc       0x54 ./libopencm3/lib/libopencm3_stm32f4.a(usb.o)
                0x080010bc                usbd_init
 .text.usbd_poll
                0x08001110        0xc ./libopencm3/lib/libopencm3_stm32f4.a(usb.o)
                0x08001110                usbd_poll
 .text.usbd_ep_setup
                0x0800111c       0x12 ./libopencm3/lib/libopencm3_stm32f4.a(usb.o)
                0x0800111c                usbd_ep_setup
 .text._usbd_reset
                0x0800112e       0x2c ./libopencm3/lib/libopencm3_stm32f4.a(usb.o)
                0x0800112e                _usbd_reset
 .text.usbd_ep_write_packet
                0x0800115a        0xc ./libopencm3/lib/libopencm3_stm32f4.a(usb.o)
                0x0800115a                usbd_ep_write_packet
 .text.usbd_ep_read_packet
                0x08001166        0xc ./libopencm3/lib/libopencm3_stm32f4.a(usb.o)
                0x08001166                usbd_ep_read_packet
 .text.usbd_ep_stall_set
                0x08001172        0xc ./libopencm3/lib/libopencm3_stm32f4.a(usb.o)
                0x08001172                usbd_ep_stall_set
 .text.usbd_ep_stall_get
                0x0800117e        0xc ./libopencm3/lib/libopencm3_stm32f4.a(usb.o)
                0x0800117e                usbd_ep_stall_get
 .text.usb_standard_get_configuration
                0x0800118a       0x14 ./libopencm3/lib/libopencm3_stm32f4.a(usb_standard.o)
 .text.usb_standard_set_interface
                0x0800119e        0xe ./libopencm3/lib/libopencm3_stm32f4.a(usb_standard.o)
 .text.usb_standard_get_interface
                0x080011ac        0xc ./libopencm3/lib/libopencm3_stm32f4.a(usb_standard.o)
 .text.usb_standard_device_get_status
                0x080011b8       0x18 ./libopencm3/lib/libopencm3_stm32f4.a(usb_standard.o)
 .text.usb_standard_interface_get_status
                0x080011d0       0x18 ./libopencm3/lib/libopencm3_stm32f4.a(usb_standard.o)
 .text.usb_standard_endpoint_get_status
                0x080011e8       0x2a ./libopencm3/lib/libopencm3_stm32f4.a(usb_standard.o)
 .text.usb_standard_endpoint_stall
                0x08001212       0x10 ./libopencm3/lib/libopencm3_stm32f4.a(usb_standard.o)
 .text.usb_standard_endpoint_unstall
                0x08001222       0x10 ./libopencm3/lib/libopencm3_stm32f4.a(usb_standard.o)
 .text.usb_standard_set_address
                0x08001232       0x28 ./libopencm3/lib/libopencm3_stm32f4.a(usb_standard.o)
 .text.usb_standard_set_configuration
                0x0800125a       0x44 ./libopencm3/lib/libopencm3_stm32f4.a(usb_standard.o)
 .text.usb_standard_get_descriptor
                0x0800129e      0x26a ./libopencm3/lib/libopencm3_stm32f4.a(usb_standard.o)
 .text.usbd_register_set_config_callback
                0x08001508       0x24 ./libopencm3/lib/libopencm3_stm32f4.a(usb_standard.o)
                0x08001508                usbd_register_set_config_callback
 .text._usbd_standard_request_device
                0x0800152c       0x20 ./libopencm3/lib/libopencm3_stm32f4.a(usb_standard.o)
                0x0800152c                _usbd_standard_request_device
 .text._usbd_standard_request_interface
                0x0800154c       0x20 ./libopencm3/lib/libopencm3_stm32f4.a(usb_standard.o)
                0x0800154c                _usbd_standard_request_interface
 .text._usbd_standard_request_endpoint
                0x0800156c       0x38 ./libopencm3/lib/libopencm3_stm32f4.a(usb_standard.o)
                0x0800156c                _usbd_standard_request_endpoint
 .text._usbd_standard_request
                0x080015a4       0x34 ./libopencm3/lib/libopencm3_stm32f4.a(usb_standard.o)
                0x080015a4                _usbd_standard_request
 .text.stall_transaction
                0x080015d8       0x14 ./libopencm3/lib/libopencm3_stm32f4.a(usb_control.o)
 .text.usb_control_recv_chunk
                0x080015ec       0x3a ./libopencm3/lib/libopencm3_stm32f4.a(usb_control.o)
 .text.usb_control_send_chunk
                0x08001626       0x46 ./libopencm3/lib/libopencm3_stm32f4.a(usb_control.o)
 .text.usb_control_request_dispatch
                0x0800166c       0x62 ./libopencm3/lib/libopencm3_stm32f4.a(usb_control.o)
 .text.usb_control_setup_read
                0x080016ce       0x40 ./libopencm3/lib/libopencm3_stm32f4.a(usb_control.o)
 .text.usbd_register_control_callback
                0x0800170e       0x26 ./libopencm3/lib/libopencm3_stm32f4.a(usb_control.o)
                0x0800170e                usbd_register_control_callback
 .text._usbd_control_setup
                0x08001734       0x5a ./libopencm3/lib/libopencm3_stm32f4.a(usb_control.o)
                0x08001734                _usbd_control_setup
 .text._usbd_control_out
                0x0800178e       0x86 ./libopencm3/lib/libopencm3_stm32f4.a(usb_control.o)
                0x0800178e                _usbd_control_out
 .text._usbd_control_in
                0x08001814       0x56 ./libopencm3/lib/libopencm3_stm32f4.a(usb_control.o)
                0x08001814                _usbd_control_in
 *fill*         0x0800186a        0x2 
 .text.stm32f107_usbd_init
                0x0800186c       0x98 ./libopencm3/lib/libopencm3_stm32f4.a(usb_f107.o)
 .text.blocking_handler
                0x08001904        0x2 ./libopencm3/lib/libopencm3_stm32f4.a(vector.o)
                0x08001904                tim8_brk_tim12_isr
                0x08001904                dma1_stream7_isr
                0x08001904                usart3_isr
                0x08001904                tim7_isr
                0x08001904                dma2d_isr
                0x08001904                uart8_isr
                0x08001904                dma1_stream2_isr
                0x08001904                otg_hs_isr
                0x08001904                blocking_handler
                0x08001904                tim5_isr
                0x08001904                rtc_wkup_isr
                0x08001904                otg_fs_isr
                0x08001904                spi1_isr
                0x08001904                i2c3_er_isr
                0x08001904                exti2_isr
                0x08001904                spi5_isr
                0x08001904                usb_fs_wkup_isr
                0x08001904                tamp_stamp_isr
                0x08001904                can1_rx1_isr
                0x08001904                dma2_stream0_isr
                0x08001904                usart1_isr
                0x08001904                i2c3_ev_isr
                0x08001904                usage_fault_handler
                0x08001904                can2_rx0_isr
                0x08001904                dma1_stream6_isr
                0x08001904                can2_rx1_isr
                0x08001904                can1_sce_isr
                0x08001904                can1_tx_isr
                0x08001904                sdio_isr
                0x08001904                eth_isr
                0x08001904                spi6_isr
                0x08001904                dma2_stream5_isr
                0x08001904                pvd_isr
                0x08001904                can1_rx0_isr
                0x08001904                rcc_isr
                0x08001904                dma2_stream3_isr
                0x08001904                flash_isr
                0x08001904                uart4_isr
                0x08001904                lcd_tft_isr
                0x08001904                rtc_alarm_isr
                0x08001904                exti15_10_isr
                0x08001904                hash_rng_isr
                0x08001904                tim1_trg_com_tim11_isr
                0x08001904                hard_fault_handler
                0x08001904                exti1_isr
                0x08001904                i2c1_ev_isr
                0x08001904                usart6_isr
                0x08001904                spi2_isr
                0x08001904                cryp_isr
                0x08001904                nvic_wwdg_isr
                0x08001904                dma1_stream1_isr
                0x08001904                dma2_stream4_isr
                0x08001904                exti3_isr
                0x08001904                usart2_isr
                0x08001904                sai1_isr
                0x08001904                fpu_isr
                0x08001904                dma1_stream4_isr
                0x08001904                i2c2_er_isr
                0x08001904                i2c2_ev_isr
                0x08001904                uart5_isr
                0x08001904                dma2_stream6_isr
                0x08001904                spi4_isr
                0x08001904                adc_isr
                0x08001904                dma2_stream7_isr
                0x08001904                tim8_up_tim13_isr
                0x08001904                fsmc_isr
                0x08001904                exti4_isr
                0x08001904                tim6_dac_isr
                0x08001904                dma1_stream3_isr
                0x08001904                tim8_trg_com_tim14_isr
                0x08001904                mem_manage_handler
                0x08001904                lcd_tft_err_isr
                0x08001904                can2_tx_isr
                0x08001904                exti9_5_isr
                0x08001904                tim1_brk_tim9_isr
                0x08001904                uart7_isr
                0x08001904                can2_sce_isr
                0x08001904                tim4_isr
                0x08001904                otg_hs_wkup_isr
                0x08001904                i2c1_er_isr
                0x08001904                dma1_stream0_isr
                0x08001904                tim8_cc_isr
                0x08001904                dcmi_isr
                0x08001904                dma2_stream2_isr
                0x08001904                eth_wkup_isr
                0x08001904                bus_fault_handler
                0x08001904                otg_hs_ep1_out_isr
                0x08001904                spi3_isr
                0x08001904                dma1_stream5_isr
                0x08001904                otg_hs_ep1_in_isr
                0x08001904                exti0_isr
 .text.null_handler
                0x08001906        0x2 ./libopencm3/lib/libopencm3_stm32f4.a(vector.o)
                0x08001906                null_handler
                0x08001906                sv_call_handler
                0x08001906                pend_sv_handler
                0x08001906                debug_monitor_handler
                0x08001906                sys_tick_handler
                0x08001906                nmi_handler
 .text.reset_handler
                0x08001908       0x90 ./libopencm3/lib/libopencm3_stm32f4.a(vector.o)
                0x08001908                reset_handler
 .text.nvic_enable_irq
                0x08001998       0x1c ./libopencm3/lib/libopencm3_stm32f4.a(nvic.o)
                0x08001998                nvic_enable_irq
 .text.pwr_set_vos_scale
                0x080019b4       0x20 ./libopencm3/lib/libopencm3_stm32f4.a(pwr.o)
                0x080019b4                pwr_set_vos_scale
 .text.stm32fx07_set_address
                0x080019d4       0x18 ./libopencm3/lib/libopencm3_stm32f4.a(usb_fx07_common.o)
                0x080019d4                stm32fx07_set_address
 .text.stm32fx07_ep_setup
                0x080019ec      0x136 ./libopencm3/lib/libopencm3_stm32f4.a(usb_fx07_common.o)
                0x080019ec                stm32fx07_ep_setup
 .text.stm32fx07_endpoints_reset
                0x08001b22        0xa ./libopencm3/lib/libopencm3_stm32f4.a(usb_fx07_common.o)
                0x08001b22                stm32fx07_endpoints_reset
 .text.stm32fx07_ep_stall_set
                0x08001b2c       0x4e ./libopencm3/lib/libopencm3_stm32f4.a(usb_fx07_common.o)
                0x08001b2c                stm32fx07_ep_stall_set
 .text.stm32fx07_ep_stall_get
                0x08001b7a       0x1e ./libopencm3/lib/libopencm3_stm32f4.a(usb_fx07_common.o)
                0x08001b7a                stm32fx07_ep_stall_get
 .text.stm32fx07_ep_nak_set
                0x08001b98       0x28 ./libopencm3/lib/libopencm3_stm32f4.a(usb_fx07_common.o)
                0x08001b98                stm32fx07_ep_nak_set
 .text.stm32fx07_ep_write_packet
                0x08001bc0       0x58 ./libopencm3/lib/libopencm3_stm32f4.a(usb_fx07_common.o)
                0x08001bc0                stm32fx07_ep_write_packet
 .text.stm32fx07_ep_read_packet
                0x08001c18       0x8c ./libopencm3/lib/libopencm3_stm32f4.a(usb_fx07_common.o)
                0x08001c18                stm32fx07_ep_read_packet
 .text.stm32fx07_poll
                0x08001ca4      0x106 ./libopencm3/lib/libopencm3_stm32f4.a(usb_fx07_common.o)
                0x08001ca4                stm32fx07_poll
 .text.stm32fx07_disconnect
                0x08001daa       0x1c ./libopencm3/lib/libopencm3_stm32f4.a(usb_fx07_common.o)
                0x08001daa                stm32fx07_disconnect
 *fill*         0x08001dc6        0x2 
 .text          0x08001dc8      0x134 /opt/ARM/bin/../lib/gcc/arm-none-eabi/4.8.4/../../../../arm-none-eabi/lib/armv7e-m/fpu/libc.a(lib_a-memcpy.o)
                0x08001dc8                memcpy
 .text.strlen   0x08001efc       0x60 /opt/ARM/bin/../lib/gcc/arm-none-eabi/4.8.4/../../../../arm-none-eabi/lib/armv7e-m/fpu/libc.a(lib_a-strlen.o)
                0x08001efc                strlen
                0x08001f5c                . = ALIGN (0x4)
 *(.rodata*)
 .rodata.dev    0x08001f5c       0x12 teaspoon.o
 .rodata.data_endp
                0x08001f6e       0x1e teaspoon.o
 .rodata.comm_endp
                0x08001f8c        0xf teaspoon.o
 .rodata.data_iface
                0x08001f9b       0x15 teaspoon.o
 .rodata.config
                0x08001fb0        0xd teaspoon.o
 .rodata.comm_iface
                0x08001fbd       0x15 teaspoon.o
 .rodata.str1.1
                0x08001fd2       0x2c teaspoon.o
 *fill*         0x08001ffe        0x2 
 .rodata.ifaces
                0x08002000       0x18 teaspoon.o
 .rodata.cdcacm_functional_descriptors
                0x08002018       0x13 teaspoon.o
 *fill*         0x0800202b        0x1 
 .rodata.hse_8mhz_3v3
                0x0800202c       0x48 ./libopencm3/lib/libopencm3_stm32f4.a(rcc.o)
                0x0800202c                hse_8mhz_3v3
 .rodata.CSWTCH.22
                0x08002074       0x28 ./libopencm3/lib/libopencm3_stm32f4.a(usb_standard.o)
 .rodata.CSWTCH.24
                0x0800209c       0x30 ./libopencm3/lib/libopencm3_stm32f4.a(usb_standard.o)
 .rodata.stm32f107_usb_driver
                0x080020cc       0x34 ./libopencm3/lib/libopencm3_stm32f4.a(usb_f107.o)
                0x080020cc                stm32f107_usb_driver
                0x08002100                . = ALIGN (0x4)

.glue_7         0x08002100        0x0
 .glue_7        0x00000000        0x0 linker stubs

.glue_7t        0x08002100        0x0
 .glue_7t       0x00000000        0x0 linker stubs

.vfp11_veneer   0x08002100        0x0
 .vfp11_veneer  0x00000000        0x0 linker stubs

.v4_bx          0x08002100        0x0
 .v4_bx         0x00000000        0x0 linker stubs

.iplt           0x08002100        0x0
 .iplt          0x00000000        0x0 teaspoon.o

.rel.dyn        0x08002100        0x0
 .rel.iplt      0x00000000        0x0 teaspoon.o

.preinit_array  0x08002100        0x0
                0x08002100                . = ALIGN (0x4)
                0x08002100                __preinit_array_start = .
 *(.preinit_array)
                0x08002100                __preinit_array_end = .

.init_array     0x08002100        0x0
                0x08002100                . = ALIGN (0x4)
                0x08002100                __init_array_start = .
 *(SORT(.init_array.*))
 *(.init_array)
                0x08002100                __init_array_end = .

.fini_array     0x08002100        0x0
                0x08002100                . = ALIGN (0x4)
                0x08002100                __fini_array_start = .
 *(.fini_array)
 *(SORT(.fini_array.*))
                0x08002100                __fini_array_end = .

.ARM.extab
 *(.ARM.extab*)

.ARM.exidx      0x08002100        0x0
                0x08002100                __exidx_start = .
 *(.ARM.exidx*)
                0x08002100                __exidx_end = .
                0x08002100                . = ALIGN (0x4)
                0x08002100                _etext = .

.data           0x20000000       0x14 load address 0x08002100
                0x20000000                _data = .
 *(.data*)
 .data.usb_strings
                0x20000000        0xc teaspoon.o
 .data.rcc_apb1_frequency
                0x2000000c        0x4 ./libopencm3/lib/libopencm3_stm32f4.a(rcc.o)
                0x2000000c                rcc_apb1_frequency
 .data.rcc_apb2_frequency
                0x20000010        0x4 ./libopencm3/lib/libopencm3_stm32f4.a(rcc.o)
                0x20000010                rcc_apb2_frequency
                0x20000014                . = ALIGN (0x4)
                0x20000014                _edata = .
                0x08002100                _data_loadaddr = LOADADDR (.data)

.igot.plt       0x20000014        0x0 load address 0x08002114
 .igot.plt      0x00000000        0x0 teaspoon.o

.bss            0x20000014     0x43e0 load address 0x08002114
 *(.bss*)
 .bss.datas     0x20000014     0x3e80 teaspoon.o
 .bss.usbd_control_buffer
                0x20003e94       0x80 teaspoon.o
                0x20003e94                usbd_control_buffer
 .bss.usb_device
                0x20003f14        0x4 teaspoon.o
 .bss.rearranged
                0x20003f18      0x3e8 teaspoon.o
 .bss.usbd_dev  0x20004300       0xf4 ./libopencm3/lib/libopencm3_stm32f4.a(usb_f107.o)
 *(COMMON)
                0x200043f4                . = ALIGN (0x4)
                0x200043f4                _ebss = .

/DISCARD/
 *(.eh_frame)
                0x200043f4                . = ALIGN (0x4)
                0x200043f4                end = .
                0x20020000                PROVIDE (_stack, (ORIGIN (ram) + 0x20000))
OUTPUT(teaspoon.elf elf32-littlearm)

.debug_info     0x00000000     0xa04d
 .debug_info    0x00000000     0x23ca teaspoon.o
 .debug_info    0x000023ca      0x7ef ./libopencm3/lib/libopencm3_stm32f4.a(rcc.o)
 .debug_info    0x00002bb9      0xba8 ./libopencm3/lib/libopencm3_stm32f4.a(dma_common_f24.o)
 .debug_info    0x00003761      0x228 ./libopencm3/lib/libopencm3_stm32f4.a(gpio_common_all.o)
 .debug_info    0x00003989      0x1e7 ./libopencm3/lib/libopencm3_stm32f4.a(gpio_common_f0234.o)
 .debug_info    0x00003b70     0x11d1 ./libopencm3/lib/libopencm3_stm32f4.a(timer_common_all.o)
 .debug_info    0x00004d41      0x11b ./libopencm3/lib/libopencm3_stm32f4.a(flash_common_f234.o)
 .debug_info    0x00004e5c      0x7a3 ./libopencm3/lib/libopencm3_stm32f4.a(rcc_common_all.o)
 .debug_info    0x000055ff      0xd43 ./libopencm3/lib/libopencm3_stm32f4.a(usb.o)
 .debug_info    0x00006342     0x13c9 ./libopencm3/lib/libopencm3_stm32f4.a(usb_standard.o)
 .debug_info    0x0000770b      0xe43 ./libopencm3/lib/libopencm3_stm32f4.a(usb_control.o)
 .debug_info    0x0000854e      0x8de ./libopencm3/lib/libopencm3_stm32f4.a(usb_f107.o)
 .debug_info    0x00008e2c      0x2af ./libopencm3/lib/libopencm3_stm32f4.a(vector.o)
 .debug_info    0x000090db      0x210 ./libopencm3/lib/libopencm3_stm32f4.a(nvic.o)
 .debug_info    0x000092eb       0xc1 ./libopencm3/lib/libopencm3_stm32f4.a(pwr.o)
 .debug_info    0x000093ac      0xca1 ./libopencm3/lib/libopencm3_stm32f4.a(usb_fx07_common.o)

.debug_abbrev   0x00000000     0x1974
 .debug_abbrev  0x00000000      0x328 teaspoon.o
 .debug_abbrev  0x00000328      0x286 ./libopencm3/lib/libopencm3_stm32f4.a(rcc.o)
 .debug_abbrev  0x000005ae      0x186 ./libopencm3/lib/libopencm3_stm32f4.a(dma_common_f24.o)
 .debug_abbrev  0x00000734      0x10b ./libopencm3/lib/libopencm3_stm32f4.a(gpio_common_all.o)
 .debug_abbrev  0x0000083f       0xb4 ./libopencm3/lib/libopencm3_stm32f4.a(gpio_common_f0234.o)
 .debug_abbrev  0x000008f3      0x159 ./libopencm3/lib/libopencm3_stm32f4.a(timer_common_all.o)
 .debug_abbrev  0x00000a4c       0x87 ./libopencm3/lib/libopencm3_stm32f4.a(flash_common_f234.o)
 .debug_abbrev  0x00000ad3       0xbe ./libopencm3/lib/libopencm3_stm32f4.a(rcc_common_all.o)
 .debug_abbrev  0x00000b91      0x1df ./libopencm3/lib/libopencm3_stm32f4.a(usb.o)
 .debug_abbrev  0x00000d70      0x363 ./libopencm3/lib/libopencm3_stm32f4.a(usb_standard.o)
 .debug_abbrev  0x000010d3      0x300 ./libopencm3/lib/libopencm3_stm32f4.a(usb_control.o)
 .debug_abbrev  0x000013d3      0x10b ./libopencm3/lib/libopencm3_stm32f4.a(usb_f107.o)
 .debug_abbrev  0x000014de      0x137 ./libopencm3/lib/libopencm3_stm32f4.a(vector.o)
 .debug_abbrev  0x00001615       0xa3 ./libopencm3/lib/libopencm3_stm32f4.a(nvic.o)
 .debug_abbrev  0x000016b8       0x74 ./libopencm3/lib/libopencm3_stm32f4.a(pwr.o)
 .debug_abbrev  0x0000172c      0x248 ./libopencm3/lib/libopencm3_stm32f4.a(usb_fx07_common.o)

.debug_loc      0x00000000     0x3c55
 .debug_loc     0x00000000      0x22c teaspoon.o
 .debug_loc     0x0000022c      0x372 ./libopencm3/lib/libopencm3_stm32f4.a(rcc.o)
 .debug_loc     0x0000059e      0xc5d ./libopencm3/lib/libopencm3_stm32f4.a(dma_common_f24.o)
 .debug_loc     0x000011fb       0x76 ./libopencm3/lib/libopencm3_stm32f4.a(gpio_common_all.o)
 .debug_loc     0x00001271      0x111 ./libopencm3/lib/libopencm3_stm32f4.a(gpio_common_f0234.o)
 .debug_loc     0x00001382      0x52e ./libopencm3/lib/libopencm3_stm32f4.a(timer_common_all.o)
 .debug_loc     0x000018b0       0x3f ./libopencm3/lib/libopencm3_stm32f4.a(flash_common_f234.o)
 .debug_loc     0x000018ef      0x129 ./libopencm3/lib/libopencm3_stm32f4.a(rcc_common_all.o)
 .debug_loc     0x00001a18      0x462 ./libopencm3/lib/libopencm3_stm32f4.a(usb.o)
 .debug_loc     0x00001e7a      0xffa ./libopencm3/lib/libopencm3_stm32f4.a(usb_standard.o)
 .debug_loc     0x00002e74      0x53d ./libopencm3/lib/libopencm3_stm32f4.a(usb_control.o)
 .debug_loc     0x000033b1       0xf5 ./libopencm3/lib/libopencm3_stm32f4.a(vector.o)
 .debug_loc     0x000034a6      0x142 ./libopencm3/lib/libopencm3_stm32f4.a(nvic.o)
 .debug_loc     0x000035e8      0x66d ./libopencm3/lib/libopencm3_stm32f4.a(usb_fx07_common.o)

.debug_aranges  0x00000000      0x910
 .debug_aranges
                0x00000000       0x70 teaspoon.o
 .debug_aranges
                0x00000070       0xd8 ./libopencm3/lib/libopencm3_stm32f4.a(rcc.o)
 .debug_aranges
                0x00000148      0x168 ./libopencm3/lib/libopencm3_stm32f4.a(dma_common_f24.o)
 .debug_aranges
                0x000002b0       0x50 ./libopencm3/lib/libopencm3_stm32f4.a(gpio_common_all.o)
 .debug_aranges
                0x00000300       0x30 ./libopencm3/lib/libopencm3_stm32f4.a(gpio_common_f0234.o)
 .debug_aranges
                0x00000330      0x278 ./libopencm3/lib/libopencm3_stm32f4.a(timer_common_all.o)
 .debug_aranges
                0x000005a8       0x50 ./libopencm3/lib/libopencm3_stm32f4.a(flash_common_f234.o)
 .debug_aranges
                0x000005f8       0x60 ./libopencm3/lib/libopencm3_stm32f4.a(rcc_common_all.o)
 .debug_aranges
                0x00000658       0x88 ./libopencm3/lib/libopencm3_stm32f4.a(usb.o)
 .debug_aranges
                0x000006e0       0x98 ./libopencm3/lib/libopencm3_stm32f4.a(usb_standard.o)
 .debug_aranges
                0x00000778       0x60 ./libopencm3/lib/libopencm3_stm32f4.a(usb_control.o)
 .debug_aranges
                0x000007d8       0x20 ./libopencm3/lib/libopencm3_stm32f4.a(usb_f107.o)
 .debug_aranges
                0x000007f8       0x30 ./libopencm3/lib/libopencm3_stm32f4.a(vector.o)
 .debug_aranges
                0x00000828       0x60 ./libopencm3/lib/libopencm3_stm32f4.a(nvic.o)
 .debug_aranges
                0x00000888       0x20 ./libopencm3/lib/libopencm3_stm32f4.a(pwr.o)
 .debug_aranges
                0x000008a8       0x68 ./libopencm3/lib/libopencm3_stm32f4.a(usb_fx07_common.o)

.debug_ranges   0x00000000      0x868
 .debug_ranges  0x00000000       0x60 teaspoon.o
 .debug_ranges  0x00000060       0xc8 ./libopencm3/lib/libopencm3_stm32f4.a(rcc.o)
 .debug_ranges  0x00000128      0x158 ./libopencm3/lib/libopencm3_stm32f4.a(dma_common_f24.o)
 .debug_ranges  0x00000280       0x40 ./libopencm3/lib/libopencm3_stm32f4.a(gpio_common_all.o)
 .debug_ranges  0x000002c0       0x20 ./libopencm3/lib/libopencm3_stm32f4.a(gpio_common_f0234.o)
 .debug_ranges  0x000002e0      0x268 ./libopencm3/lib/libopencm3_stm32f4.a(timer_common_all.o)
 .debug_ranges  0x00000548       0x40 ./libopencm3/lib/libopencm3_stm32f4.a(flash_common_f234.o)
 .debug_ranges  0x00000588       0x50 ./libopencm3/lib/libopencm3_stm32f4.a(rcc_common_all.o)
 .debug_ranges  0x000005d8       0x78 ./libopencm3/lib/libopencm3_stm32f4.a(usb.o)
 .debug_ranges  0x00000650       0xc8 ./libopencm3/lib/libopencm3_stm32f4.a(usb_standard.o)
 .debug_ranges  0x00000718       0x50 ./libopencm3/lib/libopencm3_stm32f4.a(usb_control.o)
 .debug_ranges  0x00000768       0x10 ./libopencm3/lib/libopencm3_stm32f4.a(usb_f107.o)
 .debug_ranges  0x00000778       0x38 ./libopencm3/lib/libopencm3_stm32f4.a(vector.o)
 .debug_ranges  0x000007b0       0x50 ./libopencm3/lib/libopencm3_stm32f4.a(nvic.o)
 .debug_ranges  0x00000800       0x10 ./libopencm3/lib/libopencm3_stm32f4.a(pwr.o)
 .debug_ranges  0x00000810       0x58 ./libopencm3/lib/libopencm3_stm32f4.a(usb_fx07_common.o)

.debug_line     0x00000000     0x248f
 .debug_line    0x00000000      0x36b teaspoon.o
 .debug_line    0x0000036b      0x346 ./libopencm3/lib/libopencm3_stm32f4.a(rcc.o)
 .debug_line    0x000006b1      0x3c2 ./libopencm3/lib/libopencm3_stm32f4.a(dma_common_f24.o)
 .debug_line    0x00000a73      0x122 ./libopencm3/lib/libopencm3_stm32f4.a(gpio_common_all.o)
 .debug_line    0x00000b95      0x100 ./libopencm3/lib/libopencm3_stm32f4.a(gpio_common_f0234.o)
 .debug_line    0x00000c95      0x72e ./libopencm3/lib/libopencm3_stm32f4.a(timer_common_all.o)
 .debug_line    0x000013c3      0x124 ./libopencm3/lib/libopencm3_stm32f4.a(flash_common_f234.o)
 .debug_line    0x000014e7      0x167 ./libopencm3/lib/libopencm3_stm32f4.a(rcc_common_all.o)
 .debug_line    0x0000164e      0x1ea ./libopencm3/lib/libopencm3_stm32f4.a(usb.o)
 .debug_line    0x00001838      0x350 ./libopencm3/lib/libopencm3_stm32f4.a(usb_standard.o)
 .debug_line    0x00001b88      0x210 ./libopencm3/lib/libopencm3_stm32f4.a(usb_control.o)
 .debug_line    0x00001d98      0x110 ./libopencm3/lib/libopencm3_stm32f4.a(usb_f107.o)
 .debug_line    0x00001ea8      0x16f ./libopencm3/lib/libopencm3_stm32f4.a(vector.o)
 .debug_line    0x00002017      0x135 ./libopencm3/lib/libopencm3_stm32f4.a(nvic.o)
 .debug_line    0x0000214c       0xcd ./libopencm3/lib/libopencm3_stm32f4.a(pwr.o)
 .debug_line    0x00002219      0x276 ./libopencm3/lib/libopencm3_stm32f4.a(usb_fx07_common.o)

.debug_str      0x00000000     0x308b
 .debug_str     0x00000000     0x1221 teaspoon.o
                               0x12fb (size before relaxing)
 .debug_str     0x00001221      0x387 ./libopencm3/lib/libopencm3_stm32f4.a(rcc.o)
                                0x529 (size before relaxing)
 .debug_str     0x000015a8      0x340 ./libopencm3/lib/libopencm3_stm32f4.a(dma_common_f24.o)
                                0x6f6 (size before relaxing)
 .debug_str     0x000018e8       0x69 ./libopencm3/lib/libopencm3_stm32f4.a(gpio_common_all.o)
                                0x247 (size before relaxing)
 .debug_str     0x00001951       0x61 ./libopencm3/lib/libopencm3_stm32f4.a(gpio_common_f0234.o)
                                0x269 (size before relaxing)
 .debug_str     0x000019b2      0xaca ./libopencm3/lib/libopencm3_stm32f4.a(timer_common_all.o)
                                0xf3b (size before relaxing)
 .debug_str     0x0000247c       0x96 ./libopencm3/lib/libopencm3_stm32f4.a(flash_common_f234.o)
                                0x243 (size before relaxing)
 .debug_str     0x00002512       0xcc ./libopencm3/lib/libopencm3_stm32f4.a(rcc_common_all.o)
                                0xa69 (size before relaxing)
 .debug_str     0x000025de      0x31e ./libopencm3/lib/libopencm3_stm32f4.a(usb.o)
                                0x95d (size before relaxing)
 .debug_str     0x000028fc      0x2f1 ./libopencm3/lib/libopencm3_stm32f4.a(usb_standard.o)
                                0xae8 (size before relaxing)
 .debug_str     0x00002bed       0xed ./libopencm3/lib/libopencm3_stm32f4.a(usb_control.o)
                                0x94f (size before relaxing)
 .debug_str     0x00002cda       0x29 ./libopencm3/lib/libopencm3_stm32f4.a(usb_f107.o)
                                0x7ce (size before relaxing)
 .debug_str     0x00002d03      0x1a5 ./libopencm3/lib/libopencm3_stm32f4.a(vector.o)
                                0x359 (size before relaxing)
 .debug_str     0x00002ea8       0xc4 ./libopencm3/lib/libopencm3_stm32f4.a(nvic.o)
                                0x29d (size before relaxing)
 .debug_str     0x00002f6c        0x6 ./libopencm3/lib/libopencm3_stm32f4.a(pwr.o)
                                0x1d2 (size before relaxing)
 .debug_str     0x00002f72      0x119 ./libopencm3/lib/libopencm3_stm32f4.a(usb_fx07_common.o)
                                0x935 (size before relaxing)

.comment        0x00000000       0x70
 .comment       0x00000000       0x70 teaspoon.o
                                 0x71 (size before relaxing)
 .comment       0x00000000       0x71 ./libopencm3/lib/libopencm3_stm32f4.a(rcc.o)
 .comment       0x00000000       0x71 ./libopencm3/lib/libopencm3_stm32f4.a(dma_common_f24.o)
 .comment       0x00000000       0x71 ./libopencm3/lib/libopencm3_stm32f4.a(gpio_common_all.o)
 .comment       0x00000000       0x71 ./libopencm3/lib/libopencm3_stm32f4.a(gpio_common_f0234.o)
 .comment       0x00000000       0x71 ./libopencm3/lib/libopencm3_stm32f4.a(timer_common_all.o)
 .comment       0x00000000       0x71 ./libopencm3/lib/libopencm3_stm32f4.a(flash_common_f234.o)
 .comment       0x00000000       0x71 ./libopencm3/lib/libopencm3_stm32f4.a(rcc_common_all.o)
 .comment       0x00000000       0x71 ./libopencm3/lib/libopencm3_stm32f4.a(usb.o)
 .comment       0x00000000       0x71 ./libopencm3/lib/libopencm3_stm32f4.a(usb_standard.o)
 .comment       0x00000000       0x71 ./libopencm3/lib/libopencm3_stm32f4.a(usb_control.o)
 .comment       0x00000000       0x71 ./libopencm3/lib/libopencm3_stm32f4.a(usb_f107.o)
 .comment       0x00000000       0x71 ./libopencm3/lib/libopencm3_stm32f4.a(vector.o)
 .comment       0x00000000       0x71 ./libopencm3/lib/libopencm3_stm32f4.a(nvic.o)
 .comment       0x00000000       0x71 ./libopencm3/lib/libopencm3_stm32f4.a(pwr.o)
 .comment       0x00000000       0x71 ./libopencm3/lib/libopencm3_stm32f4.a(usb_fx07_common.o)

.ARM.attributes
                0x00000000       0x37
 .ARM.attributes
                0x00000000       0x39 teaspoon.o
 .ARM.attributes
                0x00000039       0x39 ./libopencm3/lib/libopencm3_stm32f4.a(rcc.o)
 .ARM.attributes
                0x00000072       0x39 ./libopencm3/lib/libopencm3_stm32f4.a(dma_common_f24.o)
 .ARM.attributes
                0x000000ab       0x39 ./libopencm3/lib/libopencm3_stm32f4.a(gpio_common_all.o)
 .ARM.attributes
                0x000000e4       0x39 ./libopencm3/lib/libopencm3_stm32f4.a(gpio_common_f0234.o)
 .ARM.attributes
                0x0000011d       0x39 ./libopencm3/lib/libopencm3_stm32f4.a(timer_common_all.o)
 .ARM.attributes
                0x00000156       0x39 ./libopencm3/lib/libopencm3_stm32f4.a(flash_common_f234.o)
 .ARM.attributes
                0x0000018f       0x39 ./libopencm3/lib/libopencm3_stm32f4.a(rcc_common_all.o)
 .ARM.attributes
                0x000001c8       0x39 ./libopencm3/lib/libopencm3_stm32f4.a(usb.o)
 .ARM.attributes
                0x00000201       0x39 ./libopencm3/lib/libopencm3_stm32f4.a(usb_standard.o)
 .ARM.attributes
                0x0000023a       0x39 ./libopencm3/lib/libopencm3_stm32f4.a(usb_control.o)
 .ARM.attributes
                0x00000273       0x39 ./libopencm3/lib/libopencm3_stm32f4.a(usb_f107.o)
 .ARM.attributes
                0x000002ac       0x39 ./libopencm3/lib/libopencm3_stm32f4.a(vector.o)
 .ARM.attributes
                0x000002e5       0x39 ./libopencm3/lib/libopencm3_stm32f4.a(nvic.o)
 .ARM.attributes
                0x0000031e       0x39 ./libopencm3/lib/libopencm3_stm32f4.a(pwr.o)
 .ARM.attributes
                0x00000357       0x39 ./libopencm3/lib/libopencm3_stm32f4.a(usb_fx07_common.o)
 .ARM.attributes
                0x00000390       0x20 /opt/ARM/bin/../lib/gcc/arm-none-eabi/4.8.4/../../../../arm-none-eabi/lib/armv7e-m/fpu/libc.a(lib_a-memcpy.o)
 .ARM.attributes
                0x000003b0       0x34 /opt/ARM/bin/../lib/gcc/arm-none-eabi/4.8.4/../../../../arm-none-eabi/lib/armv7e-m/fpu/libc.a(lib_a-strlen.o)

.debug_frame    0x00000000     0x12c4
 .debug_frame   0x00000000      0x118 teaspoon.o
 .debug_frame   0x00000118      0x1a0 ./libopencm3/lib/libopencm3_stm32f4.a(rcc.o)
 .debug_frame   0x000002b8      0x30c ./libopencm3/lib/libopencm3_stm32f4.a(dma_common_f24.o)
 .debug_frame   0x000005c4       0x80 ./libopencm3/lib/libopencm3_stm32f4.a(gpio_common_all.o)
 .debug_frame   0x00000644       0x6c ./libopencm3/lib/libopencm3_stm32f4.a(gpio_common_f0234.o)
 .debug_frame   0x000006b0      0x4d8 ./libopencm3/lib/libopencm3_stm32f4.a(timer_common_all.o)
 .debug_frame   0x00000b88       0x80 ./libopencm3/lib/libopencm3_stm32f4.a(flash_common_f234.o)
 .debug_frame   0x00000c08       0xa0 ./libopencm3/lib/libopencm3_stm32f4.a(rcc_common_all.o)
 .debug_frame   0x00000ca8      0x158 ./libopencm3/lib/libopencm3_stm32f4.a(usb.o)
 .debug_frame   0x00000e00      0x184 ./libopencm3/lib/libopencm3_stm32f4.a(usb_standard.o)
 .debug_frame   0x00000f84      0x104 ./libopencm3/lib/libopencm3_stm32f4.a(usb_control.o)
 .debug_frame   0x00001088       0x20 ./libopencm3/lib/libopencm3_stm32f4.a(usb_f107.o)
 .debug_frame   0x000010a8       0x40 ./libopencm3/lib/libopencm3_stm32f4.a(vector.o)
 .debug_frame   0x000010e8       0xa0 ./libopencm3/lib/libopencm3_stm32f4.a(nvic.o)
 .debug_frame   0x00001188       0x20 ./libopencm3/lib/libopencm3_stm32f4.a(pwr.o)
 .debug_frame   0x000011a8       0xfc ./libopencm3/lib/libopencm3_stm32f4.a(usb_fx07_common.o)
 .debug_frame   0x000012a4       0x20 /opt/ARM/bin/../lib/gcc/arm-none-eabi/4.8.4/../../../../arm-none-eabi/lib/armv7e-m/fpu/libc.a(lib_a-strlen.o)
