Archive member included because of file (symbol)

./libopencm3/lib/libopencm3_stm32f4.a(rcc.o)
                              butter.o (rcc_clock_setup_hse_3v3)
./libopencm3/lib/libopencm3_stm32f4.a(dma_common_f24.o)
                              butter.o (dma_stream_reset)
./libopencm3/lib/libopencm3_stm32f4.a(gpio_common_all.o)
                              butter.o (gpio_set)
./libopencm3/lib/libopencm3_stm32f4.a(gpio_common_f0234.o)
                              butter.o (gpio_mode_setup)
./libopencm3/lib/libopencm3_stm32f4.a(timer_common_all.o)
                              butter.o (timer_reset)
./libopencm3/lib/libopencm3_stm32f4.a(flash_common_f234.o)
                              ./libopencm3/lib/libopencm3_stm32f4.a(rcc.o) (flash_set_ws)
./libopencm3/lib/libopencm3_stm32f4.a(rcc_common_all.o)
                              butter.o (rcc_periph_clock_enable)
./libopencm3/lib/libopencm3_stm32f4.a(usb.o)
                              butter.o (usbd_init)
./libopencm3/lib/libopencm3_stm32f4.a(usb_standard.o)
                              butter.o (usbd_register_set_config_callback)
./libopencm3/lib/libopencm3_stm32f4.a(usb_control.o)
                              butter.o (usbd_register_control_callback)
./libopencm3/lib/libopencm3_stm32f4.a(usb_f107.o)
                              butter.o (stm32f107_usb_driver)
./libopencm3/lib/libopencm3_stm32f4.a(vector.o)
                              (reset_handler)
./libopencm3/lib/libopencm3_stm32f4.a(nvic.o)
                              butter.o (nvic_enable_irq)
./libopencm3/lib/libopencm3_stm32f4.a(assert.o)
                              ./libopencm3/lib/libopencm3_stm32f4.a(rcc.o) (cm3_assert_failed)
./libopencm3/lib/libopencm3_stm32f4.a(pwr.o)
                              ./libopencm3/lib/libopencm3_stm32f4.a(rcc.o) (pwr_set_vos_scale)
./libopencm3/lib/libopencm3_stm32f4.a(usb_fx07_common.o)
                              ./libopencm3/lib/libopencm3_stm32f4.a(usb_f107.o) (stm32fx07_set_address)
/opt/ARM/bin/../lib/gcc/arm-none-eabi/4.8.4/../../../../arm-none-eabi/lib/armv7e-m/fpu/libc.a(lib_a-memcpy.o)
                              ./libopencm3/lib/libopencm3_stm32f4.a(usb_standard.o) (memcpy)
/opt/ARM/bin/../lib/gcc/arm-none-eabi/4.8.4/../../../../arm-none-eabi/lib/armv7e-m/fpu/libc.a(lib_a-strlen.o)
                              ./libopencm3/lib/libopencm3_stm32f4.a(usb_standard.o) (strlen)

Discarded input sections

 .text          0x00000000        0x0 butter.o
 .data          0x00000000        0x0 butter.o
 .bss           0x00000000        0x0 butter.o
 .bss.send      0x00000000        0x1 butter.o
 .data.message  0x00000000        0x1 butter.o
 .bss.ready     0x00000000        0x1 butter.o
 .bss.datuh     0x00000000     0x3e80 butter.o
 .text          0x00000000        0x0 ./libopencm3/lib/libopencm3_stm32f4.a(rcc.o)
 .data          0x00000000        0x0 ./libopencm3/lib/libopencm3_stm32f4.a(rcc.o)
 .bss           0x00000000        0x0 ./libopencm3/lib/libopencm3_stm32f4.a(rcc.o)
 .text.rcc_osc_ready_int_clear
                0x00000000       0x48 ./libopencm3/lib/libopencm3_stm32f4.a(rcc.o)
 .text.rcc_osc_ready_int_enable
                0x00000000       0x48 ./libopencm3/lib/libopencm3_stm32f4.a(rcc.o)
 .text.rcc_osc_ready_int_disable
                0x00000000       0x48 ./libopencm3/lib/libopencm3_stm32f4.a(rcc.o)
 .text.rcc_osc_ready_int_flag
                0x00000000       0x44 ./libopencm3/lib/libopencm3_stm32f4.a(rcc.o)
 .text.rcc_css_int_clear
                0x00000000       0x10 ./libopencm3/lib/libopencm3_stm32f4.a(rcc.o)
 .text.rcc_css_int_flag
                0x00000000       0x10 ./libopencm3/lib/libopencm3_stm32f4.a(rcc.o)
 .text.rcc_css_enable
                0x00000000       0x10 ./libopencm3/lib/libopencm3_stm32f4.a(rcc.o)
 .text.rcc_css_disable
                0x00000000       0x10 ./libopencm3/lib/libopencm3_stm32f4.a(rcc.o)
 .text.rcc_osc_bypass_enable
                0x00000000       0x28 ./libopencm3/lib/libopencm3_stm32f4.a(rcc.o)
 .text.rcc_osc_bypass_disable
                0x00000000       0x28 ./libopencm3/lib/libopencm3_stm32f4.a(rcc.o)
 .text.rcc_set_pll_source
                0x00000000       0x14 ./libopencm3/lib/libopencm3_stm32f4.a(rcc.o)
 .text.rcc_set_rtcpre
                0x00000000       0x14 ./libopencm3/lib/libopencm3_stm32f4.a(rcc.o)
 .text.rcc_set_main_pll_hsi
                0x00000000       0x1c ./libopencm3/lib/libopencm3_stm32f4.a(rcc.o)
 .text.rcc_system_clock_source
                0x00000000       0x10 ./libopencm3/lib/libopencm3_stm32f4.a(rcc.o)
 .rodata.hse_16mhz_3v3
                0x00000000       0x48 ./libopencm3/lib/libopencm3_stm32f4.a(rcc.o)
 .rodata.hse_25mhz_3v3
                0x00000000       0x48 ./libopencm3/lib/libopencm3_stm32f4.a(rcc.o)
 .data.rcc_ahb_frequency
                0x00000000        0x4 ./libopencm3/lib/libopencm3_stm32f4.a(rcc.o)
 .rodata.hse_12mhz_3v3
                0x00000000       0x48 ./libopencm3/lib/libopencm3_stm32f4.a(rcc.o)
 .text          0x00000000        0x0 ./libopencm3/lib/libopencm3_stm32f4.a(dma_common_f24.o)
 .data          0x00000000        0x0 ./libopencm3/lib/libopencm3_stm32f4.a(dma_common_f24.o)
 .bss           0x00000000        0x0 ./libopencm3/lib/libopencm3_stm32f4.a(dma_common_f24.o)
 .text.dma_disable_memory_increment_mode
                0x00000000       0x12 ./libopencm3/lib/libopencm3_stm32f4.a(dma_common_f24.o)
 .text.dma_enable_peripheral_increment_mode
                0x00000000       0x16 ./libopencm3/lib/libopencm3_stm32f4.a(dma_common_f24.o)
 .text.dma_enable_fixed_peripheral_increment_mode
                0x00000000       0x12 ./libopencm3/lib/libopencm3_stm32f4.a(dma_common_f24.o)
 .text.dma_set_memory_burst
                0x00000000       0x14 ./libopencm3/lib/libopencm3_stm32f4.a(dma_common_f24.o)
 .text.dma_set_peripheral_burst
                0x00000000       0x14 ./libopencm3/lib/libopencm3_stm32f4.a(dma_common_f24.o)
 .text.dma_set_initial_target
                0x00000000       0x1a ./libopencm3/lib/libopencm3_stm32f4.a(dma_common_f24.o)
 .text.dma_get_target
                0x00000000       0x10 ./libopencm3/lib/libopencm3_stm32f4.a(dma_common_f24.o)
 .text.dma_enable_double_buffer_mode
                0x00000000       0x12 ./libopencm3/lib/libopencm3_stm32f4.a(dma_common_f24.o)
 .text.dma_disable_double_buffer_mode
                0x00000000       0x12 ./libopencm3/lib/libopencm3_stm32f4.a(dma_common_f24.o)
 .text.dma_set_peripheral_flow_control
                0x00000000       0x12 ./libopencm3/lib/libopencm3_stm32f4.a(dma_common_f24.o)
 .text.dma_set_dma_flow_control
                0x00000000       0x12 ./libopencm3/lib/libopencm3_stm32f4.a(dma_common_f24.o)
 .text.dma_enable_transfer_error_interrupt
                0x00000000       0x1e ./libopencm3/lib/libopencm3_stm32f4.a(dma_common_f24.o)
 .text.dma_disable_transfer_error_interrupt
                0x00000000       0x12 ./libopencm3/lib/libopencm3_stm32f4.a(dma_common_f24.o)
 .text.dma_enable_half_transfer_interrupt
                0x00000000       0x1e ./libopencm3/lib/libopencm3_stm32f4.a(dma_common_f24.o)
 .text.dma_disable_half_transfer_interrupt
                0x00000000       0x12 ./libopencm3/lib/libopencm3_stm32f4.a(dma_common_f24.o)
 .text.dma_disable_transfer_complete_interrupt
                0x00000000       0x12 ./libopencm3/lib/libopencm3_stm32f4.a(dma_common_f24.o)
 .text.dma_enable_direct_mode_error_interrupt
                0x00000000       0x1e ./libopencm3/lib/libopencm3_stm32f4.a(dma_common_f24.o)
 .text.dma_disable_direct_mode_error_interrupt
                0x00000000       0x12 ./libopencm3/lib/libopencm3_stm32f4.a(dma_common_f24.o)
 .text.dma_enable_fifo_error_interrupt
                0x00000000       0x1e ./libopencm3/lib/libopencm3_stm32f4.a(dma_common_f24.o)
 .text.dma_disable_fifo_error_interrupt
                0x00000000       0x12 ./libopencm3/lib/libopencm3_stm32f4.a(dma_common_f24.o)
 .text.dma_fifo_status
                0x00000000       0x10 ./libopencm3/lib/libopencm3_stm32f4.a(dma_common_f24.o)
 .text.dma_enable_fifo_mode
                0x00000000       0x12 ./libopencm3/lib/libopencm3_stm32f4.a(dma_common_f24.o)
 .text.dma_set_fifo_threshold
                0x00000000       0x14 ./libopencm3/lib/libopencm3_stm32f4.a(dma_common_f24.o)
 .text.dma_disable_stream
                0x00000000       0x12 ./libopencm3/lib/libopencm3_stm32f4.a(dma_common_f24.o)
 .text.dma_set_memory_address_1
                0x00000000       0x1a ./libopencm3/lib/libopencm3_stm32f4.a(dma_common_f24.o)
 .text          0x00000000        0x0 ./libopencm3/lib/libopencm3_stm32f4.a(gpio_common_all.o)
 .data          0x00000000        0x0 ./libopencm3/lib/libopencm3_stm32f4.a(gpio_common_all.o)
 .bss           0x00000000        0x0 ./libopencm3/lib/libopencm3_stm32f4.a(gpio_common_all.o)
 .text.gpio_get
                0x00000000        0x6 ./libopencm3/lib/libopencm3_stm32f4.a(gpio_common_all.o)
 .text.gpio_port_read
                0x00000000        0x6 ./libopencm3/lib/libopencm3_stm32f4.a(gpio_common_all.o)
 .text.gpio_port_write
                0x00000000        0x4 ./libopencm3/lib/libopencm3_stm32f4.a(gpio_common_all.o)
 .text.gpio_port_config_lock
                0x00000000       0x10 ./libopencm3/lib/libopencm3_stm32f4.a(gpio_common_all.o)
 .text          0x00000000        0x0 ./libopencm3/lib/libopencm3_stm32f4.a(gpio_common_f0234.o)
 .data          0x00000000        0x0 ./libopencm3/lib/libopencm3_stm32f4.a(gpio_common_f0234.o)
 .bss           0x00000000        0x0 ./libopencm3/lib/libopencm3_stm32f4.a(gpio_common_f0234.o)
 .text          0x00000000        0x0 ./libopencm3/lib/libopencm3_stm32f4.a(timer_common_all.o)
 .data          0x00000000        0x0 ./libopencm3/lib/libopencm3_stm32f4.a(timer_common_all.o)
 .bss           0x00000000        0x0 ./libopencm3/lib/libopencm3_stm32f4.a(timer_common_all.o)
 .text.timer_disable_irq
                0x00000000        0xa ./libopencm3/lib/libopencm3_stm32f4.a(timer_common_all.o)
 .text.timer_interrupt_source
                0x00000000       0x34 ./libopencm3/lib/libopencm3_stm32f4.a(timer_common_all.o)
 .text.timer_set_clock_division
                0x00000000       0x14 ./libopencm3/lib/libopencm3_stm32f4.a(timer_common_all.o)
 .text.timer_enable_preload
                0x00000000        0xa ./libopencm3/lib/libopencm3_stm32f4.a(timer_common_all.o)
 .text.timer_set_alignment
                0x00000000       0x14 ./libopencm3/lib/libopencm3_stm32f4.a(timer_common_all.o)
 .text.timer_direction_up
                0x00000000        0xa ./libopencm3/lib/libopencm3_stm32f4.a(timer_common_all.o)
 .text.timer_direction_down
                0x00000000        0xa ./libopencm3/lib/libopencm3_stm32f4.a(timer_common_all.o)
 .text.timer_one_shot_mode
                0x00000000        0xa ./libopencm3/lib/libopencm3_stm32f4.a(timer_common_all.o)
 .text.timer_update_on_any
                0x00000000        0xa ./libopencm3/lib/libopencm3_stm32f4.a(timer_common_all.o)
 .text.timer_update_on_overflow
                0x00000000        0xa ./libopencm3/lib/libopencm3_stm32f4.a(timer_common_all.o)
 .text.timer_enable_update_event
                0x00000000        0xa ./libopencm3/lib/libopencm3_stm32f4.a(timer_common_all.o)
 .text.timer_disable_update_event
                0x00000000        0xa ./libopencm3/lib/libopencm3_stm32f4.a(timer_common_all.o)
 .text.timer_set_output_idle_state
                0x00000000       0x1c ./libopencm3/lib/libopencm3_stm32f4.a(timer_common_all.o)
 .text.timer_reset_output_idle_state
                0x00000000       0x1c ./libopencm3/lib/libopencm3_stm32f4.a(timer_common_all.o)
 .text.timer_set_ti1_ch123_xor
                0x00000000        0xa ./libopencm3/lib/libopencm3_stm32f4.a(timer_common_all.o)
 .text.timer_set_ti1_ch1
                0x00000000        0xa ./libopencm3/lib/libopencm3_stm32f4.a(timer_common_all.o)
 .text.timer_set_dma_on_update_event
                0x00000000        0xa ./libopencm3/lib/libopencm3_stm32f4.a(timer_common_all.o)
 .text.timer_enable_compare_control_update_on_trigger
                0x00000000       0x18 ./libopencm3/lib/libopencm3_stm32f4.a(timer_common_all.o)
 .text.timer_disable_compare_control_update_on_trigger
                0x00000000       0x18 ./libopencm3/lib/libopencm3_stm32f4.a(timer_common_all.o)
 .text.timer_enable_preload_complementry_enable_bits
                0x00000000       0x18 ./libopencm3/lib/libopencm3_stm32f4.a(timer_common_all.o)
 .text.timer_disable_preload_complementry_enable_bits
                0x00000000       0x18 ./libopencm3/lib/libopencm3_stm32f4.a(timer_common_all.o)
 .text.timer_set_repetition_counter
                0x00000000       0x14 ./libopencm3/lib/libopencm3_stm32f4.a(timer_common_all.o)
 .text.timer_enable_oc_clear
                0x00000000       0x34 ./libopencm3/lib/libopencm3_stm32f4.a(timer_common_all.o)
 .text.timer_disable_oc_clear
                0x00000000       0x34 ./libopencm3/lib/libopencm3_stm32f4.a(timer_common_all.o)
 .text.timer_set_oc_slow_mode
                0x00000000       0x34 ./libopencm3/lib/libopencm3_stm32f4.a(timer_common_all.o)
 .text.timer_enable_oc_preload
                0x00000000       0x34 ./libopencm3/lib/libopencm3_stm32f4.a(timer_common_all.o)
 .text.timer_disable_oc_preload
                0x00000000       0x34 ./libopencm3/lib/libopencm3_stm32f4.a(timer_common_all.o)
 .text.timer_set_oc_polarity_high
                0x00000000       0x64 ./libopencm3/lib/libopencm3_stm32f4.a(timer_common_all.o)
 .text.timer_set_oc_polarity_low
                0x00000000       0x64 ./libopencm3/lib/libopencm3_stm32f4.a(timer_common_all.o)
 .text.timer_set_oc_idle_state_set
                0x00000000       0x58 ./libopencm3/lib/libopencm3_stm32f4.a(timer_common_all.o)
 .text.timer_set_oc_idle_state_unset
                0x00000000       0x58 ./libopencm3/lib/libopencm3_stm32f4.a(timer_common_all.o)
 .text.timer_disable_break_main_output
                0x00000000       0x18 ./libopencm3/lib/libopencm3_stm32f4.a(timer_common_all.o)
 .text.timer_enable_break_automatic_output
                0x00000000       0x18 ./libopencm3/lib/libopencm3_stm32f4.a(timer_common_all.o)
 .text.timer_disable_break_automatic_output
                0x00000000       0x18 ./libopencm3/lib/libopencm3_stm32f4.a(timer_common_all.o)
 .text.timer_set_break_polarity_high
                0x00000000       0x18 ./libopencm3/lib/libopencm3_stm32f4.a(timer_common_all.o)
 .text.timer_set_break_polarity_low
                0x00000000       0x18 ./libopencm3/lib/libopencm3_stm32f4.a(timer_common_all.o)
 .text.timer_enable_break
                0x00000000       0x18 ./libopencm3/lib/libopencm3_stm32f4.a(timer_common_all.o)
 .text.timer_disable_break
                0x00000000       0x18 ./libopencm3/lib/libopencm3_stm32f4.a(timer_common_all.o)
 .text.timer_set_enabled_off_state_in_run_mode
                0x00000000       0x18 ./libopencm3/lib/libopencm3_stm32f4.a(timer_common_all.o)
 .text.timer_set_disabled_off_state_in_run_mode
                0x00000000       0x18 ./libopencm3/lib/libopencm3_stm32f4.a(timer_common_all.o)
 .text.timer_set_enabled_off_state_in_idle_mode
                0x00000000       0x18 ./libopencm3/lib/libopencm3_stm32f4.a(timer_common_all.o)
 .text.timer_set_disabled_off_state_in_idle_mode
                0x00000000       0x18 ./libopencm3/lib/libopencm3_stm32f4.a(timer_common_all.o)
 .text.timer_set_break_lock
                0x00000000       0x18 ./libopencm3/lib/libopencm3_stm32f4.a(timer_common_all.o)
 .text.timer_set_deadtime
                0x00000000       0x18 ./libopencm3/lib/libopencm3_stm32f4.a(timer_common_all.o)
 .text.timer_generate_event
                0x00000000        0x8 ./libopencm3/lib/libopencm3_stm32f4.a(timer_common_all.o)
 .text.timer_get_counter
                0x00000000        0x4 ./libopencm3/lib/libopencm3_stm32f4.a(timer_common_all.o)
 .text.timer_set_counter
                0x00000000        0x4 ./libopencm3/lib/libopencm3_stm32f4.a(timer_common_all.o)
 .text.timer_ic_set_filter
                0x00000000       0x50 ./libopencm3/lib/libopencm3_stm32f4.a(timer_common_all.o)
 .text.timer_ic_set_prescaler
                0x00000000       0x50 ./libopencm3/lib/libopencm3_stm32f4.a(timer_common_all.o)
 .text.timer_ic_set_input
                0x00000000       0x62 ./libopencm3/lib/libopencm3_stm32f4.a(timer_common_all.o)
 .text.timer_ic_enable
                0x00000000       0x10 ./libopencm3/lib/libopencm3_stm32f4.a(timer_common_all.o)
 .text.timer_ic_disable
                0x00000000       0x12 ./libopencm3/lib/libopencm3_stm32f4.a(timer_common_all.o)
 .text.timer_slave_set_filter
                0x00000000       0x12 ./libopencm3/lib/libopencm3_stm32f4.a(timer_common_all.o)
 .text.timer_slave_set_prescaler
                0x00000000       0x12 ./libopencm3/lib/libopencm3_stm32f4.a(timer_common_all.o)
 .text.timer_slave_set_polarity
                0x00000000       0x12 ./libopencm3/lib/libopencm3_stm32f4.a(timer_common_all.o)
 .text.timer_slave_set_trigger
                0x00000000       0x10 ./libopencm3/lib/libopencm3_stm32f4.a(timer_common_all.o)
 .text          0x00000000        0x0 ./libopencm3/lib/libopencm3_stm32f4.a(flash_common_f234.o)
 .data          0x00000000        0x0 ./libopencm3/lib/libopencm3_stm32f4.a(flash_common_f234.o)
 .bss           0x00000000        0x0 ./libopencm3/lib/libopencm3_stm32f4.a(flash_common_f234.o)
 .text.flash_unlock
                0x00000000       0x24 ./libopencm3/lib/libopencm3_stm32f4.a(flash_common_f234.o)
 .text.flash_lock
                0x00000000       0x10 ./libopencm3/lib/libopencm3_stm32f4.a(flash_common_f234.o)
 .text.flash_clear_pgperr_flag
                0x00000000       0x10 ./libopencm3/lib/libopencm3_stm32f4.a(flash_common_f234.o)
 .text.flash_clear_eop_flag
                0x00000000       0x10 ./libopencm3/lib/libopencm3_stm32f4.a(flash_common_f234.o)
 .text.flash_clear_bsy_flag
                0x00000000       0x10 ./libopencm3/lib/libopencm3_stm32f4.a(flash_common_f234.o)
 .text.flash_wait_for_last_operation
                0x00000000       0x10 ./libopencm3/lib/libopencm3_stm32f4.a(flash_common_f234.o)
 .text          0x00000000        0x0 ./libopencm3/lib/libopencm3_stm32f4.a(rcc_common_all.o)
 .data          0x00000000        0x0 ./libopencm3/lib/libopencm3_stm32f4.a(rcc_common_all.o)
 .bss           0x00000000        0x0 ./libopencm3/lib/libopencm3_stm32f4.a(rcc_common_all.o)
 .text.rcc_peripheral_enable_clock
                0x00000000        0x8 ./libopencm3/lib/libopencm3_stm32f4.a(rcc_common_all.o)
 .text.rcc_peripheral_disable_clock
                0x00000000        0xa ./libopencm3/lib/libopencm3_stm32f4.a(rcc_common_all.o)
 .text.rcc_peripheral_reset
                0x00000000        0x8 ./libopencm3/lib/libopencm3_stm32f4.a(rcc_common_all.o)
 .text.rcc_peripheral_clear_reset
                0x00000000        0xa ./libopencm3/lib/libopencm3_stm32f4.a(rcc_common_all.o)
 .text.rcc_periph_clock_disable
                0x00000000       0x1e ./libopencm3/lib/libopencm3_stm32f4.a(rcc_common_all.o)
 .text.rcc_periph_reset_hold
                0x00000000       0x1c ./libopencm3/lib/libopencm3_stm32f4.a(rcc_common_all.o)
 .text.rcc_periph_reset_release
                0x00000000       0x1e ./libopencm3/lib/libopencm3_stm32f4.a(rcc_common_all.o)
 .text          0x00000000        0x0 ./libopencm3/lib/libopencm3_stm32f4.a(usb.o)
 .data          0x00000000        0x0 ./libopencm3/lib/libopencm3_stm32f4.a(usb.o)
 .bss           0x00000000        0x0 ./libopencm3/lib/libopencm3_stm32f4.a(usb.o)
 .text.usbd_register_reset_callback
                0x00000000        0x4 ./libopencm3/lib/libopencm3_stm32f4.a(usb.o)
 .text.usbd_register_suspend_callback
                0x00000000        0x4 ./libopencm3/lib/libopencm3_stm32f4.a(usb.o)
 .text.usbd_register_resume_callback
                0x00000000        0x4 ./libopencm3/lib/libopencm3_stm32f4.a(usb.o)
 .text.usbd_register_sof_callback
                0x00000000        0x4 ./libopencm3/lib/libopencm3_stm32f4.a(usb.o)
 .text.usbd_disconnect
                0x00000000        0xe ./libopencm3/lib/libopencm3_stm32f4.a(usb.o)
 .text.usbd_ep_nak_set
                0x00000000        0xc ./libopencm3/lib/libopencm3_stm32f4.a(usb.o)
 .text          0x00000000        0x0 ./libopencm3/lib/libopencm3_stm32f4.a(usb_standard.o)
 .data          0x00000000        0x0 ./libopencm3/lib/libopencm3_stm32f4.a(usb_standard.o)
 .bss           0x00000000        0x0 ./libopencm3/lib/libopencm3_stm32f4.a(usb_standard.o)
 .text          0x00000000        0x0 ./libopencm3/lib/libopencm3_stm32f4.a(usb_control.o)
 .data          0x00000000        0x0 ./libopencm3/lib/libopencm3_stm32f4.a(usb_control.o)
 .bss           0x00000000        0x0 ./libopencm3/lib/libopencm3_stm32f4.a(usb_control.o)
 .text          0x00000000        0x0 ./libopencm3/lib/libopencm3_stm32f4.a(usb_f107.o)
 .data          0x00000000        0x0 ./libopencm3/lib/libopencm3_stm32f4.a(usb_f107.o)
 .bss           0x00000000        0x0 ./libopencm3/lib/libopencm3_stm32f4.a(usb_f107.o)
 .text          0x00000000        0x0 ./libopencm3/lib/libopencm3_stm32f4.a(vector.o)
 .data          0x00000000        0x0 ./libopencm3/lib/libopencm3_stm32f4.a(vector.o)
 .bss           0x00000000        0x0 ./libopencm3/lib/libopencm3_stm32f4.a(vector.o)
 .text          0x00000000        0x0 ./libopencm3/lib/libopencm3_stm32f4.a(nvic.o)
 .data          0x00000000        0x0 ./libopencm3/lib/libopencm3_stm32f4.a(nvic.o)
 .bss           0x00000000        0x0 ./libopencm3/lib/libopencm3_stm32f4.a(nvic.o)
 .text.nvic_disable_irq
                0x00000000       0x1c ./libopencm3/lib/libopencm3_stm32f4.a(nvic.o)
 .text.nvic_get_pending_irq
                0x00000000       0x24 ./libopencm3/lib/libopencm3_stm32f4.a(nvic.o)
 .text.nvic_set_pending_irq
                0x00000000       0x1c ./libopencm3/lib/libopencm3_stm32f4.a(nvic.o)
 .text.nvic_clear_pending_irq
                0x00000000       0x1c ./libopencm3/lib/libopencm3_stm32f4.a(nvic.o)
 .text.nvic_get_irq_enabled
                0x00000000       0x24 ./libopencm3/lib/libopencm3_stm32f4.a(nvic.o)
 .text.nvic_set_priority
                0x00000000       0x20 ./libopencm3/lib/libopencm3_stm32f4.a(nvic.o)
 .text.nvic_get_active_irq
                0x00000000       0x24 ./libopencm3/lib/libopencm3_stm32f4.a(nvic.o)
 .text.nvic_generate_software_interrupt
                0x00000000       0x14 ./libopencm3/lib/libopencm3_stm32f4.a(nvic.o)
 .text          0x00000000        0x0 ./libopencm3/lib/libopencm3_stm32f4.a(assert.o)
 .data          0x00000000        0x0 ./libopencm3/lib/libopencm3_stm32f4.a(assert.o)
 .bss           0x00000000        0x0 ./libopencm3/lib/libopencm3_stm32f4.a(assert.o)
 .text.cm3_assert_failed
                0x00000000        0x2 ./libopencm3/lib/libopencm3_stm32f4.a(assert.o)
 .text.cm3_assert_failed_verbose
                0x00000000        0x6 ./libopencm3/lib/libopencm3_stm32f4.a(assert.o)
 .debug_info    0x00000000       0xea ./libopencm3/lib/libopencm3_stm32f4.a(assert.o)
 .debug_abbrev  0x00000000       0x86 ./libopencm3/lib/libopencm3_stm32f4.a(assert.o)
 .debug_loc     0x00000000       0x84 ./libopencm3/lib/libopencm3_stm32f4.a(assert.o)
 .debug_aranges
                0x00000000       0x28 ./libopencm3/lib/libopencm3_stm32f4.a(assert.o)
 .debug_ranges  0x00000000       0x18 ./libopencm3/lib/libopencm3_stm32f4.a(assert.o)
 .debug_line    0x00000000       0x53 ./libopencm3/lib/libopencm3_stm32f4.a(assert.o)
 .debug_str     0x00000000      0x1e5 ./libopencm3/lib/libopencm3_stm32f4.a(assert.o)
 .comment       0x00000000       0x71 ./libopencm3/lib/libopencm3_stm32f4.a(assert.o)
 .ARM.attributes
                0x00000000       0x39 ./libopencm3/lib/libopencm3_stm32f4.a(assert.o)
 .debug_frame   0x00000000       0x38 ./libopencm3/lib/libopencm3_stm32f4.a(assert.o)
 .text          0x00000000        0x0 ./libopencm3/lib/libopencm3_stm32f4.a(pwr.o)
 .data          0x00000000        0x0 ./libopencm3/lib/libopencm3_stm32f4.a(pwr.o)
 .bss           0x00000000        0x0 ./libopencm3/lib/libopencm3_stm32f4.a(pwr.o)
 .text          0x00000000        0x0 ./libopencm3/lib/libopencm3_stm32f4.a(usb_fx07_common.o)
 .data          0x00000000        0x0 ./libopencm3/lib/libopencm3_stm32f4.a(usb_fx07_common.o)
 .bss           0x00000000        0x0 ./libopencm3/lib/libopencm3_stm32f4.a(usb_fx07_common.o)
 .data          0x00000000        0x0 /opt/ARM/bin/../lib/gcc/arm-none-eabi/4.8.4/../../../../arm-none-eabi/lib/armv7e-m/fpu/libc.a(lib_a-memcpy.o)
 .bss           0x00000000        0x0 /opt/ARM/bin/../lib/gcc/arm-none-eabi/4.8.4/../../../../arm-none-eabi/lib/armv7e-m/fpu/libc.a(lib_a-memcpy.o)
 .text          0x00000000        0x0 /opt/ARM/bin/../lib/gcc/arm-none-eabi/4.8.4/../../../../arm-none-eabi/lib/armv7e-m/fpu/libc.a(lib_a-strlen.o)
 .data          0x00000000        0x0 /opt/ARM/bin/../lib/gcc/arm-none-eabi/4.8.4/../../../../arm-none-eabi/lib/armv7e-m/fpu/libc.a(lib_a-strlen.o)
 .bss           0x00000000        0x0 /opt/ARM/bin/../lib/gcc/arm-none-eabi/4.8.4/../../../../arm-none-eabi/lib/armv7e-m/fpu/libc.a(lib_a-strlen.o)

Memory Configuration

Name             Origin             Length             Attributes
rom              0x08000000         0x00100000         xr
ram              0x20000000         0x00020000         xrw
*default*        0x00000000         0xffffffff

Linker script and memory map

LOAD butter.o
LOAD ./libopencm3/lib/libopencm3_stm32f4.a
START GROUP
LOAD /opt/ARM/bin/../lib/gcc/arm-none-eabi/4.8.4/../../../../arm-none-eabi/lib/armv7e-m/fpu/libc.a
LOAD /opt/ARM/bin/../lib/gcc/arm-none-eabi/4.8.4/armv7e-m/fpu/libgcc.a
LOAD /opt/ARM/bin/../lib/gcc/arm-none-eabi/4.8.4/../../../../arm-none-eabi/lib/armv7e-m/fpu/libnosys.a
END GROUP
START GROUP
LOAD /opt/ARM/bin/../lib/gcc/arm-none-eabi/4.8.4/armv7e-m/fpu/libgcc.a
LOAD /opt/ARM/bin/../lib/gcc/arm-none-eabi/4.8.4/../../../../arm-none-eabi/lib/armv7e-m/fpu/libc.a
END GROUP

.text           0x08000000     0x2104
 *(.vectors)
 .vectors       0x08000000      0x1ac ./libopencm3/lib/libopencm3_stm32f4.a(vector.o)
                0x08000000                vector_table
 *(.text*)
 .text.cdcacm_control_request
                0x080001ac       0x1c butter.o
 .text.cdcacm_data_tx_cb
                0x080001c8        0x2 butter.o
 *fill*         0x080001ca        0x2 
 .text.cdcacm_set_config
                0x080001cc       0x50 butter.o
 .text.cdcacm_data_rx_cb
                0x0800021c       0x4c butter.o
 .text.tim1_up_tim10_isr
                0x08000268       0x2c butter.o
                0x08000268                tim1_up_tim10_isr
 .text.tim1_cc_isr
                0x08000294       0x2c butter.o
                0x08000294                tim1_cc_isr
 .text.tim2_isr
                0x080002c0       0x4c butter.o
                0x080002c0                tim2_isr
 .text.tim3_isr
                0x0800030c       0x64 butter.o
                0x0800030c                tim3_isr
 .text.dma2_stream1_isr
                0x08000370      0x104 butter.o
                0x08000370                dma2_stream1_isr
 .text.startup.main
                0x08000474      0x378 butter.o
                0x08000474                main
 .text.rcc_wait_for_osc_ready
                0x080007ec       0x4c ./libopencm3/lib/libopencm3_stm32f4.a(rcc.o)
                0x080007ec                rcc_wait_for_osc_ready
 .text.rcc_wait_for_sysclk_status
                0x08000838       0x38 ./libopencm3/lib/libopencm3_stm32f4.a(rcc.o)
                0x08000838                rcc_wait_for_sysclk_status
 .text.rcc_osc_on
                0x08000870       0x44 ./libopencm3/lib/libopencm3_stm32f4.a(rcc.o)
                0x08000870                rcc_osc_on
 .text.rcc_osc_off
                0x080008b4       0x44 ./libopencm3/lib/libopencm3_stm32f4.a(rcc.o)
                0x080008b4                rcc_osc_off
 .text.rcc_set_sysclk_source
                0x080008f8       0x14 ./libopencm3/lib/libopencm3_stm32f4.a(rcc.o)
                0x080008f8                rcc_set_sysclk_source
 .text.rcc_set_ppre2
                0x0800090c       0x14 ./libopencm3/lib/libopencm3_stm32f4.a(rcc.o)
                0x0800090c                rcc_set_ppre2
 .text.rcc_set_ppre1
                0x08000920       0x14 ./libopencm3/lib/libopencm3_stm32f4.a(rcc.o)
                0x08000920                rcc_set_ppre1
 .text.rcc_set_hpre
                0x08000934       0x14 ./libopencm3/lib/libopencm3_stm32f4.a(rcc.o)
                0x08000934                rcc_set_hpre
 .text.rcc_set_main_pll_hse
                0x08000948       0x20 ./libopencm3/lib/libopencm3_stm32f4.a(rcc.o)
                0x08000948                rcc_set_main_pll_hse
 .text.rcc_clock_setup_hse_3v3
                0x08000968       0x90 ./libopencm3/lib/libopencm3_stm32f4.a(rcc.o)
                0x08000968                rcc_clock_setup_hse_3v3
 .text.dma_stream_reset
                0x080009f8       0x4c ./libopencm3/lib/libopencm3_stm32f4.a(dma_common_f24.o)
                0x080009f8                dma_stream_reset
 .text.dma_clear_interrupt_flags
                0x08000a44       0x1e ./libopencm3/lib/libopencm3_stm32f4.a(dma_common_f24.o)
                0x08000a44                dma_clear_interrupt_flags
 .text.dma_get_interrupt_flag
                0x08000a62       0x28 ./libopencm3/lib/libopencm3_stm32f4.a(dma_common_f24.o)
                0x08000a62                dma_get_interrupt_flag
 .text.dma_set_transfer_mode
                0x08000a8a       0x20 ./libopencm3/lib/libopencm3_stm32f4.a(dma_common_f24.o)
                0x08000a8a                dma_set_transfer_mode
 .text.dma_set_priority
                0x08000aaa       0x18 ./libopencm3/lib/libopencm3_stm32f4.a(dma_common_f24.o)
                0x08000aaa                dma_set_priority
 .text.dma_set_memory_size
                0x08000ac2       0x18 ./libopencm3/lib/libopencm3_stm32f4.a(dma_common_f24.o)
                0x08000ac2                dma_set_memory_size
 .text.dma_set_peripheral_size
                0x08000ada       0x18 ./libopencm3/lib/libopencm3_stm32f4.a(dma_common_f24.o)
                0x08000ada                dma_set_peripheral_size
 .text.dma_enable_memory_increment_mode
                0x08000af2       0x12 ./libopencm3/lib/libopencm3_stm32f4.a(dma_common_f24.o)
                0x08000af2                dma_enable_memory_increment_mode
 .text.dma_disable_peripheral_increment_mode
                0x08000b04       0x12 ./libopencm3/lib/libopencm3_stm32f4.a(dma_common_f24.o)
                0x08000b04                dma_disable_peripheral_increment_mode
 .text.dma_enable_circular_mode
                0x08000b16       0x12 ./libopencm3/lib/libopencm3_stm32f4.a(dma_common_f24.o)
                0x08000b16                dma_enable_circular_mode
 .text.dma_channel_select
                0x08000b28       0x10 ./libopencm3/lib/libopencm3_stm32f4.a(dma_common_f24.o)
                0x08000b28                dma_channel_select
 .text.dma_enable_transfer_complete_interrupt
                0x08000b38       0x1e ./libopencm3/lib/libopencm3_stm32f4.a(dma_common_f24.o)
                0x08000b38                dma_enable_transfer_complete_interrupt
 .text.dma_enable_direct_mode
                0x08000b56       0x12 ./libopencm3/lib/libopencm3_stm32f4.a(dma_common_f24.o)
                0x08000b56                dma_enable_direct_mode
 .text.dma_enable_stream
                0x08000b68       0x12 ./libopencm3/lib/libopencm3_stm32f4.a(dma_common_f24.o)
                0x08000b68                dma_enable_stream
 .text.dma_set_peripheral_address
                0x08000b7a       0x10 ./libopencm3/lib/libopencm3_stm32f4.a(dma_common_f24.o)
                0x08000b7a                dma_set_peripheral_address
 .text.dma_set_memory_address
                0x08000b8a       0x1a ./libopencm3/lib/libopencm3_stm32f4.a(dma_common_f24.o)
                0x08000b8a                dma_set_memory_address
 .text.dma_set_number_of_data
                0x08000ba4        0xc ./libopencm3/lib/libopencm3_stm32f4.a(dma_common_f24.o)
                0x08000ba4                dma_set_number_of_data
 .text.gpio_set
                0x08000bb0        0x4 ./libopencm3/lib/libopencm3_stm32f4.a(gpio_common_all.o)
                0x08000bb0                gpio_set
 .text.gpio_clear
                0x08000bb4        0x6 ./libopencm3/lib/libopencm3_stm32f4.a(gpio_common_all.o)
                0x08000bb4                gpio_clear
 .text.gpio_toggle
                0x08000bba       0x10 ./libopencm3/lib/libopencm3_stm32f4.a(gpio_common_all.o)
                0x08000bba                gpio_toggle
 .text.gpio_mode_setup
                0x08000bca       0x44 ./libopencm3/lib/libopencm3_stm32f4.a(gpio_common_f0234.o)
                0x08000bca                gpio_mode_setup
 .text.gpio_set_output_options
                0x08000c0e       0x34 ./libopencm3/lib/libopencm3_stm32f4.a(gpio_common_f0234.o)
                0x08000c0e                gpio_set_output_options
 .text.gpio_set_af
                0x08000c42       0x50 ./libopencm3/lib/libopencm3_stm32f4.a(gpio_common_f0234.o)
                0x08000c42                gpio_set_af
 *fill*         0x08000c92        0x2 
 .text.timer_reset
                0x08000c94       0x80 ./libopencm3/lib/libopencm3_stm32f4.a(timer_common_all.o)
                0x08000c94                timer_reset
 .text.timer_enable_irq
                0x08000d14        0x8 ./libopencm3/lib/libopencm3_stm32f4.a(timer_common_all.o)
                0x08000d14                timer_enable_irq
 .text.timer_get_flag
                0x08000d1c        0xc ./libopencm3/lib/libopencm3_stm32f4.a(timer_common_all.o)
                0x08000d1c                timer_get_flag
 .text.timer_clear_flag
                0x08000d28        0xa ./libopencm3/lib/libopencm3_stm32f4.a(timer_common_all.o)
                0x08000d28                timer_clear_flag
 .text.timer_set_mode
                0x08000d32       0x12 ./libopencm3/lib/libopencm3_stm32f4.a(timer_common_all.o)
                0x08000d32                timer_set_mode
 .text.timer_disable_preload
                0x08000d44        0xa ./libopencm3/lib/libopencm3_stm32f4.a(timer_common_all.o)
                0x08000d44                timer_disable_preload
 .text.timer_continuous_mode
                0x08000d4e        0xa ./libopencm3/lib/libopencm3_stm32f4.a(timer_common_all.o)
                0x08000d4e                timer_continuous_mode
 .text.timer_enable_counter
                0x08000d58        0xa ./libopencm3/lib/libopencm3_stm32f4.a(timer_common_all.o)
                0x08000d58                timer_enable_counter
 .text.timer_disable_counter
                0x08000d62        0xa ./libopencm3/lib/libopencm3_stm32f4.a(timer_common_all.o)
                0x08000d62                timer_disable_counter
 .text.timer_set_master_mode
                0x08000d6c       0x10 ./libopencm3/lib/libopencm3_stm32f4.a(timer_common_all.o)
                0x08000d6c                timer_set_master_mode
 .text.timer_set_dma_on_compare_event
                0x08000d7c        0xa ./libopencm3/lib/libopencm3_stm32f4.a(timer_common_all.o)
                0x08000d7c                timer_set_dma_on_compare_event
 .text.timer_set_prescaler
                0x08000d86        0x4 ./libopencm3/lib/libopencm3_stm32f4.a(timer_common_all.o)
                0x08000d86                timer_set_prescaler
 .text.timer_set_period
                0x08000d8a        0x4 ./libopencm3/lib/libopencm3_stm32f4.a(timer_common_all.o)
                0x08000d8a                timer_set_period
 .text.timer_set_oc_fast_mode
                0x08000d8e       0x34 ./libopencm3/lib/libopencm3_stm32f4.a(timer_common_all.o)
                0x08000d8e                timer_set_oc_fast_mode
 .text.timer_set_oc_mode
                0x08000dc2      0x198 ./libopencm3/lib/libopencm3_stm32f4.a(timer_common_all.o)
                0x08000dc2                timer_set_oc_mode
 *fill*         0x08000f5a        0x2 
 .text.timer_enable_oc_output
                0x08000f5c       0x64 ./libopencm3/lib/libopencm3_stm32f4.a(timer_common_all.o)
                0x08000f5c                timer_enable_oc_output
 .text.timer_disable_oc_output
                0x08000fc0       0x64 ./libopencm3/lib/libopencm3_stm32f4.a(timer_common_all.o)
                0x08000fc0                timer_disable_oc_output
 .text.timer_set_oc_value
                0x08001024       0x20 ./libopencm3/lib/libopencm3_stm32f4.a(timer_common_all.o)
                0x08001024                timer_set_oc_value
 .text.timer_enable_break_main_output
                0x08001044       0x18 ./libopencm3/lib/libopencm3_stm32f4.a(timer_common_all.o)
                0x08001044                timer_enable_break_main_output
 .text.timer_slave_set_mode
                0x0800105c       0x10 ./libopencm3/lib/libopencm3_stm32f4.a(timer_common_all.o)
                0x0800105c                timer_slave_set_mode
 .text.flash_set_ws
                0x0800106c       0x14 ./libopencm3/lib/libopencm3_stm32f4.a(flash_common_f234.o)
                0x0800106c                flash_set_ws
 .text.rcc_periph_clock_enable
                0x08001080       0x1c ./libopencm3/lib/libopencm3_stm32f4.a(rcc_common_all.o)
                0x08001080                rcc_periph_clock_enable
 .text.rcc_periph_reset_pulse
                0x0800109c       0x24 ./libopencm3/lib/libopencm3_stm32f4.a(rcc_common_all.o)
                0x0800109c                rcc_periph_reset_pulse
 .text.usbd_init
                0x080010c0       0x54 ./libopencm3/lib/libopencm3_stm32f4.a(usb.o)
                0x080010c0                usbd_init
 .text.usbd_poll
                0x08001114        0xc ./libopencm3/lib/libopencm3_stm32f4.a(usb.o)
                0x08001114                usbd_poll
 .text.usbd_ep_setup
                0x08001120       0x12 ./libopencm3/lib/libopencm3_stm32f4.a(usb.o)
                0x08001120                usbd_ep_setup
 .text._usbd_reset
                0x08001132       0x2c ./libopencm3/lib/libopencm3_stm32f4.a(usb.o)
                0x08001132                _usbd_reset
 .text.usbd_ep_write_packet
                0x0800115e        0xc ./libopencm3/lib/libopencm3_stm32f4.a(usb.o)
                0x0800115e                usbd_ep_write_packet
 .text.usbd_ep_read_packet
                0x0800116a        0xc ./libopencm3/lib/libopencm3_stm32f4.a(usb.o)
                0x0800116a                usbd_ep_read_packet
 .text.usbd_ep_stall_set
                0x08001176        0xc ./libopencm3/lib/libopencm3_stm32f4.a(usb.o)
                0x08001176                usbd_ep_stall_set
 .text.usbd_ep_stall_get
                0x08001182        0xc ./libopencm3/lib/libopencm3_stm32f4.a(usb.o)
                0x08001182                usbd_ep_stall_get
 .text.usb_standard_get_configuration
                0x0800118e       0x14 ./libopencm3/lib/libopencm3_stm32f4.a(usb_standard.o)
 .text.usb_standard_set_interface
                0x080011a2        0xe ./libopencm3/lib/libopencm3_stm32f4.a(usb_standard.o)
 .text.usb_standard_get_interface
                0x080011b0        0xc ./libopencm3/lib/libopencm3_stm32f4.a(usb_standard.o)
 .text.usb_standard_device_get_status
                0x080011bc       0x18 ./libopencm3/lib/libopencm3_stm32f4.a(usb_standard.o)
 .text.usb_standard_interface_get_status
                0x080011d4       0x18 ./libopencm3/lib/libopencm3_stm32f4.a(usb_standard.o)
 .text.usb_standard_endpoint_get_status
                0x080011ec       0x2a ./libopencm3/lib/libopencm3_stm32f4.a(usb_standard.o)
 .text.usb_standard_endpoint_stall
                0x08001216       0x10 ./libopencm3/lib/libopencm3_stm32f4.a(usb_standard.o)
 .text.usb_standard_endpoint_unstall
                0x08001226       0x10 ./libopencm3/lib/libopencm3_stm32f4.a(usb_standard.o)
 .text.usb_standard_set_address
                0x08001236       0x28 ./libopencm3/lib/libopencm3_stm32f4.a(usb_standard.o)
 .text.usb_standard_set_configuration
                0x0800125e       0x44 ./libopencm3/lib/libopencm3_stm32f4.a(usb_standard.o)
 .text.usb_standard_get_descriptor
                0x080012a2      0x26a ./libopencm3/lib/libopencm3_stm32f4.a(usb_standard.o)
 .text.usbd_register_set_config_callback
                0x0800150c       0x24 ./libopencm3/lib/libopencm3_stm32f4.a(usb_standard.o)
                0x0800150c                usbd_register_set_config_callback
 .text._usbd_standard_request_device
                0x08001530       0x20 ./libopencm3/lib/libopencm3_stm32f4.a(usb_standard.o)
                0x08001530                _usbd_standard_request_device
 .text._usbd_standard_request_interface
                0x08001550       0x20 ./libopencm3/lib/libopencm3_stm32f4.a(usb_standard.o)
                0x08001550                _usbd_standard_request_interface
 .text._usbd_standard_request_endpoint
                0x08001570       0x38 ./libopencm3/lib/libopencm3_stm32f4.a(usb_standard.o)
                0x08001570                _usbd_standard_request_endpoint
 .text._usbd_standard_request
                0x080015a8       0x34 ./libopencm3/lib/libopencm3_stm32f4.a(usb_standard.o)
                0x080015a8                _usbd_standard_request
 .text.stall_transaction
                0x080015dc       0x14 ./libopencm3/lib/libopencm3_stm32f4.a(usb_control.o)
 .text.usb_control_recv_chunk
                0x080015f0       0x3a ./libopencm3/lib/libopencm3_stm32f4.a(usb_control.o)
 .text.usb_control_send_chunk
                0x0800162a       0x46 ./libopencm3/lib/libopencm3_stm32f4.a(usb_control.o)
 .text.usb_control_request_dispatch
                0x08001670       0x62 ./libopencm3/lib/libopencm3_stm32f4.a(usb_control.o)
 .text.usb_control_setup_read
                0x080016d2       0x40 ./libopencm3/lib/libopencm3_stm32f4.a(usb_control.o)
 .text.usbd_register_control_callback
                0x08001712       0x26 ./libopencm3/lib/libopencm3_stm32f4.a(usb_control.o)
                0x08001712                usbd_register_control_callback
 .text._usbd_control_setup
                0x08001738       0x5a ./libopencm3/lib/libopencm3_stm32f4.a(usb_control.o)
                0x08001738                _usbd_control_setup
 .text._usbd_control_out
                0x08001792       0x86 ./libopencm3/lib/libopencm3_stm32f4.a(usb_control.o)
                0x08001792                _usbd_control_out
 .text._usbd_control_in
                0x08001818       0x56 ./libopencm3/lib/libopencm3_stm32f4.a(usb_control.o)
                0x08001818                _usbd_control_in
 *fill*         0x0800186e        0x2 
 .text.stm32f107_usbd_init
                0x08001870       0x98 ./libopencm3/lib/libopencm3_stm32f4.a(usb_f107.o)
 .text.blocking_handler
                0x08001908        0x2 ./libopencm3/lib/libopencm3_stm32f4.a(vector.o)
                0x08001908                tim8_brk_tim12_isr
                0x08001908                dma1_stream7_isr
                0x08001908                usart3_isr
                0x08001908                tim7_isr
                0x08001908                dma2d_isr
                0x08001908                uart8_isr
                0x08001908                dma1_stream2_isr
                0x08001908                otg_hs_isr
                0x08001908                blocking_handler
                0x08001908                tim5_isr
                0x08001908                rtc_wkup_isr
                0x08001908                otg_fs_isr
                0x08001908                spi1_isr
                0x08001908                i2c3_er_isr
                0x08001908                exti2_isr
                0x08001908                spi5_isr
                0x08001908                usb_fs_wkup_isr
                0x08001908                tamp_stamp_isr
                0x08001908                can1_rx1_isr
                0x08001908                dma2_stream0_isr
                0x08001908                usart1_isr
                0x08001908                i2c3_ev_isr
                0x08001908                usage_fault_handler
                0x08001908                can2_rx0_isr
                0x08001908                dma1_stream6_isr
                0x08001908                can2_rx1_isr
                0x08001908                can1_sce_isr
                0x08001908                can1_tx_isr
                0x08001908                sdio_isr
                0x08001908                eth_isr
                0x08001908                spi6_isr
                0x08001908                dma2_stream5_isr
                0x08001908                pvd_isr
                0x08001908                can1_rx0_isr
                0x08001908                rcc_isr
                0x08001908                dma2_stream3_isr
                0x08001908                flash_isr
                0x08001908                uart4_isr
                0x08001908                lcd_tft_isr
                0x08001908                rtc_alarm_isr
                0x08001908                exti15_10_isr
                0x08001908                hash_rng_isr
                0x08001908                tim1_trg_com_tim11_isr
                0x08001908                hard_fault_handler
                0x08001908                exti1_isr
                0x08001908                i2c1_ev_isr
                0x08001908                usart6_isr
                0x08001908                spi2_isr
                0x08001908                cryp_isr
                0x08001908                nvic_wwdg_isr
                0x08001908                dma1_stream1_isr
                0x08001908                dma2_stream4_isr
                0x08001908                exti3_isr
                0x08001908                usart2_isr
                0x08001908                sai1_isr
                0x08001908                fpu_isr
                0x08001908                dma1_stream4_isr
                0x08001908                i2c2_er_isr
                0x08001908                i2c2_ev_isr
                0x08001908                uart5_isr
                0x08001908                dma2_stream6_isr
                0x08001908                spi4_isr
                0x08001908                adc_isr
                0x08001908                dma2_stream7_isr
                0x08001908                tim8_up_tim13_isr
                0x08001908                fsmc_isr
                0x08001908                exti4_isr
                0x08001908                tim6_dac_isr
                0x08001908                dma1_stream3_isr
                0x08001908                tim8_trg_com_tim14_isr
                0x08001908                mem_manage_handler
                0x08001908                lcd_tft_err_isr
                0x08001908                can2_tx_isr
                0x08001908                exti9_5_isr
                0x08001908                tim1_brk_tim9_isr
                0x08001908                uart7_isr
                0x08001908                can2_sce_isr
                0x08001908                tim4_isr
                0x08001908                otg_hs_wkup_isr
                0x08001908                i2c1_er_isr
                0x08001908                dma1_stream0_isr
                0x08001908                tim8_cc_isr
                0x08001908                dcmi_isr
                0x08001908                dma2_stream2_isr
                0x08001908                eth_wkup_isr
                0x08001908                bus_fault_handler
                0x08001908                otg_hs_ep1_out_isr
                0x08001908                spi3_isr
                0x08001908                dma1_stream5_isr
                0x08001908                otg_hs_ep1_in_isr
                0x08001908                exti0_isr
 .text.null_handler
                0x0800190a        0x2 ./libopencm3/lib/libopencm3_stm32f4.a(vector.o)
                0x0800190a                null_handler
                0x0800190a                sv_call_handler
                0x0800190a                pend_sv_handler
                0x0800190a                debug_monitor_handler
                0x0800190a                sys_tick_handler
                0x0800190a                nmi_handler
 .text.reset_handler
                0x0800190c       0x90 ./libopencm3/lib/libopencm3_stm32f4.a(vector.o)
                0x0800190c                reset_handler
 .text.nvic_enable_irq
                0x0800199c       0x1c ./libopencm3/lib/libopencm3_stm32f4.a(nvic.o)
                0x0800199c                nvic_enable_irq
 .text.pwr_set_vos_scale
                0x080019b8       0x20 ./libopencm3/lib/libopencm3_stm32f4.a(pwr.o)
                0x080019b8                pwr_set_vos_scale
 .text.stm32fx07_set_address
                0x080019d8       0x18 ./libopencm3/lib/libopencm3_stm32f4.a(usb_fx07_common.o)
                0x080019d8                stm32fx07_set_address
 .text.stm32fx07_ep_setup
                0x080019f0      0x136 ./libopencm3/lib/libopencm3_stm32f4.a(usb_fx07_common.o)
                0x080019f0                stm32fx07_ep_setup
 .text.stm32fx07_endpoints_reset
                0x08001b26        0xa ./libopencm3/lib/libopencm3_stm32f4.a(usb_fx07_common.o)
                0x08001b26                stm32fx07_endpoints_reset
 .text.stm32fx07_ep_stall_set
                0x08001b30       0x4e ./libopencm3/lib/libopencm3_stm32f4.a(usb_fx07_common.o)
                0x08001b30                stm32fx07_ep_stall_set
 .text.stm32fx07_ep_stall_get
                0x08001b7e       0x1e ./libopencm3/lib/libopencm3_stm32f4.a(usb_fx07_common.o)
                0x08001b7e                stm32fx07_ep_stall_get
 .text.stm32fx07_ep_nak_set
                0x08001b9c       0x28 ./libopencm3/lib/libopencm3_stm32f4.a(usb_fx07_common.o)
                0x08001b9c                stm32fx07_ep_nak_set
 .text.stm32fx07_ep_write_packet
                0x08001bc4       0x58 ./libopencm3/lib/libopencm3_stm32f4.a(usb_fx07_common.o)
                0x08001bc4                stm32fx07_ep_write_packet
 .text.stm32fx07_ep_read_packet
                0x08001c1c       0x8c ./libopencm3/lib/libopencm3_stm32f4.a(usb_fx07_common.o)
                0x08001c1c                stm32fx07_ep_read_packet
 .text.stm32fx07_poll
                0x08001ca8      0x106 ./libopencm3/lib/libopencm3_stm32f4.a(usb_fx07_common.o)
                0x08001ca8                stm32fx07_poll
 .text.stm32fx07_disconnect
                0x08001dae       0x1c ./libopencm3/lib/libopencm3_stm32f4.a(usb_fx07_common.o)
                0x08001dae                stm32fx07_disconnect
 *fill*         0x08001dca        0x2 
 .text          0x08001dcc      0x134 /opt/ARM/bin/../lib/gcc/arm-none-eabi/4.8.4/../../../../arm-none-eabi/lib/armv7e-m/fpu/libc.a(lib_a-memcpy.o)
                0x08001dcc                memcpy
 .text.strlen   0x08001f00       0x60 /opt/ARM/bin/../lib/gcc/arm-none-eabi/4.8.4/../../../../arm-none-eabi/lib/armv7e-m/fpu/libc.a(lib_a-strlen.o)
                0x08001f00                strlen
                0x08001f60                . = ALIGN (0x4)
 *(.rodata*)
 .rodata.dev    0x08001f60       0x12 butter.o
 .rodata.data_endp
                0x08001f72       0x1e butter.o
 .rodata.comm_endp
                0x08001f90        0xf butter.o
 .rodata.data_iface
                0x08001f9f       0x15 butter.o
 .rodata.config
                0x08001fb4        0xd butter.o
 .rodata.comm_iface
                0x08001fc1       0x15 butter.o
 .rodata.str1.1
                0x08001fd6       0x2c butter.o
 *fill*         0x08002002        0x2 
 .rodata.ifaces
                0x08002004       0x18 butter.o
 .rodata.cdcacm_functional_descriptors
                0x0800201c       0x13 butter.o
 *fill*         0x0800202f        0x1 
 .rodata.hse_8mhz_3v3
                0x08002030       0x48 ./libopencm3/lib/libopencm3_stm32f4.a(rcc.o)
                0x08002030                hse_8mhz_3v3
 .rodata.CSWTCH.22
                0x08002078       0x28 ./libopencm3/lib/libopencm3_stm32f4.a(usb_standard.o)
 .rodata.CSWTCH.24
                0x080020a0       0x30 ./libopencm3/lib/libopencm3_stm32f4.a(usb_standard.o)
 .rodata.stm32f107_usb_driver
                0x080020d0       0x34 ./libopencm3/lib/libopencm3_stm32f4.a(usb_f107.o)
                0x080020d0                stm32f107_usb_driver
                0x08002104                . = ALIGN (0x4)

.glue_7         0x08002104        0x0
 .glue_7        0x00000000        0x0 linker stubs

.glue_7t        0x08002104        0x0
 .glue_7t       0x00000000        0x0 linker stubs

.vfp11_veneer   0x08002104        0x0
 .vfp11_veneer  0x00000000        0x0 linker stubs

.v4_bx          0x08002104        0x0
 .v4_bx         0x00000000        0x0 linker stubs

.iplt           0x08002104        0x0
 .iplt          0x00000000        0x0 butter.o

.rel.dyn        0x08002104        0x0
 .rel.iplt      0x00000000        0x0 butter.o

.preinit_array  0x08002104        0x0
                0x08002104                . = ALIGN (0x4)
                0x08002104                __preinit_array_start = .
 *(.preinit_array)
                0x08002104                __preinit_array_end = .

.init_array     0x08002104        0x0
                0x08002104                . = ALIGN (0x4)
                0x08002104                __init_array_start = .
 *(SORT(.init_array.*))
 *(.init_array)
                0x08002104                __init_array_end = .

.fini_array     0x08002104        0x0
                0x08002104                . = ALIGN (0x4)
                0x08002104                __fini_array_start = .
 *(.fini_array)
 *(SORT(.fini_array.*))
                0x08002104                __fini_array_end = .

.ARM.extab
 *(.ARM.extab*)

.ARM.exidx      0x08002104        0x0
                0x08002104                __exidx_start = .
 *(.ARM.exidx*)
                0x08002104                __exidx_end = .
                0x08002104                . = ALIGN (0x4)
                0x08002104                _etext = .

.data           0x20000000       0x14 load address 0x08002104
                0x20000000                _data = .
 *(.data*)
 .data.usb_strings
                0x20000000        0xc butter.o
 .data.rcc_apb1_frequency
                0x2000000c        0x4 ./libopencm3/lib/libopencm3_stm32f4.a(rcc.o)
                0x2000000c                rcc_apb1_frequency
 .data.rcc_apb2_frequency
                0x20000010        0x4 ./libopencm3/lib/libopencm3_stm32f4.a(rcc.o)
                0x20000010                rcc_apb2_frequency
                0x20000014                . = ALIGN (0x4)
                0x20000014                _edata = .
                0x08002104                _data_loadaddr = LOADADDR (.data)

.igot.plt       0x20000014        0x0 load address 0x08002118
 .igot.plt      0x00000000        0x0 butter.o

.bss            0x20000014     0x43e0 load address 0x08002118
 *(.bss*)
 .bss.datas     0x20000014     0x3e80 butter.o
 .bss.usbd_control_buffer
                0x20003e94       0x80 butter.o
                0x20003e94                usbd_control_buffer
 .bss.usb_device
                0x20003f14        0x4 butter.o
 .bss.rearranged
                0x20003f18      0x3e8 butter.o
 .bss.usbd_dev  0x20004300       0xf4 ./libopencm3/lib/libopencm3_stm32f4.a(usb_f107.o)
 *(COMMON)
                0x200043f4                . = ALIGN (0x4)
                0x200043f4                _ebss = .

/DISCARD/
 *(.eh_frame)
                0x200043f4                . = ALIGN (0x4)
                0x200043f4                end = .
                0x20020000                PROVIDE (_stack, (ORIGIN (ram) + 0x20000))
OUTPUT(butter.elf elf32-littlearm)

.debug_info     0x00000000     0x9fb0
 .debug_info    0x00000000     0x232d butter.o
 .debug_info    0x0000232d      0x7ef ./libopencm3/lib/libopencm3_stm32f4.a(rcc.o)
 .debug_info    0x00002b1c      0xba8 ./libopencm3/lib/libopencm3_stm32f4.a(dma_common_f24.o)
 .debug_info    0x000036c4      0x228 ./libopencm3/lib/libopencm3_stm32f4.a(gpio_common_all.o)
 .debug_info    0x000038ec      0x1e7 ./libopencm3/lib/libopencm3_stm32f4.a(gpio_common_f0234.o)
 .debug_info    0x00003ad3     0x11d1 ./libopencm3/lib/libopencm3_stm32f4.a(timer_common_all.o)
 .debug_info    0x00004ca4      0x11b ./libopencm3/lib/libopencm3_stm32f4.a(flash_common_f234.o)
 .debug_info    0x00004dbf      0x7a3 ./libopencm3/lib/libopencm3_stm32f4.a(rcc_common_all.o)
 .debug_info    0x00005562      0xd43 ./libopencm3/lib/libopencm3_stm32f4.a(usb.o)
 .debug_info    0x000062a5     0x13c9 ./libopencm3/lib/libopencm3_stm32f4.a(usb_standard.o)
 .debug_info    0x0000766e      0xe43 ./libopencm3/lib/libopencm3_stm32f4.a(usb_control.o)
 .debug_info    0x000084b1      0x8de ./libopencm3/lib/libopencm3_stm32f4.a(usb_f107.o)
 .debug_info    0x00008d8f      0x2af ./libopencm3/lib/libopencm3_stm32f4.a(vector.o)
 .debug_info    0x0000903e      0x210 ./libopencm3/lib/libopencm3_stm32f4.a(nvic.o)
 .debug_info    0x0000924e       0xc1 ./libopencm3/lib/libopencm3_stm32f4.a(pwr.o)
 .debug_info    0x0000930f      0xca1 ./libopencm3/lib/libopencm3_stm32f4.a(usb_fx07_common.o)

.debug_abbrev   0x00000000     0x1963
 .debug_abbrev  0x00000000      0x317 butter.o
 .debug_abbrev  0x00000317      0x286 ./libopencm3/lib/libopencm3_stm32f4.a(rcc.o)
 .debug_abbrev  0x0000059d      0x186 ./libopencm3/lib/libopencm3_stm32f4.a(dma_common_f24.o)
 .debug_abbrev  0x00000723      0x10b ./libopencm3/lib/libopencm3_stm32f4.a(gpio_common_all.o)
 .debug_abbrev  0x0000082e       0xb4 ./libopencm3/lib/libopencm3_stm32f4.a(gpio_common_f0234.o)
 .debug_abbrev  0x000008e2      0x159 ./libopencm3/lib/libopencm3_stm32f4.a(timer_common_all.o)
 .debug_abbrev  0x00000a3b       0x87 ./libopencm3/lib/libopencm3_stm32f4.a(flash_common_f234.o)
 .debug_abbrev  0x00000ac2       0xbe ./libopencm3/lib/libopencm3_stm32f4.a(rcc_common_all.o)
 .debug_abbrev  0x00000b80      0x1df ./libopencm3/lib/libopencm3_stm32f4.a(usb.o)
 .debug_abbrev  0x00000d5f      0x363 ./libopencm3/lib/libopencm3_stm32f4.a(usb_standard.o)
 .debug_abbrev  0x000010c2      0x300 ./libopencm3/lib/libopencm3_stm32f4.a(usb_control.o)
 .debug_abbrev  0x000013c2      0x10b ./libopencm3/lib/libopencm3_stm32f4.a(usb_f107.o)
 .debug_abbrev  0x000014cd      0x137 ./libopencm3/lib/libopencm3_stm32f4.a(vector.o)
 .debug_abbrev  0x00001604       0xa3 ./libopencm3/lib/libopencm3_stm32f4.a(nvic.o)
 .debug_abbrev  0x000016a7       0x74 ./libopencm3/lib/libopencm3_stm32f4.a(pwr.o)
 .debug_abbrev  0x0000171b      0x248 ./libopencm3/lib/libopencm3_stm32f4.a(usb_fx07_common.o)

.debug_loc      0x00000000     0x3b8e
 .debug_loc     0x00000000      0x165 butter.o
 .debug_loc     0x00000165      0x372 ./libopencm3/lib/libopencm3_stm32f4.a(rcc.o)
 .debug_loc     0x000004d7      0xc5d ./libopencm3/lib/libopencm3_stm32f4.a(dma_common_f24.o)
 .debug_loc     0x00001134       0x76 ./libopencm3/lib/libopencm3_stm32f4.a(gpio_common_all.o)
 .debug_loc     0x000011aa      0x111 ./libopencm3/lib/libopencm3_stm32f4.a(gpio_common_f0234.o)
 .debug_loc     0x000012bb      0x52e ./libopencm3/lib/libopencm3_stm32f4.a(timer_common_all.o)
 .debug_loc     0x000017e9       0x3f ./libopencm3/lib/libopencm3_stm32f4.a(flash_common_f234.o)
 .debug_loc     0x00001828      0x129 ./libopencm3/lib/libopencm3_stm32f4.a(rcc_common_all.o)
 .debug_loc     0x00001951      0x462 ./libopencm3/lib/libopencm3_stm32f4.a(usb.o)
 .debug_loc     0x00001db3      0xffa ./libopencm3/lib/libopencm3_stm32f4.a(usb_standard.o)
 .debug_loc     0x00002dad      0x53d ./libopencm3/lib/libopencm3_stm32f4.a(usb_control.o)
 .debug_loc     0x000032ea       0xf5 ./libopencm3/lib/libopencm3_stm32f4.a(vector.o)
 .debug_loc     0x000033df      0x142 ./libopencm3/lib/libopencm3_stm32f4.a(nvic.o)
 .debug_loc     0x00003521      0x66d ./libopencm3/lib/libopencm3_stm32f4.a(usb_fx07_common.o)

.debug_aranges  0x00000000      0x908
 .debug_aranges
                0x00000000       0x68 butter.o
 .debug_aranges
                0x00000068       0xd8 ./libopencm3/lib/libopencm3_stm32f4.a(rcc.o)
 .debug_aranges
                0x00000140      0x168 ./libopencm3/lib/libopencm3_stm32f4.a(dma_common_f24.o)
 .debug_aranges
                0x000002a8       0x50 ./libopencm3/lib/libopencm3_stm32f4.a(gpio_common_all.o)
 .debug_aranges
                0x000002f8       0x30 ./libopencm3/lib/libopencm3_stm32f4.a(gpio_common_f0234.o)
 .debug_aranges
                0x00000328      0x278 ./libopencm3/lib/libopencm3_stm32f4.a(timer_common_all.o)
 .debug_aranges
                0x000005a0       0x50 ./libopencm3/lib/libopencm3_stm32f4.a(flash_common_f234.o)
 .debug_aranges
                0x000005f0       0x60 ./libopencm3/lib/libopencm3_stm32f4.a(rcc_common_all.o)
 .debug_aranges
                0x00000650       0x88 ./libopencm3/lib/libopencm3_stm32f4.a(usb.o)
 .debug_aranges
                0x000006d8       0x98 ./libopencm3/lib/libopencm3_stm32f4.a(usb_standard.o)
 .debug_aranges
                0x00000770       0x60 ./libopencm3/lib/libopencm3_stm32f4.a(usb_control.o)
 .debug_aranges
                0x000007d0       0x20 ./libopencm3/lib/libopencm3_stm32f4.a(usb_f107.o)
 .debug_aranges
                0x000007f0       0x30 ./libopencm3/lib/libopencm3_stm32f4.a(vector.o)
 .debug_aranges
                0x00000820       0x60 ./libopencm3/lib/libopencm3_stm32f4.a(nvic.o)
 .debug_aranges
                0x00000880       0x20 ./libopencm3/lib/libopencm3_stm32f4.a(pwr.o)
 .debug_aranges
                0x000008a0       0x68 ./libopencm3/lib/libopencm3_stm32f4.a(usb_fx07_common.o)

.debug_ranges   0x00000000      0x860
 .debug_ranges  0x00000000       0x58 butter.o
 .debug_ranges  0x00000058       0xc8 ./libopencm3/lib/libopencm3_stm32f4.a(rcc.o)
 .debug_ranges  0x00000120      0x158 ./libopencm3/lib/libopencm3_stm32f4.a(dma_common_f24.o)
 .debug_ranges  0x00000278       0x40 ./libopencm3/lib/libopencm3_stm32f4.a(gpio_common_all.o)
 .debug_ranges  0x000002b8       0x20 ./libopencm3/lib/libopencm3_stm32f4.a(gpio_common_f0234.o)
 .debug_ranges  0x000002d8      0x268 ./libopencm3/lib/libopencm3_stm32f4.a(timer_common_all.o)
 .debug_ranges  0x00000540       0x40 ./libopencm3/lib/libopencm3_stm32f4.a(flash_common_f234.o)
 .debug_ranges  0x00000580       0x50 ./libopencm3/lib/libopencm3_stm32f4.a(rcc_common_all.o)
 .debug_ranges  0x000005d0       0x78 ./libopencm3/lib/libopencm3_stm32f4.a(usb.o)
 .debug_ranges  0x00000648       0xc8 ./libopencm3/lib/libopencm3_stm32f4.a(usb_standard.o)
 .debug_ranges  0x00000710       0x50 ./libopencm3/lib/libopencm3_stm32f4.a(usb_control.o)
 .debug_ranges  0x00000760       0x10 ./libopencm3/lib/libopencm3_stm32f4.a(usb_f107.o)
 .debug_ranges  0x00000770       0x38 ./libopencm3/lib/libopencm3_stm32f4.a(vector.o)
 .debug_ranges  0x000007a8       0x50 ./libopencm3/lib/libopencm3_stm32f4.a(nvic.o)
 .debug_ranges  0x000007f8       0x10 ./libopencm3/lib/libopencm3_stm32f4.a(pwr.o)
 .debug_ranges  0x00000808       0x58 ./libopencm3/lib/libopencm3_stm32f4.a(usb_fx07_common.o)

.debug_line     0x00000000     0x2466
 .debug_line    0x00000000      0x342 butter.o
 .debug_line    0x00000342      0x346 ./libopencm3/lib/libopencm3_stm32f4.a(rcc.o)
 .debug_line    0x00000688      0x3c2 ./libopencm3/lib/libopencm3_stm32f4.a(dma_common_f24.o)
 .debug_line    0x00000a4a      0x122 ./libopencm3/lib/libopencm3_stm32f4.a(gpio_common_all.o)
 .debug_line    0x00000b6c      0x100 ./libopencm3/lib/libopencm3_stm32f4.a(gpio_common_f0234.o)
 .debug_line    0x00000c6c      0x72e ./libopencm3/lib/libopencm3_stm32f4.a(timer_common_all.o)
 .debug_line    0x0000139a      0x124 ./libopencm3/lib/libopencm3_stm32f4.a(flash_common_f234.o)
 .debug_line    0x000014be      0x167 ./libopencm3/lib/libopencm3_stm32f4.a(rcc_common_all.o)
 .debug_line    0x00001625      0x1ea ./libopencm3/lib/libopencm3_stm32f4.a(usb.o)
 .debug_line    0x0000180f      0x350 ./libopencm3/lib/libopencm3_stm32f4.a(usb_standard.o)
 .debug_line    0x00001b5f      0x210 ./libopencm3/lib/libopencm3_stm32f4.a(usb_control.o)
 .debug_line    0x00001d6f      0x110 ./libopencm3/lib/libopencm3_stm32f4.a(usb_f107.o)
 .debug_line    0x00001e7f      0x16f ./libopencm3/lib/libopencm3_stm32f4.a(vector.o)
 .debug_line    0x00001fee      0x135 ./libopencm3/lib/libopencm3_stm32f4.a(nvic.o)
 .debug_line    0x00002123       0xcd ./libopencm3/lib/libopencm3_stm32f4.a(pwr.o)
 .debug_line    0x000021f0      0x276 ./libopencm3/lib/libopencm3_stm32f4.a(usb_fx07_common.o)

.debug_str      0x00000000     0x3082
 .debug_str     0x00000000     0x122d butter.o
                               0x1301 (size before relaxing)
 .debug_str     0x0000122d      0x387 ./libopencm3/lib/libopencm3_stm32f4.a(rcc.o)
                                0x529 (size before relaxing)
 .debug_str     0x000015b4      0x340 ./libopencm3/lib/libopencm3_stm32f4.a(dma_common_f24.o)
                                0x6f6 (size before relaxing)
 .debug_str     0x000018f4       0x69 ./libopencm3/lib/libopencm3_stm32f4.a(gpio_common_all.o)
                                0x247 (size before relaxing)
 .debug_str     0x0000195d       0x61 ./libopencm3/lib/libopencm3_stm32f4.a(gpio_common_f0234.o)
                                0x269 (size before relaxing)
 .debug_str     0x000019be      0xaca ./libopencm3/lib/libopencm3_stm32f4.a(timer_common_all.o)
                                0xf3b (size before relaxing)
 .debug_str     0x00002488       0x96 ./libopencm3/lib/libopencm3_stm32f4.a(flash_common_f234.o)
                                0x243 (size before relaxing)
 .debug_str     0x0000251e       0xcc ./libopencm3/lib/libopencm3_stm32f4.a(rcc_common_all.o)
                                0xa69 (size before relaxing)
 .debug_str     0x000025ea      0x309 ./libopencm3/lib/libopencm3_stm32f4.a(usb.o)
                                0x95d (size before relaxing)
 .debug_str     0x000028f3      0x2f1 ./libopencm3/lib/libopencm3_stm32f4.a(usb_standard.o)
                                0xae8 (size before relaxing)
 .debug_str     0x00002be4       0xed ./libopencm3/lib/libopencm3_stm32f4.a(usb_control.o)
                                0x94f (size before relaxing)
 .debug_str     0x00002cd1       0x29 ./libopencm3/lib/libopencm3_stm32f4.a(usb_f107.o)
                                0x7ce (size before relaxing)
 .debug_str     0x00002cfa      0x1a5 ./libopencm3/lib/libopencm3_stm32f4.a(vector.o)
                                0x359 (size before relaxing)
 .debug_str     0x00002e9f       0xc4 ./libopencm3/lib/libopencm3_stm32f4.a(nvic.o)
                                0x29d (size before relaxing)
 .debug_str     0x00002f63        0x6 ./libopencm3/lib/libopencm3_stm32f4.a(pwr.o)
                                0x1d2 (size before relaxing)
 .debug_str     0x00002f69      0x119 ./libopencm3/lib/libopencm3_stm32f4.a(usb_fx07_common.o)
                                0x935 (size before relaxing)

.comment        0x00000000       0x70
 .comment       0x00000000       0x70 butter.o
                                 0x71 (size before relaxing)
 .comment       0x00000000       0x71 ./libopencm3/lib/libopencm3_stm32f4.a(rcc.o)
 .comment       0x00000000       0x71 ./libopencm3/lib/libopencm3_stm32f4.a(dma_common_f24.o)
 .comment       0x00000000       0x71 ./libopencm3/lib/libopencm3_stm32f4.a(gpio_common_all.o)
 .comment       0x00000000       0x71 ./libopencm3/lib/libopencm3_stm32f4.a(gpio_common_f0234.o)
 .comment       0x00000000       0x71 ./libopencm3/lib/libopencm3_stm32f4.a(timer_common_all.o)
 .comment       0x00000000       0x71 ./libopencm3/lib/libopencm3_stm32f4.a(flash_common_f234.o)
 .comment       0x00000000       0x71 ./libopencm3/lib/libopencm3_stm32f4.a(rcc_common_all.o)
 .comment       0x00000000       0x71 ./libopencm3/lib/libopencm3_stm32f4.a(usb.o)
 .comment       0x00000000       0x71 ./libopencm3/lib/libopencm3_stm32f4.a(usb_standard.o)
 .comment       0x00000000       0x71 ./libopencm3/lib/libopencm3_stm32f4.a(usb_control.o)
 .comment       0x00000000       0x71 ./libopencm3/lib/libopencm3_stm32f4.a(usb_f107.o)
 .comment       0x00000000       0x71 ./libopencm3/lib/libopencm3_stm32f4.a(vector.o)
 .comment       0x00000000       0x71 ./libopencm3/lib/libopencm3_stm32f4.a(nvic.o)
 .comment       0x00000000       0x71 ./libopencm3/lib/libopencm3_stm32f4.a(pwr.o)
 .comment       0x00000000       0x71 ./libopencm3/lib/libopencm3_stm32f4.a(usb_fx07_common.o)

.ARM.attributes
                0x00000000       0x37
 .ARM.attributes
                0x00000000       0x39 butter.o
 .ARM.attributes
                0x00000039       0x39 ./libopencm3/lib/libopencm3_stm32f4.a(rcc.o)
 .ARM.attributes
                0x00000072       0x39 ./libopencm3/lib/libopencm3_stm32f4.a(dma_common_f24.o)
 .ARM.attributes
                0x000000ab       0x39 ./libopencm3/lib/libopencm3_stm32f4.a(gpio_common_all.o)
 .ARM.attributes
                0x000000e4       0x39 ./libopencm3/lib/libopencm3_stm32f4.a(gpio_common_f0234.o)
 .ARM.attributes
                0x0000011d       0x39 ./libopencm3/lib/libopencm3_stm32f4.a(timer_common_all.o)
 .ARM.attributes
                0x00000156       0x39 ./libopencm3/lib/libopencm3_stm32f4.a(flash_common_f234.o)
 .ARM.attributes
                0x0000018f       0x39 ./libopencm3/lib/libopencm3_stm32f4.a(rcc_common_all.o)
 .ARM.attributes
                0x000001c8       0x39 ./libopencm3/lib/libopencm3_stm32f4.a(usb.o)
 .ARM.attributes
                0x00000201       0x39 ./libopencm3/lib/libopencm3_stm32f4.a(usb_standard.o)
 .ARM.attributes
                0x0000023a       0x39 ./libopencm3/lib/libopencm3_stm32f4.a(usb_control.o)
 .ARM.attributes
                0x00000273       0x39 ./libopencm3/lib/libopencm3_stm32f4.a(usb_f107.o)
 .ARM.attributes
                0x000002ac       0x39 ./libopencm3/lib/libopencm3_stm32f4.a(vector.o)
 .ARM.attributes
                0x000002e5       0x39 ./libopencm3/lib/libopencm3_stm32f4.a(nvic.o)
 .ARM.attributes
                0x0000031e       0x39 ./libopencm3/lib/libopencm3_stm32f4.a(pwr.o)
 .ARM.attributes
                0x00000357       0x39 ./libopencm3/lib/libopencm3_stm32f4.a(usb_fx07_common.o)
 .ARM.attributes
                0x00000390       0x20 /opt/ARM/bin/../lib/gcc/arm-none-eabi/4.8.4/../../../../arm-none-eabi/lib/armv7e-m/fpu/libc.a(lib_a-memcpy.o)
 .ARM.attributes
                0x000003b0       0x34 /opt/ARM/bin/../lib/gcc/arm-none-eabi/4.8.4/../../../../arm-none-eabi/lib/armv7e-m/fpu/libc.a(lib_a-strlen.o)

.debug_frame    0x00000000     0x12b4
 .debug_frame   0x00000000      0x108 butter.o
 .debug_frame   0x00000108      0x1a0 ./libopencm3/lib/libopencm3_stm32f4.a(rcc.o)
 .debug_frame   0x000002a8      0x30c ./libopencm3/lib/libopencm3_stm32f4.a(dma_common_f24.o)
 .debug_frame   0x000005b4       0x80 ./libopencm3/lib/libopencm3_stm32f4.a(gpio_common_all.o)
 .debug_frame   0x00000634       0x6c ./libopencm3/lib/libopencm3_stm32f4.a(gpio_common_f0234.o)
 .debug_frame   0x000006a0      0x4d8 ./libopencm3/lib/libopencm3_stm32f4.a(timer_common_all.o)
 .debug_frame   0x00000b78       0x80 ./libopencm3/lib/libopencm3_stm32f4.a(flash_common_f234.o)
 .debug_frame   0x00000bf8       0xa0 ./libopencm3/lib/libopencm3_stm32f4.a(rcc_common_all.o)
 .debug_frame   0x00000c98      0x158 ./libopencm3/lib/libopencm3_stm32f4.a(usb.o)
 .debug_frame   0x00000df0      0x184 ./libopencm3/lib/libopencm3_stm32f4.a(usb_standard.o)
 .debug_frame   0x00000f74      0x104 ./libopencm3/lib/libopencm3_stm32f4.a(usb_control.o)
 .debug_frame   0x00001078       0x20 ./libopencm3/lib/libopencm3_stm32f4.a(usb_f107.o)
 .debug_frame   0x00001098       0x40 ./libopencm3/lib/libopencm3_stm32f4.a(vector.o)
 .debug_frame   0x000010d8       0xa0 ./libopencm3/lib/libopencm3_stm32f4.a(nvic.o)
 .debug_frame   0x00001178       0x20 ./libopencm3/lib/libopencm3_stm32f4.a(pwr.o)
 .debug_frame   0x00001198       0xfc ./libopencm3/lib/libopencm3_stm32f4.a(usb_fx07_common.o)
 .debug_frame   0x00001294       0x20 /opt/ARM/bin/../lib/gcc/arm-none-eabi/4.8.4/../../../../arm-none-eabi/lib/armv7e-m/fpu/libc.a(lib_a-strlen.o)
