Archive member included because of file (symbol)

./libopencm3/lib/libopencm3_stm32f4.a(rcc.o)
                              butter.o (rcc_clock_setup_hse_3v3)
./libopencm3/lib/libopencm3_stm32f4.a(dma_common_f24.o)
                              butter.o (dma_stream_reset)
./libopencm3/lib/libopencm3_stm32f4.a(gpio_common_all.o)
                              butter.o (gpio_set)
./libopencm3/lib/libopencm3_stm32f4.a(gpio_common_f0234.o)
                              butter.o (gpio_mode_setup)
./libopencm3/lib/libopencm3_stm32f4.a(timer_common_all.o)
                              butter.o (timer_reset)
./libopencm3/lib/libopencm3_stm32f4.a(flash_common_f234.o)
                              ./libopencm3/lib/libopencm3_stm32f4.a(rcc.o) (flash_set_ws)
./libopencm3/lib/libopencm3_stm32f4.a(rcc_common_all.o)
                              butter.o (rcc_periph_clock_enable)
./libopencm3/lib/libopencm3_stm32f4.a(usb.o)
                              butter.o (usbd_init)
./libopencm3/lib/libopencm3_stm32f4.a(usb_standard.o)
                              butter.o (usbd_register_set_config_callback)
./libopencm3/lib/libopencm3_stm32f4.a(usb_control.o)
                              butter.o (usbd_register_control_callback)
./libopencm3/lib/libopencm3_stm32f4.a(usb_f107.o)
                              butter.o (stm32f107_usb_driver)
./libopencm3/lib/libopencm3_stm32f4.a(vector.o)
                              (reset_handler)
./libopencm3/lib/libopencm3_stm32f4.a(nvic.o)
                              butter.o (nvic_enable_irq)
./libopencm3/lib/libopencm3_stm32f4.a(assert.o)
                              ./libopencm3/lib/libopencm3_stm32f4.a(rcc.o) (cm3_assert_failed)
./libopencm3/lib/libopencm3_stm32f4.a(pwr.o)
                              ./libopencm3/lib/libopencm3_stm32f4.a(rcc.o) (pwr_set_vos_scale)
./libopencm3/lib/libopencm3_stm32f4.a(usb_fx07_common.o)
                              ./libopencm3/lib/libopencm3_stm32f4.a(usb_f107.o) (stm32fx07_set_address)
/opt/ARM/bin/../lib/gcc/arm-none-eabi/4.8.4/../../../../arm-none-eabi/lib/armv7e-m/fpu/libc.a(lib_a-memcpy.o)
                              ./libopencm3/lib/libopencm3_stm32f4.a(usb_standard.o) (memcpy)
/opt/ARM/bin/../lib/gcc/arm-none-eabi/4.8.4/../../../../arm-none-eabi/lib/armv7e-m/fpu/libc.a(lib_a-strlen.o)
                              ./libopencm3/lib/libopencm3_stm32f4.a(usb_standard.o) (strlen)

Discarded input sections

 .text          0x00000000        0x0 butter.o
 .data          0x00000000        0x0 butter.o
 .bss           0x00000000        0x0 butter.o
 .text          0x00000000        0x0 ./libopencm3/lib/libopencm3_stm32f4.a(rcc.o)
 .data          0x00000000        0x0 ./libopencm3/lib/libopencm3_stm32f4.a(rcc.o)
 .bss           0x00000000        0x0 ./libopencm3/lib/libopencm3_stm32f4.a(rcc.o)
 .text.rcc_osc_ready_int_clear
                0x00000000       0x48 ./libopencm3/lib/libopencm3_stm32f4.a(rcc.o)
 .text.rcc_osc_ready_int_enable
                0x00000000       0x48 ./libopencm3/lib/libopencm3_stm32f4.a(rcc.o)
 .text.rcc_osc_ready_int_disable
                0x00000000       0x48 ./libopencm3/lib/libopencm3_stm32f4.a(rcc.o)
 .text.rcc_osc_ready_int_flag
                0x00000000       0x44 ./libopencm3/lib/libopencm3_stm32f4.a(rcc.o)
 .text.rcc_css_int_clear
                0x00000000       0x10 ./libopencm3/lib/libopencm3_stm32f4.a(rcc.o)
 .text.rcc_css_int_flag
                0x00000000       0x10 ./libopencm3/lib/libopencm3_stm32f4.a(rcc.o)
 .text.rcc_css_enable
                0x00000000       0x10 ./libopencm3/lib/libopencm3_stm32f4.a(rcc.o)
 .text.rcc_css_disable
                0x00000000       0x10 ./libopencm3/lib/libopencm3_stm32f4.a(rcc.o)
 .text.rcc_osc_bypass_enable
                0x00000000       0x28 ./libopencm3/lib/libopencm3_stm32f4.a(rcc.o)
 .text.rcc_osc_bypass_disable
                0x00000000       0x28 ./libopencm3/lib/libopencm3_stm32f4.a(rcc.o)
 .text.rcc_set_pll_source
                0x00000000       0x14 ./libopencm3/lib/libopencm3_stm32f4.a(rcc.o)
 .text.rcc_set_rtcpre
                0x00000000       0x14 ./libopencm3/lib/libopencm3_stm32f4.a(rcc.o)
 .text.rcc_set_main_pll_hsi
                0x00000000       0x1c ./libopencm3/lib/libopencm3_stm32f4.a(rcc.o)
 .text.rcc_system_clock_source
                0x00000000       0x10 ./libopencm3/lib/libopencm3_stm32f4.a(rcc.o)
 .rodata.hse_16mhz_3v3
                0x00000000       0x48 ./libopencm3/lib/libopencm3_stm32f4.a(rcc.o)
 .rodata.hse_25mhz_3v3
                0x00000000       0x48 ./libopencm3/lib/libopencm3_stm32f4.a(rcc.o)
 .data.rcc_ahb_frequency
                0x00000000        0x4 ./libopencm3/lib/libopencm3_stm32f4.a(rcc.o)
 .rodata.hse_12mhz_3v3
                0x00000000       0x48 ./libopencm3/lib/libopencm3_stm32f4.a(rcc.o)
 .text          0x00000000        0x0 ./libopencm3/lib/libopencm3_stm32f4.a(dma_common_f24.o)
 .data          0x00000000        0x0 ./libopencm3/lib/libopencm3_stm32f4.a(dma_common_f24.o)
 .bss           0x00000000        0x0 ./libopencm3/lib/libopencm3_stm32f4.a(dma_common_f24.o)
 .text.dma_disable_memory_increment_mode
                0x00000000       0x12 ./libopencm3/lib/libopencm3_stm32f4.a(dma_common_f24.o)
 .text.dma_enable_peripheral_increment_mode
                0x00000000       0x16 ./libopencm3/lib/libopencm3_stm32f4.a(dma_common_f24.o)
 .text.dma_disable_peripheral_increment_mode
                0x00000000       0x12 ./libopencm3/lib/libopencm3_stm32f4.a(dma_common_f24.o)
 .text.dma_enable_fixed_peripheral_increment_mode
                0x00000000       0x12 ./libopencm3/lib/libopencm3_stm32f4.a(dma_common_f24.o)
 .text.dma_set_memory_burst
                0x00000000       0x14 ./libopencm3/lib/libopencm3_stm32f4.a(dma_common_f24.o)
 .text.dma_set_peripheral_burst
                0x00000000       0x14 ./libopencm3/lib/libopencm3_stm32f4.a(dma_common_f24.o)
 .text.dma_set_initial_target
                0x00000000       0x1a ./libopencm3/lib/libopencm3_stm32f4.a(dma_common_f24.o)
 .text.dma_get_target
                0x00000000       0x10 ./libopencm3/lib/libopencm3_stm32f4.a(dma_common_f24.o)
 .text.dma_enable_double_buffer_mode
                0x00000000       0x12 ./libopencm3/lib/libopencm3_stm32f4.a(dma_common_f24.o)
 .text.dma_disable_double_buffer_mode
                0x00000000       0x12 ./libopencm3/lib/libopencm3_stm32f4.a(dma_common_f24.o)
 .text.dma_set_peripheral_flow_control
                0x00000000       0x12 ./libopencm3/lib/libopencm3_stm32f4.a(dma_common_f24.o)
 .text.dma_set_dma_flow_control
                0x00000000       0x12 ./libopencm3/lib/libopencm3_stm32f4.a(dma_common_f24.o)
 .text.dma_enable_transfer_error_interrupt
                0x00000000       0x1e ./libopencm3/lib/libopencm3_stm32f4.a(dma_common_f24.o)
 .text.dma_disable_transfer_error_interrupt
                0x00000000       0x12 ./libopencm3/lib/libopencm3_stm32f4.a(dma_common_f24.o)
 .text.dma_enable_half_transfer_interrupt
                0x00000000       0x1e ./libopencm3/lib/libopencm3_stm32f4.a(dma_common_f24.o)
 .text.dma_disable_half_transfer_interrupt
                0x00000000       0x12 ./libopencm3/lib/libopencm3_stm32f4.a(dma_common_f24.o)
 .text.dma_disable_transfer_complete_interrupt
                0x00000000       0x12 ./libopencm3/lib/libopencm3_stm32f4.a(dma_common_f24.o)
 .text.dma_disable_direct_mode_error_interrupt
                0x00000000       0x12 ./libopencm3/lib/libopencm3_stm32f4.a(dma_common_f24.o)
 .text.dma_enable_fifo_error_interrupt
                0x00000000       0x1e ./libopencm3/lib/libopencm3_stm32f4.a(dma_common_f24.o)
 .text.dma_disable_fifo_error_interrupt
                0x00000000       0x12 ./libopencm3/lib/libopencm3_stm32f4.a(dma_common_f24.o)
 .text.dma_fifo_status
                0x00000000       0x10 ./libopencm3/lib/libopencm3_stm32f4.a(dma_common_f24.o)
 .text.dma_enable_direct_mode
                0x00000000       0x12 ./libopencm3/lib/libopencm3_stm32f4.a(dma_common_f24.o)
 .text.dma_enable_fifo_mode
                0x00000000       0x12 ./libopencm3/lib/libopencm3_stm32f4.a(dma_common_f24.o)
 .text.dma_set_fifo_threshold
                0x00000000       0x14 ./libopencm3/lib/libopencm3_stm32f4.a(dma_common_f24.o)
 .text.dma_disable_stream
                0x00000000       0x12 ./libopencm3/lib/libopencm3_stm32f4.a(dma_common_f24.o)
 .text.dma_set_memory_address_1
                0x00000000       0x1a ./libopencm3/lib/libopencm3_stm32f4.a(dma_common_f24.o)
 .text          0x00000000        0x0 ./libopencm3/lib/libopencm3_stm32f4.a(gpio_common_all.o)
 .data          0x00000000        0x0 ./libopencm3/lib/libopencm3_stm32f4.a(gpio_common_all.o)
 .bss           0x00000000        0x0 ./libopencm3/lib/libopencm3_stm32f4.a(gpio_common_all.o)
 .text.gpio_get
                0x00000000        0x6 ./libopencm3/lib/libopencm3_stm32f4.a(gpio_common_all.o)
 .text.gpio_port_read
                0x00000000        0x6 ./libopencm3/lib/libopencm3_stm32f4.a(gpio_common_all.o)
 .text.gpio_port_config_lock
                0x00000000       0x10 ./libopencm3/lib/libopencm3_stm32f4.a(gpio_common_all.o)
 .text          0x00000000        0x0 ./libopencm3/lib/libopencm3_stm32f4.a(gpio_common_f0234.o)
 .data          0x00000000        0x0 ./libopencm3/lib/libopencm3_stm32f4.a(gpio_common_f0234.o)
 .bss           0x00000000        0x0 ./libopencm3/lib/libopencm3_stm32f4.a(gpio_common_f0234.o)
 .text.gpio_set_output_options
                0x00000000       0x34 ./libopencm3/lib/libopencm3_stm32f4.a(gpio_common_f0234.o)
 .text          0x00000000        0x0 ./libopencm3/lib/libopencm3_stm32f4.a(timer_common_all.o)
 .data          0x00000000        0x0 ./libopencm3/lib/libopencm3_stm32f4.a(timer_common_all.o)
 .bss           0x00000000        0x0 ./libopencm3/lib/libopencm3_stm32f4.a(timer_common_all.o)
 .text.timer_interrupt_source
                0x00000000       0x34 ./libopencm3/lib/libopencm3_stm32f4.a(timer_common_all.o)
 .text.timer_set_mode
                0x00000000       0x12 ./libopencm3/lib/libopencm3_stm32f4.a(timer_common_all.o)
 .text.timer_set_clock_division
                0x00000000       0x14 ./libopencm3/lib/libopencm3_stm32f4.a(timer_common_all.o)
 .text.timer_enable_preload
                0x00000000        0xa ./libopencm3/lib/libopencm3_stm32f4.a(timer_common_all.o)
 .text.timer_disable_preload
                0x00000000        0xa ./libopencm3/lib/libopencm3_stm32f4.a(timer_common_all.o)
 .text.timer_set_alignment
                0x00000000       0x14 ./libopencm3/lib/libopencm3_stm32f4.a(timer_common_all.o)
 .text.timer_direction_up
                0x00000000        0xa ./libopencm3/lib/libopencm3_stm32f4.a(timer_common_all.o)
 .text.timer_direction_down
                0x00000000        0xa ./libopencm3/lib/libopencm3_stm32f4.a(timer_common_all.o)
 .text.timer_one_shot_mode
                0x00000000        0xa ./libopencm3/lib/libopencm3_stm32f4.a(timer_common_all.o)
 .text.timer_continuous_mode
                0x00000000        0xa ./libopencm3/lib/libopencm3_stm32f4.a(timer_common_all.o)
 .text.timer_update_on_any
                0x00000000        0xa ./libopencm3/lib/libopencm3_stm32f4.a(timer_common_all.o)
 .text.timer_enable_update_event
                0x00000000        0xa ./libopencm3/lib/libopencm3_stm32f4.a(timer_common_all.o)
 .text.timer_disable_update_event
                0x00000000        0xa ./libopencm3/lib/libopencm3_stm32f4.a(timer_common_all.o)
 .text.timer_disable_counter
                0x00000000        0xa ./libopencm3/lib/libopencm3_stm32f4.a(timer_common_all.o)
 .text.timer_set_output_idle_state
                0x00000000       0x1c ./libopencm3/lib/libopencm3_stm32f4.a(timer_common_all.o)
 .text.timer_reset_output_idle_state
                0x00000000       0x1c ./libopencm3/lib/libopencm3_stm32f4.a(timer_common_all.o)
 .text.timer_set_ti1_ch123_xor
                0x00000000        0xa ./libopencm3/lib/libopencm3_stm32f4.a(timer_common_all.o)
 .text.timer_set_ti1_ch1
                0x00000000        0xa ./libopencm3/lib/libopencm3_stm32f4.a(timer_common_all.o)
 .text.timer_set_master_mode
                0x00000000       0x10 ./libopencm3/lib/libopencm3_stm32f4.a(timer_common_all.o)
 .text.timer_set_dma_on_compare_event
                0x00000000        0xa ./libopencm3/lib/libopencm3_stm32f4.a(timer_common_all.o)
 .text.timer_enable_compare_control_update_on_trigger
                0x00000000       0x18 ./libopencm3/lib/libopencm3_stm32f4.a(timer_common_all.o)
 .text.timer_disable_compare_control_update_on_trigger
                0x00000000       0x18 ./libopencm3/lib/libopencm3_stm32f4.a(timer_common_all.o)
 .text.timer_enable_preload_complementry_enable_bits
                0x00000000       0x18 ./libopencm3/lib/libopencm3_stm32f4.a(timer_common_all.o)
 .text.timer_disable_preload_complementry_enable_bits
                0x00000000       0x18 ./libopencm3/lib/libopencm3_stm32f4.a(timer_common_all.o)
 .text.timer_set_repetition_counter
                0x00000000       0x14 ./libopencm3/lib/libopencm3_stm32f4.a(timer_common_all.o)
 .text.timer_enable_oc_clear
                0x00000000       0x34 ./libopencm3/lib/libopencm3_stm32f4.a(timer_common_all.o)
 .text.timer_set_oc_fast_mode
                0x00000000       0x34 ./libopencm3/lib/libopencm3_stm32f4.a(timer_common_all.o)
 .text.timer_enable_oc_preload
                0x00000000       0x34 ./libopencm3/lib/libopencm3_stm32f4.a(timer_common_all.o)
 .text.timer_set_oc_polarity_high
                0x00000000       0x64 ./libopencm3/lib/libopencm3_stm32f4.a(timer_common_all.o)
 .text.timer_set_oc_polarity_low
                0x00000000       0x64 ./libopencm3/lib/libopencm3_stm32f4.a(timer_common_all.o)
 .text.timer_enable_oc_output
                0x00000000       0x64 ./libopencm3/lib/libopencm3_stm32f4.a(timer_common_all.o)
 .text.timer_set_oc_idle_state_set
                0x00000000       0x58 ./libopencm3/lib/libopencm3_stm32f4.a(timer_common_all.o)
 .text.timer_set_oc_idle_state_unset
                0x00000000       0x58 ./libopencm3/lib/libopencm3_stm32f4.a(timer_common_all.o)
 .text.timer_enable_break_main_output
                0x00000000       0x18 ./libopencm3/lib/libopencm3_stm32f4.a(timer_common_all.o)
 .text.timer_disable_break_main_output
                0x00000000       0x18 ./libopencm3/lib/libopencm3_stm32f4.a(timer_common_all.o)
 .text.timer_enable_break_automatic_output
                0x00000000       0x18 ./libopencm3/lib/libopencm3_stm32f4.a(timer_common_all.o)
 .text.timer_disable_break_automatic_output
                0x00000000       0x18 ./libopencm3/lib/libopencm3_stm32f4.a(timer_common_all.o)
 .text.timer_set_break_polarity_high
                0x00000000       0x18 ./libopencm3/lib/libopencm3_stm32f4.a(timer_common_all.o)
 .text.timer_set_break_polarity_low
                0x00000000       0x18 ./libopencm3/lib/libopencm3_stm32f4.a(timer_common_all.o)
 .text.timer_enable_break
                0x00000000       0x18 ./libopencm3/lib/libopencm3_stm32f4.a(timer_common_all.o)
 .text.timer_disable_break
                0x00000000       0x18 ./libopencm3/lib/libopencm3_stm32f4.a(timer_common_all.o)
 .text.timer_set_enabled_off_state_in_run_mode
                0x00000000       0x18 ./libopencm3/lib/libopencm3_stm32f4.a(timer_common_all.o)
 .text.timer_set_disabled_off_state_in_run_mode
                0x00000000       0x18 ./libopencm3/lib/libopencm3_stm32f4.a(timer_common_all.o)
 .text.timer_set_enabled_off_state_in_idle_mode
                0x00000000       0x18 ./libopencm3/lib/libopencm3_stm32f4.a(timer_common_all.o)
 .text.timer_set_disabled_off_state_in_idle_mode
                0x00000000       0x18 ./libopencm3/lib/libopencm3_stm32f4.a(timer_common_all.o)
 .text.timer_set_break_lock
                0x00000000       0x18 ./libopencm3/lib/libopencm3_stm32f4.a(timer_common_all.o)
 .text.timer_set_deadtime
                0x00000000       0x18 ./libopencm3/lib/libopencm3_stm32f4.a(timer_common_all.o)
 .text.timer_generate_event
                0x00000000        0x8 ./libopencm3/lib/libopencm3_stm32f4.a(timer_common_all.o)
 .text.timer_get_counter
                0x00000000        0x4 ./libopencm3/lib/libopencm3_stm32f4.a(timer_common_all.o)
 .text.timer_set_counter
                0x00000000        0x4 ./libopencm3/lib/libopencm3_stm32f4.a(timer_common_all.o)
 .text.timer_ic_set_filter
                0x00000000       0x50 ./libopencm3/lib/libopencm3_stm32f4.a(timer_common_all.o)
 .text.timer_ic_set_prescaler
                0x00000000       0x50 ./libopencm3/lib/libopencm3_stm32f4.a(timer_common_all.o)
 .text.timer_ic_set_input
                0x00000000       0x62 ./libopencm3/lib/libopencm3_stm32f4.a(timer_common_all.o)
 .text.timer_ic_enable
                0x00000000       0x10 ./libopencm3/lib/libopencm3_stm32f4.a(timer_common_all.o)
 .text.timer_ic_disable
                0x00000000       0x12 ./libopencm3/lib/libopencm3_stm32f4.a(timer_common_all.o)
 .text.timer_slave_set_filter
                0x00000000       0x12 ./libopencm3/lib/libopencm3_stm32f4.a(timer_common_all.o)
 .text.timer_slave_set_prescaler
                0x00000000       0x12 ./libopencm3/lib/libopencm3_stm32f4.a(timer_common_all.o)
 .text.timer_slave_set_polarity
                0x00000000       0x12 ./libopencm3/lib/libopencm3_stm32f4.a(timer_common_all.o)
 .text.timer_slave_set_mode
                0x00000000       0x10 ./libopencm3/lib/libopencm3_stm32f4.a(timer_common_all.o)
 .text.timer_slave_set_trigger
                0x00000000       0x10 ./libopencm3/lib/libopencm3_stm32f4.a(timer_common_all.o)
 .text          0x00000000        0x0 ./libopencm3/lib/libopencm3_stm32f4.a(flash_common_f234.o)
 .data          0x00000000        0x0 ./libopencm3/lib/libopencm3_stm32f4.a(flash_common_f234.o)
 .bss           0x00000000        0x0 ./libopencm3/lib/libopencm3_stm32f4.a(flash_common_f234.o)
 .text.flash_unlock
                0x00000000       0x24 ./libopencm3/lib/libopencm3_stm32f4.a(flash_common_f234.o)
 .text.flash_lock
                0x00000000       0x10 ./libopencm3/lib/libopencm3_stm32f4.a(flash_common_f234.o)
 .text.flash_clear_pgperr_flag
                0x00000000       0x10 ./libopencm3/lib/libopencm3_stm32f4.a(flash_common_f234.o)
 .text.flash_clear_eop_flag
                0x00000000       0x10 ./libopencm3/lib/libopencm3_stm32f4.a(flash_common_f234.o)
 .text.flash_clear_bsy_flag
                0x00000000       0x10 ./libopencm3/lib/libopencm3_stm32f4.a(flash_common_f234.o)
 .text.flash_wait_for_last_operation
                0x00000000       0x10 ./libopencm3/lib/libopencm3_stm32f4.a(flash_common_f234.o)
 .text          0x00000000        0x0 ./libopencm3/lib/libopencm3_stm32f4.a(rcc_common_all.o)
 .data          0x00000000        0x0 ./libopencm3/lib/libopencm3_stm32f4.a(rcc_common_all.o)
 .bss           0x00000000        0x0 ./libopencm3/lib/libopencm3_stm32f4.a(rcc_common_all.o)
 .text.rcc_peripheral_enable_clock
                0x00000000        0x8 ./libopencm3/lib/libopencm3_stm32f4.a(rcc_common_all.o)
 .text.rcc_peripheral_disable_clock
                0x00000000        0xa ./libopencm3/lib/libopencm3_stm32f4.a(rcc_common_all.o)
 .text.rcc_peripheral_reset
                0x00000000        0x8 ./libopencm3/lib/libopencm3_stm32f4.a(rcc_common_all.o)
 .text.rcc_peripheral_clear_reset
                0x00000000        0xa ./libopencm3/lib/libopencm3_stm32f4.a(rcc_common_all.o)
 .text.rcc_periph_clock_disable
                0x00000000       0x1e ./libopencm3/lib/libopencm3_stm32f4.a(rcc_common_all.o)
 .text.rcc_periph_reset_hold
                0x00000000       0x1c ./libopencm3/lib/libopencm3_stm32f4.a(rcc_common_all.o)
 .text.rcc_periph_reset_release
                0x00000000       0x1e ./libopencm3/lib/libopencm3_stm32f4.a(rcc_common_all.o)
 .text          0x00000000        0x0 ./libopencm3/lib/libopencm3_stm32f4.a(usb.o)
 .data          0x00000000        0x0 ./libopencm3/lib/libopencm3_stm32f4.a(usb.o)
 .bss           0x00000000        0x0 ./libopencm3/lib/libopencm3_stm32f4.a(usb.o)
 .text.usbd_register_reset_callback
                0x00000000        0x4 ./libopencm3/lib/libopencm3_stm32f4.a(usb.o)
 .text.usbd_register_suspend_callback
                0x00000000        0x4 ./libopencm3/lib/libopencm3_stm32f4.a(usb.o)
 .text.usbd_register_resume_callback
                0x00000000        0x4 ./libopencm3/lib/libopencm3_stm32f4.a(usb.o)
 .text.usbd_register_sof_callback
                0x00000000        0x4 ./libopencm3/lib/libopencm3_stm32f4.a(usb.o)
 .text.usbd_disconnect
                0x00000000        0xe ./libopencm3/lib/libopencm3_stm32f4.a(usb.o)
 .text.usbd_ep_nak_set
                0x00000000        0xc ./libopencm3/lib/libopencm3_stm32f4.a(usb.o)
 .text          0x00000000        0x0 ./libopencm3/lib/libopencm3_stm32f4.a(usb_standard.o)
 .data          0x00000000        0x0 ./libopencm3/lib/libopencm3_stm32f4.a(usb_standard.o)
 .bss           0x00000000        0x0 ./libopencm3/lib/libopencm3_stm32f4.a(usb_standard.o)
 .text          0x00000000        0x0 ./libopencm3/lib/libopencm3_stm32f4.a(usb_control.o)
 .data          0x00000000        0x0 ./libopencm3/lib/libopencm3_stm32f4.a(usb_control.o)
 .bss           0x00000000        0x0 ./libopencm3/lib/libopencm3_stm32f4.a(usb_control.o)
 .text          0x00000000        0x0 ./libopencm3/lib/libopencm3_stm32f4.a(usb_f107.o)
 .data          0x00000000        0x0 ./libopencm3/lib/libopencm3_stm32f4.a(usb_f107.o)
 .bss           0x00000000        0x0 ./libopencm3/lib/libopencm3_stm32f4.a(usb_f107.o)
 .text          0x00000000        0x0 ./libopencm3/lib/libopencm3_stm32f4.a(vector.o)
 .data          0x00000000        0x0 ./libopencm3/lib/libopencm3_stm32f4.a(vector.o)
 .bss           0x00000000        0x0 ./libopencm3/lib/libopencm3_stm32f4.a(vector.o)
 .text          0x00000000        0x0 ./libopencm3/lib/libopencm3_stm32f4.a(nvic.o)
 .data          0x00000000        0x0 ./libopencm3/lib/libopencm3_stm32f4.a(nvic.o)
 .bss           0x00000000        0x0 ./libopencm3/lib/libopencm3_stm32f4.a(nvic.o)
 .text.nvic_disable_irq
                0x00000000       0x1c ./libopencm3/lib/libopencm3_stm32f4.a(nvic.o)
 .text.nvic_get_pending_irq
                0x00000000       0x24 ./libopencm3/lib/libopencm3_stm32f4.a(nvic.o)
 .text.nvic_set_pending_irq
                0x00000000       0x1c ./libopencm3/lib/libopencm3_stm32f4.a(nvic.o)
 .text.nvic_clear_pending_irq
                0x00000000       0x1c ./libopencm3/lib/libopencm3_stm32f4.a(nvic.o)
 .text.nvic_get_irq_enabled
                0x00000000       0x24 ./libopencm3/lib/libopencm3_stm32f4.a(nvic.o)
 .text.nvic_set_priority
                0x00000000       0x20 ./libopencm3/lib/libopencm3_stm32f4.a(nvic.o)
 .text.nvic_get_active_irq
                0x00000000       0x24 ./libopencm3/lib/libopencm3_stm32f4.a(nvic.o)
 .text.nvic_generate_software_interrupt
                0x00000000       0x14 ./libopencm3/lib/libopencm3_stm32f4.a(nvic.o)
 .text          0x00000000        0x0 ./libopencm3/lib/libopencm3_stm32f4.a(assert.o)
 .data          0x00000000        0x0 ./libopencm3/lib/libopencm3_stm32f4.a(assert.o)
 .bss           0x00000000        0x0 ./libopencm3/lib/libopencm3_stm32f4.a(assert.o)
 .text.cm3_assert_failed
                0x00000000        0x2 ./libopencm3/lib/libopencm3_stm32f4.a(assert.o)
 .text.cm3_assert_failed_verbose
                0x00000000        0x6 ./libopencm3/lib/libopencm3_stm32f4.a(assert.o)
 .debug_info    0x00000000       0xea ./libopencm3/lib/libopencm3_stm32f4.a(assert.o)
 .debug_abbrev  0x00000000       0x86 ./libopencm3/lib/libopencm3_stm32f4.a(assert.o)
 .debug_loc     0x00000000       0x84 ./libopencm3/lib/libopencm3_stm32f4.a(assert.o)
 .debug_aranges
                0x00000000       0x28 ./libopencm3/lib/libopencm3_stm32f4.a(assert.o)
 .debug_ranges  0x00000000       0x18 ./libopencm3/lib/libopencm3_stm32f4.a(assert.o)
 .debug_line    0x00000000       0x53 ./libopencm3/lib/libopencm3_stm32f4.a(assert.o)
 .debug_str     0x00000000      0x1e5 ./libopencm3/lib/libopencm3_stm32f4.a(assert.o)
 .comment       0x00000000       0x71 ./libopencm3/lib/libopencm3_stm32f4.a(assert.o)
 .ARM.attributes
                0x00000000       0x39 ./libopencm3/lib/libopencm3_stm32f4.a(assert.o)
 .debug_frame   0x00000000       0x38 ./libopencm3/lib/libopencm3_stm32f4.a(assert.o)
 .text          0x00000000        0x0 ./libopencm3/lib/libopencm3_stm32f4.a(pwr.o)
 .data          0x00000000        0x0 ./libopencm3/lib/libopencm3_stm32f4.a(pwr.o)
 .bss           0x00000000        0x0 ./libopencm3/lib/libopencm3_stm32f4.a(pwr.o)
 .text          0x00000000        0x0 ./libopencm3/lib/libopencm3_stm32f4.a(usb_fx07_common.o)
 .data          0x00000000        0x0 ./libopencm3/lib/libopencm3_stm32f4.a(usb_fx07_common.o)
 .bss           0x00000000        0x0 ./libopencm3/lib/libopencm3_stm32f4.a(usb_fx07_common.o)
 .data          0x00000000        0x0 /opt/ARM/bin/../lib/gcc/arm-none-eabi/4.8.4/../../../../arm-none-eabi/lib/armv7e-m/fpu/libc.a(lib_a-memcpy.o)
 .bss           0x00000000        0x0 /opt/ARM/bin/../lib/gcc/arm-none-eabi/4.8.4/../../../../arm-none-eabi/lib/armv7e-m/fpu/libc.a(lib_a-memcpy.o)
 .text          0x00000000        0x0 /opt/ARM/bin/../lib/gcc/arm-none-eabi/4.8.4/../../../../arm-none-eabi/lib/armv7e-m/fpu/libc.a(lib_a-strlen.o)
 .data          0x00000000        0x0 /opt/ARM/bin/../lib/gcc/arm-none-eabi/4.8.4/../../../../arm-none-eabi/lib/armv7e-m/fpu/libc.a(lib_a-strlen.o)
 .bss           0x00000000        0x0 /opt/ARM/bin/../lib/gcc/arm-none-eabi/4.8.4/../../../../arm-none-eabi/lib/armv7e-m/fpu/libc.a(lib_a-strlen.o)

Memory Configuration

Name             Origin             Length             Attributes
rom              0x08000000         0x00100000         xr
ram              0x20000000         0x00020000         xrw
*default*        0x00000000         0xffffffff

Linker script and memory map

LOAD butter.o
LOAD ./libopencm3/lib/libopencm3_stm32f4.a
START GROUP
LOAD /opt/ARM/bin/../lib/gcc/arm-none-eabi/4.8.4/../../../../arm-none-eabi/lib/armv7e-m/fpu/libc.a
LOAD /opt/ARM/bin/../lib/gcc/arm-none-eabi/4.8.4/armv7e-m/fpu/libgcc.a
LOAD /opt/ARM/bin/../lib/gcc/arm-none-eabi/4.8.4/../../../../arm-none-eabi/lib/armv7e-m/fpu/libnosys.a
END GROUP
START GROUP
LOAD /opt/ARM/bin/../lib/gcc/arm-none-eabi/4.8.4/armv7e-m/fpu/libgcc.a
LOAD /opt/ARM/bin/../lib/gcc/arm-none-eabi/4.8.4/../../../../arm-none-eabi/lib/armv7e-m/fpu/libc.a
END GROUP

.text           0x08000000     0x1df4
 *(.vectors)
 .vectors       0x08000000      0x1ac ./libopencm3/lib/libopencm3_stm32f4.a(vector.o)
                0x08000000                vector_table
 *(.text*)
 .text.cdcacm_control_request
                0x080001ac       0x1c butter.o
 .text.cdcacm_set_config
                0x080001c8       0x50 butter.o
 .text.cdcacm_data_tx_cb
                0x08000218       0x1a butter.o
 .text.cdcacm_data_rx_cb
                0x08000232       0x28 butter.o
 *fill*         0x0800025a        0x2 
 .text.tim2_isr
                0x0800025c       0x98 butter.o
                0x0800025c                tim2_isr
 .text.dma1_stream1_isr
                0x080002f4       0x48 butter.o
                0x080002f4                dma1_stream1_isr
 .text.startup.main
                0x0800033c      0x228 butter.o
                0x0800033c                main
 .text.rcc_wait_for_osc_ready
                0x08000564       0x4c ./libopencm3/lib/libopencm3_stm32f4.a(rcc.o)
                0x08000564                rcc_wait_for_osc_ready
 .text.rcc_wait_for_sysclk_status
                0x080005b0       0x38 ./libopencm3/lib/libopencm3_stm32f4.a(rcc.o)
                0x080005b0                rcc_wait_for_sysclk_status
 .text.rcc_osc_on
                0x080005e8       0x44 ./libopencm3/lib/libopencm3_stm32f4.a(rcc.o)
                0x080005e8                rcc_osc_on
 .text.rcc_osc_off
                0x0800062c       0x44 ./libopencm3/lib/libopencm3_stm32f4.a(rcc.o)
                0x0800062c                rcc_osc_off
 .text.rcc_set_sysclk_source
                0x08000670       0x14 ./libopencm3/lib/libopencm3_stm32f4.a(rcc.o)
                0x08000670                rcc_set_sysclk_source
 .text.rcc_set_ppre2
                0x08000684       0x14 ./libopencm3/lib/libopencm3_stm32f4.a(rcc.o)
                0x08000684                rcc_set_ppre2
 .text.rcc_set_ppre1
                0x08000698       0x14 ./libopencm3/lib/libopencm3_stm32f4.a(rcc.o)
                0x08000698                rcc_set_ppre1
 .text.rcc_set_hpre
                0x080006ac       0x14 ./libopencm3/lib/libopencm3_stm32f4.a(rcc.o)
                0x080006ac                rcc_set_hpre
 .text.rcc_set_main_pll_hse
                0x080006c0       0x20 ./libopencm3/lib/libopencm3_stm32f4.a(rcc.o)
                0x080006c0                rcc_set_main_pll_hse
 .text.rcc_clock_setup_hse_3v3
                0x080006e0       0x90 ./libopencm3/lib/libopencm3_stm32f4.a(rcc.o)
                0x080006e0                rcc_clock_setup_hse_3v3
 .text.dma_stream_reset
                0x08000770       0x4c ./libopencm3/lib/libopencm3_stm32f4.a(dma_common_f24.o)
                0x08000770                dma_stream_reset
 .text.dma_clear_interrupt_flags
                0x080007bc       0x1e ./libopencm3/lib/libopencm3_stm32f4.a(dma_common_f24.o)
                0x080007bc                dma_clear_interrupt_flags
 .text.dma_get_interrupt_flag
                0x080007da       0x28 ./libopencm3/lib/libopencm3_stm32f4.a(dma_common_f24.o)
                0x080007da                dma_get_interrupt_flag
 .text.dma_set_transfer_mode
                0x08000802       0x20 ./libopencm3/lib/libopencm3_stm32f4.a(dma_common_f24.o)
                0x08000802                dma_set_transfer_mode
 .text.dma_set_priority
                0x08000822       0x18 ./libopencm3/lib/libopencm3_stm32f4.a(dma_common_f24.o)
                0x08000822                dma_set_priority
 .text.dma_set_memory_size
                0x0800083a       0x18 ./libopencm3/lib/libopencm3_stm32f4.a(dma_common_f24.o)
                0x0800083a                dma_set_memory_size
 .text.dma_set_peripheral_size
                0x08000852       0x18 ./libopencm3/lib/libopencm3_stm32f4.a(dma_common_f24.o)
                0x08000852                dma_set_peripheral_size
 .text.dma_enable_memory_increment_mode
                0x0800086a       0x12 ./libopencm3/lib/libopencm3_stm32f4.a(dma_common_f24.o)
                0x0800086a                dma_enable_memory_increment_mode
 .text.dma_enable_circular_mode
                0x0800087c       0x12 ./libopencm3/lib/libopencm3_stm32f4.a(dma_common_f24.o)
                0x0800087c                dma_enable_circular_mode
 .text.dma_channel_select
                0x0800088e       0x10 ./libopencm3/lib/libopencm3_stm32f4.a(dma_common_f24.o)
                0x0800088e                dma_channel_select
 .text.dma_enable_transfer_complete_interrupt
                0x0800089e       0x1e ./libopencm3/lib/libopencm3_stm32f4.a(dma_common_f24.o)
                0x0800089e                dma_enable_transfer_complete_interrupt
 .text.dma_enable_direct_mode_error_interrupt
                0x080008bc       0x1e ./libopencm3/lib/libopencm3_stm32f4.a(dma_common_f24.o)
                0x080008bc                dma_enable_direct_mode_error_interrupt
 .text.dma_enable_stream
                0x080008da       0x12 ./libopencm3/lib/libopencm3_stm32f4.a(dma_common_f24.o)
                0x080008da                dma_enable_stream
 .text.dma_set_peripheral_address
                0x080008ec       0x10 ./libopencm3/lib/libopencm3_stm32f4.a(dma_common_f24.o)
                0x080008ec                dma_set_peripheral_address
 .text.dma_set_memory_address
                0x080008fc       0x1a ./libopencm3/lib/libopencm3_stm32f4.a(dma_common_f24.o)
                0x080008fc                dma_set_memory_address
 .text.dma_set_number_of_data
                0x08000916        0xc ./libopencm3/lib/libopencm3_stm32f4.a(dma_common_f24.o)
                0x08000916                dma_set_number_of_data
 .text.gpio_set
                0x08000922        0x4 ./libopencm3/lib/libopencm3_stm32f4.a(gpio_common_all.o)
                0x08000922                gpio_set
 .text.gpio_clear
                0x08000926        0x6 ./libopencm3/lib/libopencm3_stm32f4.a(gpio_common_all.o)
                0x08000926                gpio_clear
 .text.gpio_toggle
                0x0800092c       0x10 ./libopencm3/lib/libopencm3_stm32f4.a(gpio_common_all.o)
                0x0800092c                gpio_toggle
 .text.gpio_port_write
                0x0800093c        0x4 ./libopencm3/lib/libopencm3_stm32f4.a(gpio_common_all.o)
                0x0800093c                gpio_port_write
 .text.gpio_mode_setup
                0x08000940       0x44 ./libopencm3/lib/libopencm3_stm32f4.a(gpio_common_f0234.o)
                0x08000940                gpio_mode_setup
 .text.gpio_set_af
                0x08000984       0x50 ./libopencm3/lib/libopencm3_stm32f4.a(gpio_common_f0234.o)
                0x08000984                gpio_set_af
 .text.timer_reset
                0x080009d4       0x80 ./libopencm3/lib/libopencm3_stm32f4.a(timer_common_all.o)
                0x080009d4                timer_reset
 .text.timer_enable_irq
                0x08000a54        0x8 ./libopencm3/lib/libopencm3_stm32f4.a(timer_common_all.o)
                0x08000a54                timer_enable_irq
 .text.timer_disable_irq
                0x08000a5c        0xa ./libopencm3/lib/libopencm3_stm32f4.a(timer_common_all.o)
                0x08000a5c                timer_disable_irq
 .text.timer_get_flag
                0x08000a66        0xc ./libopencm3/lib/libopencm3_stm32f4.a(timer_common_all.o)
                0x08000a66                timer_get_flag
 .text.timer_clear_flag
                0x08000a72        0xa ./libopencm3/lib/libopencm3_stm32f4.a(timer_common_all.o)
                0x08000a72                timer_clear_flag
 .text.timer_update_on_overflow
                0x08000a7c        0xa ./libopencm3/lib/libopencm3_stm32f4.a(timer_common_all.o)
                0x08000a7c                timer_update_on_overflow
 .text.timer_enable_counter
                0x08000a86        0xa ./libopencm3/lib/libopencm3_stm32f4.a(timer_common_all.o)
                0x08000a86                timer_enable_counter
 .text.timer_set_dma_on_update_event
                0x08000a90        0xa ./libopencm3/lib/libopencm3_stm32f4.a(timer_common_all.o)
                0x08000a90                timer_set_dma_on_update_event
 .text.timer_set_prescaler
                0x08000a9a        0x4 ./libopencm3/lib/libopencm3_stm32f4.a(timer_common_all.o)
                0x08000a9a                timer_set_prescaler
 .text.timer_set_period
                0x08000a9e        0x4 ./libopencm3/lib/libopencm3_stm32f4.a(timer_common_all.o)
                0x08000a9e                timer_set_period
 .text.timer_disable_oc_clear
                0x08000aa2       0x34 ./libopencm3/lib/libopencm3_stm32f4.a(timer_common_all.o)
                0x08000aa2                timer_disable_oc_clear
 .text.timer_set_oc_slow_mode
                0x08000ad6       0x34 ./libopencm3/lib/libopencm3_stm32f4.a(timer_common_all.o)
                0x08000ad6                timer_set_oc_slow_mode
 .text.timer_set_oc_mode
                0x08000b0a      0x198 ./libopencm3/lib/libopencm3_stm32f4.a(timer_common_all.o)
                0x08000b0a                timer_set_oc_mode
 .text.timer_disable_oc_preload
                0x08000ca2       0x34 ./libopencm3/lib/libopencm3_stm32f4.a(timer_common_all.o)
                0x08000ca2                timer_disable_oc_preload
 *fill*         0x08000cd6        0x2 
 .text.timer_disable_oc_output
                0x08000cd8       0x64 ./libopencm3/lib/libopencm3_stm32f4.a(timer_common_all.o)
                0x08000cd8                timer_disable_oc_output
 .text.timer_set_oc_value
                0x08000d3c       0x20 ./libopencm3/lib/libopencm3_stm32f4.a(timer_common_all.o)
                0x08000d3c                timer_set_oc_value
 .text.flash_set_ws
                0x08000d5c       0x14 ./libopencm3/lib/libopencm3_stm32f4.a(flash_common_f234.o)
                0x08000d5c                flash_set_ws
 .text.rcc_periph_clock_enable
                0x08000d70       0x1c ./libopencm3/lib/libopencm3_stm32f4.a(rcc_common_all.o)
                0x08000d70                rcc_periph_clock_enable
 .text.rcc_periph_reset_pulse
                0x08000d8c       0x24 ./libopencm3/lib/libopencm3_stm32f4.a(rcc_common_all.o)
                0x08000d8c                rcc_periph_reset_pulse
 .text.usbd_init
                0x08000db0       0x54 ./libopencm3/lib/libopencm3_stm32f4.a(usb.o)
                0x08000db0                usbd_init
 .text.usbd_poll
                0x08000e04        0xc ./libopencm3/lib/libopencm3_stm32f4.a(usb.o)
                0x08000e04                usbd_poll
 .text.usbd_ep_setup
                0x08000e10       0x12 ./libopencm3/lib/libopencm3_stm32f4.a(usb.o)
                0x08000e10                usbd_ep_setup
 .text._usbd_reset
                0x08000e22       0x2c ./libopencm3/lib/libopencm3_stm32f4.a(usb.o)
                0x08000e22                _usbd_reset
 .text.usbd_ep_write_packet
                0x08000e4e        0xc ./libopencm3/lib/libopencm3_stm32f4.a(usb.o)
                0x08000e4e                usbd_ep_write_packet
 .text.usbd_ep_read_packet
                0x08000e5a        0xc ./libopencm3/lib/libopencm3_stm32f4.a(usb.o)
                0x08000e5a                usbd_ep_read_packet
 .text.usbd_ep_stall_set
                0x08000e66        0xc ./libopencm3/lib/libopencm3_stm32f4.a(usb.o)
                0x08000e66                usbd_ep_stall_set
 .text.usbd_ep_stall_get
                0x08000e72        0xc ./libopencm3/lib/libopencm3_stm32f4.a(usb.o)
                0x08000e72                usbd_ep_stall_get
 .text.usb_standard_get_configuration
                0x08000e7e       0x14 ./libopencm3/lib/libopencm3_stm32f4.a(usb_standard.o)
 .text.usb_standard_set_interface
                0x08000e92        0xe ./libopencm3/lib/libopencm3_stm32f4.a(usb_standard.o)
 .text.usb_standard_get_interface
                0x08000ea0        0xc ./libopencm3/lib/libopencm3_stm32f4.a(usb_standard.o)
 .text.usb_standard_device_get_status
                0x08000eac       0x18 ./libopencm3/lib/libopencm3_stm32f4.a(usb_standard.o)
 .text.usb_standard_interface_get_status
                0x08000ec4       0x18 ./libopencm3/lib/libopencm3_stm32f4.a(usb_standard.o)
 .text.usb_standard_endpoint_get_status
                0x08000edc       0x2a ./libopencm3/lib/libopencm3_stm32f4.a(usb_standard.o)
 .text.usb_standard_endpoint_stall
                0x08000f06       0x10 ./libopencm3/lib/libopencm3_stm32f4.a(usb_standard.o)
 .text.usb_standard_endpoint_unstall
                0x08000f16       0x10 ./libopencm3/lib/libopencm3_stm32f4.a(usb_standard.o)
 .text.usb_standard_set_address
                0x08000f26       0x28 ./libopencm3/lib/libopencm3_stm32f4.a(usb_standard.o)
 .text.usb_standard_set_configuration
                0x08000f4e       0x44 ./libopencm3/lib/libopencm3_stm32f4.a(usb_standard.o)
 .text.usb_standard_get_descriptor
                0x08000f92      0x26a ./libopencm3/lib/libopencm3_stm32f4.a(usb_standard.o)
 .text.usbd_register_set_config_callback
                0x080011fc       0x24 ./libopencm3/lib/libopencm3_stm32f4.a(usb_standard.o)
                0x080011fc                usbd_register_set_config_callback
 .text._usbd_standard_request_device
                0x08001220       0x20 ./libopencm3/lib/libopencm3_stm32f4.a(usb_standard.o)
                0x08001220                _usbd_standard_request_device
 .text._usbd_standard_request_interface
                0x08001240       0x20 ./libopencm3/lib/libopencm3_stm32f4.a(usb_standard.o)
                0x08001240                _usbd_standard_request_interface
 .text._usbd_standard_request_endpoint
                0x08001260       0x38 ./libopencm3/lib/libopencm3_stm32f4.a(usb_standard.o)
                0x08001260                _usbd_standard_request_endpoint
 .text._usbd_standard_request
                0x08001298       0x34 ./libopencm3/lib/libopencm3_stm32f4.a(usb_standard.o)
                0x08001298                _usbd_standard_request
 .text.stall_transaction
                0x080012cc       0x14 ./libopencm3/lib/libopencm3_stm32f4.a(usb_control.o)
 .text.usb_control_recv_chunk
                0x080012e0       0x3a ./libopencm3/lib/libopencm3_stm32f4.a(usb_control.o)
 .text.usb_control_send_chunk
                0x0800131a       0x46 ./libopencm3/lib/libopencm3_stm32f4.a(usb_control.o)
 .text.usb_control_request_dispatch
                0x08001360       0x62 ./libopencm3/lib/libopencm3_stm32f4.a(usb_control.o)
 .text.usb_control_setup_read
                0x080013c2       0x40 ./libopencm3/lib/libopencm3_stm32f4.a(usb_control.o)
 .text.usbd_register_control_callback
                0x08001402       0x26 ./libopencm3/lib/libopencm3_stm32f4.a(usb_control.o)
                0x08001402                usbd_register_control_callback
 .text._usbd_control_setup
                0x08001428       0x5a ./libopencm3/lib/libopencm3_stm32f4.a(usb_control.o)
                0x08001428                _usbd_control_setup
 .text._usbd_control_out
                0x08001482       0x86 ./libopencm3/lib/libopencm3_stm32f4.a(usb_control.o)
                0x08001482                _usbd_control_out
 .text._usbd_control_in
                0x08001508       0x56 ./libopencm3/lib/libopencm3_stm32f4.a(usb_control.o)
                0x08001508                _usbd_control_in
 *fill*         0x0800155e        0x2 
 .text.stm32f107_usbd_init
                0x08001560       0x98 ./libopencm3/lib/libopencm3_stm32f4.a(usb_f107.o)
 .text.blocking_handler
                0x080015f8        0x2 ./libopencm3/lib/libopencm3_stm32f4.a(vector.o)
                0x080015f8                dma2_stream1_isr
                0x080015f8                tim8_brk_tim12_isr
                0x080015f8                dma1_stream7_isr
                0x080015f8                usart3_isr
                0x080015f8                tim7_isr
                0x080015f8                dma2d_isr
                0x080015f8                uart8_isr
                0x080015f8                dma1_stream2_isr
                0x080015f8                otg_hs_isr
                0x080015f8                blocking_handler
                0x080015f8                tim5_isr
                0x080015f8                rtc_wkup_isr
                0x080015f8                otg_fs_isr
                0x080015f8                spi1_isr
                0x080015f8                i2c3_er_isr
                0x080015f8                exti2_isr
                0x080015f8                spi5_isr
                0x080015f8                usb_fs_wkup_isr
                0x080015f8                tamp_stamp_isr
                0x080015f8                can1_rx1_isr
                0x080015f8                dma2_stream0_isr
                0x080015f8                usart1_isr
                0x080015f8                i2c3_ev_isr
                0x080015f8                usage_fault_handler
                0x080015f8                can2_rx0_isr
                0x080015f8                dma1_stream6_isr
                0x080015f8                can2_rx1_isr
                0x080015f8                can1_sce_isr
                0x080015f8                tim1_cc_isr
                0x080015f8                can1_tx_isr
                0x080015f8                tim1_up_tim10_isr
                0x080015f8                sdio_isr
                0x080015f8                eth_isr
                0x080015f8                spi6_isr
                0x080015f8                dma2_stream5_isr
                0x080015f8                pvd_isr
                0x080015f8                can1_rx0_isr
                0x080015f8                rcc_isr
                0x080015f8                dma2_stream3_isr
                0x080015f8                flash_isr
                0x080015f8                uart4_isr
                0x080015f8                lcd_tft_isr
                0x080015f8                rtc_alarm_isr
                0x080015f8                exti15_10_isr
                0x080015f8                hash_rng_isr
                0x080015f8                tim1_trg_com_tim11_isr
                0x080015f8                hard_fault_handler
                0x080015f8                exti1_isr
                0x080015f8                i2c1_ev_isr
                0x080015f8                usart6_isr
                0x080015f8                spi2_isr
                0x080015f8                cryp_isr
                0x080015f8                nvic_wwdg_isr
                0x080015f8                dma2_stream4_isr
                0x080015f8                exti3_isr
                0x080015f8                tim3_isr
                0x080015f8                usart2_isr
                0x080015f8                sai1_isr
                0x080015f8                fpu_isr
                0x080015f8                dma1_stream4_isr
                0x080015f8                i2c2_er_isr
                0x080015f8                i2c2_ev_isr
                0x080015f8                uart5_isr
                0x080015f8                dma2_stream6_isr
                0x080015f8                spi4_isr
                0x080015f8                adc_isr
                0x080015f8                dma2_stream7_isr
                0x080015f8                tim8_up_tim13_isr
                0x080015f8                fsmc_isr
                0x080015f8                exti4_isr
                0x080015f8                tim6_dac_isr
                0x080015f8                dma1_stream3_isr
                0x080015f8                tim8_trg_com_tim14_isr
                0x080015f8                mem_manage_handler
                0x080015f8                lcd_tft_err_isr
                0x080015f8                can2_tx_isr
                0x080015f8                exti9_5_isr
                0x080015f8                tim1_brk_tim9_isr
                0x080015f8                uart7_isr
                0x080015f8                can2_sce_isr
                0x080015f8                tim4_isr
                0x080015f8                otg_hs_wkup_isr
                0x080015f8                i2c1_er_isr
                0x080015f8                dma1_stream0_isr
                0x080015f8                tim8_cc_isr
                0x080015f8                dcmi_isr
                0x080015f8                dma2_stream2_isr
                0x080015f8                eth_wkup_isr
                0x080015f8                bus_fault_handler
                0x080015f8                otg_hs_ep1_out_isr
                0x080015f8                spi3_isr
                0x080015f8                dma1_stream5_isr
                0x080015f8                otg_hs_ep1_in_isr
                0x080015f8                exti0_isr
 .text.null_handler
                0x080015fa        0x2 ./libopencm3/lib/libopencm3_stm32f4.a(vector.o)
                0x080015fa                null_handler
                0x080015fa                sv_call_handler
                0x080015fa                pend_sv_handler
                0x080015fa                debug_monitor_handler
                0x080015fa                sys_tick_handler
                0x080015fa                nmi_handler
 .text.reset_handler
                0x080015fc       0x90 ./libopencm3/lib/libopencm3_stm32f4.a(vector.o)
                0x080015fc                reset_handler
 .text.nvic_enable_irq
                0x0800168c       0x1c ./libopencm3/lib/libopencm3_stm32f4.a(nvic.o)
                0x0800168c                nvic_enable_irq
 .text.pwr_set_vos_scale
                0x080016a8       0x20 ./libopencm3/lib/libopencm3_stm32f4.a(pwr.o)
                0x080016a8                pwr_set_vos_scale
 .text.stm32fx07_set_address
                0x080016c8       0x18 ./libopencm3/lib/libopencm3_stm32f4.a(usb_fx07_common.o)
                0x080016c8                stm32fx07_set_address
 .text.stm32fx07_ep_setup
                0x080016e0      0x136 ./libopencm3/lib/libopencm3_stm32f4.a(usb_fx07_common.o)
                0x080016e0                stm32fx07_ep_setup
 .text.stm32fx07_endpoints_reset
                0x08001816        0xa ./libopencm3/lib/libopencm3_stm32f4.a(usb_fx07_common.o)
                0x08001816                stm32fx07_endpoints_reset
 .text.stm32fx07_ep_stall_set
                0x08001820       0x4e ./libopencm3/lib/libopencm3_stm32f4.a(usb_fx07_common.o)
                0x08001820                stm32fx07_ep_stall_set
 .text.stm32fx07_ep_stall_get
                0x0800186e       0x1e ./libopencm3/lib/libopencm3_stm32f4.a(usb_fx07_common.o)
                0x0800186e                stm32fx07_ep_stall_get
 .text.stm32fx07_ep_nak_set
                0x0800188c       0x28 ./libopencm3/lib/libopencm3_stm32f4.a(usb_fx07_common.o)
                0x0800188c                stm32fx07_ep_nak_set
 .text.stm32fx07_ep_write_packet
                0x080018b4       0x58 ./libopencm3/lib/libopencm3_stm32f4.a(usb_fx07_common.o)
                0x080018b4                stm32fx07_ep_write_packet
 .text.stm32fx07_ep_read_packet
                0x0800190c       0x8c ./libopencm3/lib/libopencm3_stm32f4.a(usb_fx07_common.o)
                0x0800190c                stm32fx07_ep_read_packet
 .text.stm32fx07_poll
                0x08001998      0x106 ./libopencm3/lib/libopencm3_stm32f4.a(usb_fx07_common.o)
                0x08001998                stm32fx07_poll
 .text.stm32fx07_disconnect
                0x08001a9e       0x1c ./libopencm3/lib/libopencm3_stm32f4.a(usb_fx07_common.o)
                0x08001a9e                stm32fx07_disconnect
 *fill*         0x08001aba        0x2 
 .text          0x08001abc      0x134 /opt/ARM/bin/../lib/gcc/arm-none-eabi/4.8.4/../../../../arm-none-eabi/lib/armv7e-m/fpu/libc.a(lib_a-memcpy.o)
                0x08001abc                memcpy
 .text.strlen   0x08001bf0       0x60 /opt/ARM/bin/../lib/gcc/arm-none-eabi/4.8.4/../../../../arm-none-eabi/lib/armv7e-m/fpu/libc.a(lib_a-strlen.o)
                0x08001bf0                strlen
                0x08001c50                . = ALIGN (0x4)
 *(.rodata*)
 .rodata.dev    0x08001c50       0x12 butter.o
 .rodata.data_endp
                0x08001c62       0x1e butter.o
 .rodata.comm_endp
                0x08001c80        0xf butter.o
 .rodata.data_iface
                0x08001c8f       0x15 butter.o
 .rodata.comm_iface
                0x08001ca4       0x15 butter.o
 .rodata.str1.1
                0x08001cb9       0x2c butter.o
 *fill*         0x08001ce5        0x3 
 .rodata.ifaces
                0x08001ce8       0x18 butter.o
 .rodata.config
                0x08001d00        0xd butter.o
 .rodata.cdcacm_functional_descriptors
                0x08001d0d       0x13 butter.o
 .rodata.hse_8mhz_3v3
                0x08001d20       0x48 ./libopencm3/lib/libopencm3_stm32f4.a(rcc.o)
                0x08001d20                hse_8mhz_3v3
 .rodata.CSWTCH.22
                0x08001d68       0x28 ./libopencm3/lib/libopencm3_stm32f4.a(usb_standard.o)
 .rodata.CSWTCH.24
                0x08001d90       0x30 ./libopencm3/lib/libopencm3_stm32f4.a(usb_standard.o)
 .rodata.stm32f107_usb_driver
                0x08001dc0       0x34 ./libopencm3/lib/libopencm3_stm32f4.a(usb_f107.o)
                0x08001dc0                stm32f107_usb_driver
                0x08001df4                . = ALIGN (0x4)

.glue_7         0x08001df4        0x0
 .glue_7        0x00000000        0x0 linker stubs

.glue_7t        0x08001df4        0x0
 .glue_7t       0x00000000        0x0 linker stubs

.vfp11_veneer   0x08001df4        0x0
 .vfp11_veneer  0x00000000        0x0 linker stubs

.v4_bx          0x08001df4        0x0
 .v4_bx         0x00000000        0x0 linker stubs

.iplt           0x08001df4        0x0
 .iplt          0x00000000        0x0 butter.o

.rel.dyn        0x08001df4        0x0
 .rel.iplt      0x00000000        0x0 butter.o

.preinit_array  0x08001df4        0x0
                0x08001df4                . = ALIGN (0x4)
                0x08001df4                __preinit_array_start = .
 *(.preinit_array)
                0x08001df4                __preinit_array_end = .

.init_array     0x08001df4        0x0
                0x08001df4                . = ALIGN (0x4)
                0x08001df4                __init_array_start = .
 *(SORT(.init_array.*))
 *(.init_array)
                0x08001df4                __init_array_end = .

.fini_array     0x08001df4        0x0
                0x08001df4                . = ALIGN (0x4)
                0x08001df4                __fini_array_start = .
 *(.fini_array)
 *(SORT(.fini_array.*))
                0x08001df4                __fini_array_end = .

.ARM.extab
 *(.ARM.extab*)

.ARM.exidx      0x08001df4        0x0
                0x08001df4                __exidx_start = .
 *(.ARM.exidx*)
                0x08001df4                __exidx_end = .
                0x08001df4                . = ALIGN (0x4)
                0x08001df4                _etext = .

.data           0x20000000       0x18 load address 0x08001df4
                0x20000000                _data = .
 *(.data*)
 .data.message  0x20000000        0x1 butter.o
 *fill*         0x20000001        0x3 
 .data.usb_strings
                0x20000004        0xc butter.o
 .data.rcc_apb1_frequency
                0x20000010        0x4 ./libopencm3/lib/libopencm3_stm32f4.a(rcc.o)
                0x20000010                rcc_apb1_frequency
 .data.rcc_apb2_frequency
                0x20000014        0x4 ./libopencm3/lib/libopencm3_stm32f4.a(rcc.o)
                0x20000014                rcc_apb2_frequency
                0x20000018                . = ALIGN (0x4)
                0x20000018                _edata = .
                0x08001df4                _data_loadaddr = LOADADDR (.data)

.igot.plt       0x20000018        0x0 load address 0x08001e0c
 .igot.plt      0x00000000        0x0 butter.o

.bss            0x20000018      0x18c load address 0x08001e0c
 *(.bss*)
 .bss.datas     0x20000018       0x10 butter.o
 .bss.usbd_control_buffer
                0x20000028       0x80 butter.o
                0x20000028                usbd_control_buffer
 .bss.usb_device
                0x200000a8        0x4 butter.o
 .bss.ready     0x200000ac        0x1 butter.o
 *fill*         0x200000ad        0x3 
 .bss.usbd_dev  0x200000b0       0xf4 ./libopencm3/lib/libopencm3_stm32f4.a(usb_f107.o)
 *(COMMON)
                0x200001a4                . = ALIGN (0x4)
                0x200001a4                _ebss = .

/DISCARD/
 *(.eh_frame)
                0x200001a4                . = ALIGN (0x4)
                0x200001a4                end = .
                0x20020000                PROVIDE (_stack, (ORIGIN (ram) + 0x20000))
OUTPUT(butter.elf elf32-littlearm)

.debug_info     0x00000000     0x9836
 .debug_info    0x00000000     0x1bb3 butter.o
 .debug_info    0x00001bb3      0x7ef ./libopencm3/lib/libopencm3_stm32f4.a(rcc.o)
 .debug_info    0x000023a2      0xba8 ./libopencm3/lib/libopencm3_stm32f4.a(dma_common_f24.o)
 .debug_info    0x00002f4a      0x228 ./libopencm3/lib/libopencm3_stm32f4.a(gpio_common_all.o)
 .debug_info    0x00003172      0x1e7 ./libopencm3/lib/libopencm3_stm32f4.a(gpio_common_f0234.o)
 .debug_info    0x00003359     0x11d1 ./libopencm3/lib/libopencm3_stm32f4.a(timer_common_all.o)
 .debug_info    0x0000452a      0x11b ./libopencm3/lib/libopencm3_stm32f4.a(flash_common_f234.o)
 .debug_info    0x00004645      0x7a3 ./libopencm3/lib/libopencm3_stm32f4.a(rcc_common_all.o)
 .debug_info    0x00004de8      0xd43 ./libopencm3/lib/libopencm3_stm32f4.a(usb.o)
 .debug_info    0x00005b2b     0x13c9 ./libopencm3/lib/libopencm3_stm32f4.a(usb_standard.o)
 .debug_info    0x00006ef4      0xe43 ./libopencm3/lib/libopencm3_stm32f4.a(usb_control.o)
 .debug_info    0x00007d37      0x8de ./libopencm3/lib/libopencm3_stm32f4.a(usb_f107.o)
 .debug_info    0x00008615      0x2af ./libopencm3/lib/libopencm3_stm32f4.a(vector.o)
 .debug_info    0x000088c4      0x210 ./libopencm3/lib/libopencm3_stm32f4.a(nvic.o)
 .debug_info    0x00008ad4       0xc1 ./libopencm3/lib/libopencm3_stm32f4.a(pwr.o)
 .debug_info    0x00008b95      0xca1 ./libopencm3/lib/libopencm3_stm32f4.a(usb_fx07_common.o)

.debug_abbrev   0x00000000     0x1978
 .debug_abbrev  0x00000000      0x32c butter.o
 .debug_abbrev  0x0000032c      0x286 ./libopencm3/lib/libopencm3_stm32f4.a(rcc.o)
 .debug_abbrev  0x000005b2      0x186 ./libopencm3/lib/libopencm3_stm32f4.a(dma_common_f24.o)
 .debug_abbrev  0x00000738      0x10b ./libopencm3/lib/libopencm3_stm32f4.a(gpio_common_all.o)
 .debug_abbrev  0x00000843       0xb4 ./libopencm3/lib/libopencm3_stm32f4.a(gpio_common_f0234.o)
 .debug_abbrev  0x000008f7      0x159 ./libopencm3/lib/libopencm3_stm32f4.a(timer_common_all.o)
 .debug_abbrev  0x00000a50       0x87 ./libopencm3/lib/libopencm3_stm32f4.a(flash_common_f234.o)
 .debug_abbrev  0x00000ad7       0xbe ./libopencm3/lib/libopencm3_stm32f4.a(rcc_common_all.o)
 .debug_abbrev  0x00000b95      0x1df ./libopencm3/lib/libopencm3_stm32f4.a(usb.o)
 .debug_abbrev  0x00000d74      0x363 ./libopencm3/lib/libopencm3_stm32f4.a(usb_standard.o)
 .debug_abbrev  0x000010d7      0x300 ./libopencm3/lib/libopencm3_stm32f4.a(usb_control.o)
 .debug_abbrev  0x000013d7      0x10b ./libopencm3/lib/libopencm3_stm32f4.a(usb_f107.o)
 .debug_abbrev  0x000014e2      0x137 ./libopencm3/lib/libopencm3_stm32f4.a(vector.o)
 .debug_abbrev  0x00001619       0xa3 ./libopencm3/lib/libopencm3_stm32f4.a(nvic.o)
 .debug_abbrev  0x000016bc       0x74 ./libopencm3/lib/libopencm3_stm32f4.a(pwr.o)
 .debug_abbrev  0x00001730      0x248 ./libopencm3/lib/libopencm3_stm32f4.a(usb_fx07_common.o)

.debug_loc      0x00000000     0x3b7b
 .debug_loc     0x00000000      0x152 butter.o
 .debug_loc     0x00000152      0x372 ./libopencm3/lib/libopencm3_stm32f4.a(rcc.o)
 .debug_loc     0x000004c4      0xc5d ./libopencm3/lib/libopencm3_stm32f4.a(dma_common_f24.o)
 .debug_loc     0x00001121       0x76 ./libopencm3/lib/libopencm3_stm32f4.a(gpio_common_all.o)
 .debug_loc     0x00001197      0x111 ./libopencm3/lib/libopencm3_stm32f4.a(gpio_common_f0234.o)
 .debug_loc     0x000012a8      0x52e ./libopencm3/lib/libopencm3_stm32f4.a(timer_common_all.o)
 .debug_loc     0x000017d6       0x3f ./libopencm3/lib/libopencm3_stm32f4.a(flash_common_f234.o)
 .debug_loc     0x00001815      0x129 ./libopencm3/lib/libopencm3_stm32f4.a(rcc_common_all.o)
 .debug_loc     0x0000193e      0x462 ./libopencm3/lib/libopencm3_stm32f4.a(usb.o)
 .debug_loc     0x00001da0      0xffa ./libopencm3/lib/libopencm3_stm32f4.a(usb_standard.o)
 .debug_loc     0x00002d9a      0x53d ./libopencm3/lib/libopencm3_stm32f4.a(usb_control.o)
 .debug_loc     0x000032d7       0xf5 ./libopencm3/lib/libopencm3_stm32f4.a(vector.o)
 .debug_loc     0x000033cc      0x142 ./libopencm3/lib/libopencm3_stm32f4.a(nvic.o)
 .debug_loc     0x0000350e      0x66d ./libopencm3/lib/libopencm3_stm32f4.a(usb_fx07_common.o)

.debug_aranges  0x00000000      0x8f0
 .debug_aranges
                0x00000000       0x50 butter.o
 .debug_aranges
                0x00000050       0xd8 ./libopencm3/lib/libopencm3_stm32f4.a(rcc.o)
 .debug_aranges
                0x00000128      0x168 ./libopencm3/lib/libopencm3_stm32f4.a(dma_common_f24.o)
 .debug_aranges
                0x00000290       0x50 ./libopencm3/lib/libopencm3_stm32f4.a(gpio_common_all.o)
 .debug_aranges
                0x000002e0       0x30 ./libopencm3/lib/libopencm3_stm32f4.a(gpio_common_f0234.o)
 .debug_aranges
                0x00000310      0x278 ./libopencm3/lib/libopencm3_stm32f4.a(timer_common_all.o)
 .debug_aranges
                0x00000588       0x50 ./libopencm3/lib/libopencm3_stm32f4.a(flash_common_f234.o)
 .debug_aranges
                0x000005d8       0x60 ./libopencm3/lib/libopencm3_stm32f4.a(rcc_common_all.o)
 .debug_aranges
                0x00000638       0x88 ./libopencm3/lib/libopencm3_stm32f4.a(usb.o)
 .debug_aranges
                0x000006c0       0x98 ./libopencm3/lib/libopencm3_stm32f4.a(usb_standard.o)
 .debug_aranges
                0x00000758       0x60 ./libopencm3/lib/libopencm3_stm32f4.a(usb_control.o)
 .debug_aranges
                0x000007b8       0x20 ./libopencm3/lib/libopencm3_stm32f4.a(usb_f107.o)
 .debug_aranges
                0x000007d8       0x30 ./libopencm3/lib/libopencm3_stm32f4.a(vector.o)
 .debug_aranges
                0x00000808       0x60 ./libopencm3/lib/libopencm3_stm32f4.a(nvic.o)
 .debug_aranges
                0x00000868       0x20 ./libopencm3/lib/libopencm3_stm32f4.a(pwr.o)
 .debug_aranges
                0x00000888       0x68 ./libopencm3/lib/libopencm3_stm32f4.a(usb_fx07_common.o)

.debug_ranges   0x00000000      0x848
 .debug_ranges  0x00000000       0x40 butter.o
 .debug_ranges  0x00000040       0xc8 ./libopencm3/lib/libopencm3_stm32f4.a(rcc.o)
 .debug_ranges  0x00000108      0x158 ./libopencm3/lib/libopencm3_stm32f4.a(dma_common_f24.o)
 .debug_ranges  0x00000260       0x40 ./libopencm3/lib/libopencm3_stm32f4.a(gpio_common_all.o)
 .debug_ranges  0x000002a0       0x20 ./libopencm3/lib/libopencm3_stm32f4.a(gpio_common_f0234.o)
 .debug_ranges  0x000002c0      0x268 ./libopencm3/lib/libopencm3_stm32f4.a(timer_common_all.o)
 .debug_ranges  0x00000528       0x40 ./libopencm3/lib/libopencm3_stm32f4.a(flash_common_f234.o)
 .debug_ranges  0x00000568       0x50 ./libopencm3/lib/libopencm3_stm32f4.a(rcc_common_all.o)
 .debug_ranges  0x000005b8       0x78 ./libopencm3/lib/libopencm3_stm32f4.a(usb.o)
 .debug_ranges  0x00000630       0xc8 ./libopencm3/lib/libopencm3_stm32f4.a(usb_standard.o)
 .debug_ranges  0x000006f8       0x50 ./libopencm3/lib/libopencm3_stm32f4.a(usb_control.o)
 .debug_ranges  0x00000748       0x10 ./libopencm3/lib/libopencm3_stm32f4.a(usb_f107.o)
 .debug_ranges  0x00000758       0x38 ./libopencm3/lib/libopencm3_stm32f4.a(vector.o)
 .debug_ranges  0x00000790       0x50 ./libopencm3/lib/libopencm3_stm32f4.a(nvic.o)
 .debug_ranges  0x000007e0       0x10 ./libopencm3/lib/libopencm3_stm32f4.a(pwr.o)
 .debug_ranges  0x000007f0       0x58 ./libopencm3/lib/libopencm3_stm32f4.a(usb_fx07_common.o)

.debug_line     0x00000000     0x23e0
 .debug_line    0x00000000      0x2bc butter.o
 .debug_line    0x000002bc      0x346 ./libopencm3/lib/libopencm3_stm32f4.a(rcc.o)
 .debug_line    0x00000602      0x3c2 ./libopencm3/lib/libopencm3_stm32f4.a(dma_common_f24.o)
 .debug_line    0x000009c4      0x122 ./libopencm3/lib/libopencm3_stm32f4.a(gpio_common_all.o)
 .debug_line    0x00000ae6      0x100 ./libopencm3/lib/libopencm3_stm32f4.a(gpio_common_f0234.o)
 .debug_line    0x00000be6      0x72e ./libopencm3/lib/libopencm3_stm32f4.a(timer_common_all.o)
 .debug_line    0x00001314      0x124 ./libopencm3/lib/libopencm3_stm32f4.a(flash_common_f234.o)
 .debug_line    0x00001438      0x167 ./libopencm3/lib/libopencm3_stm32f4.a(rcc_common_all.o)
 .debug_line    0x0000159f      0x1ea ./libopencm3/lib/libopencm3_stm32f4.a(usb.o)
 .debug_line    0x00001789      0x350 ./libopencm3/lib/libopencm3_stm32f4.a(usb_standard.o)
 .debug_line    0x00001ad9      0x210 ./libopencm3/lib/libopencm3_stm32f4.a(usb_control.o)
 .debug_line    0x00001ce9      0x110 ./libopencm3/lib/libopencm3_stm32f4.a(usb_f107.o)
 .debug_line    0x00001df9      0x16f ./libopencm3/lib/libopencm3_stm32f4.a(vector.o)
 .debug_line    0x00001f68      0x135 ./libopencm3/lib/libopencm3_stm32f4.a(nvic.o)
 .debug_line    0x0000209d       0xcd ./libopencm3/lib/libopencm3_stm32f4.a(pwr.o)
 .debug_line    0x0000216a      0x276 ./libopencm3/lib/libopencm3_stm32f4.a(usb_fx07_common.o)

.debug_str      0x00000000     0x302b
 .debug_str     0x00000000     0x1160 butter.o
                               0x1234 (size before relaxing)
 .debug_str     0x00001160      0x387 ./libopencm3/lib/libopencm3_stm32f4.a(rcc.o)
                                0x529 (size before relaxing)
 .debug_str     0x000014e7      0x356 ./libopencm3/lib/libopencm3_stm32f4.a(dma_common_f24.o)
                                0x6f6 (size before relaxing)
 .debug_str     0x0000183d       0x59 ./libopencm3/lib/libopencm3_stm32f4.a(gpio_common_all.o)
                                0x247 (size before relaxing)
 .debug_str     0x00001896       0x79 ./libopencm3/lib/libopencm3_stm32f4.a(gpio_common_f0234.o)
                                0x269 (size before relaxing)
 .debug_str     0x0000190f      0xb22 ./libopencm3/lib/libopencm3_stm32f4.a(timer_common_all.o)
                                0xf3b (size before relaxing)
 .debug_str     0x00002431       0x96 ./libopencm3/lib/libopencm3_stm32f4.a(flash_common_f234.o)
                                0x243 (size before relaxing)
 .debug_str     0x000024c7       0xcc ./libopencm3/lib/libopencm3_stm32f4.a(rcc_common_all.o)
                                0xa69 (size before relaxing)
 .debug_str     0x00002593      0x309 ./libopencm3/lib/libopencm3_stm32f4.a(usb.o)
                                0x95d (size before relaxing)
 .debug_str     0x0000289c      0x2f1 ./libopencm3/lib/libopencm3_stm32f4.a(usb_standard.o)
                                0xae8 (size before relaxing)
 .debug_str     0x00002b8d       0xed ./libopencm3/lib/libopencm3_stm32f4.a(usb_control.o)
                                0x94f (size before relaxing)
 .debug_str     0x00002c7a       0x29 ./libopencm3/lib/libopencm3_stm32f4.a(usb_f107.o)
                                0x7ce (size before relaxing)
 .debug_str     0x00002ca3      0x1a5 ./libopencm3/lib/libopencm3_stm32f4.a(vector.o)
                                0x359 (size before relaxing)
 .debug_str     0x00002e48       0xc4 ./libopencm3/lib/libopencm3_stm32f4.a(nvic.o)
                                0x29d (size before relaxing)
 .debug_str     0x00002f0c        0x6 ./libopencm3/lib/libopencm3_stm32f4.a(pwr.o)
                                0x1d2 (size before relaxing)
 .debug_str     0x00002f12      0x119 ./libopencm3/lib/libopencm3_stm32f4.a(usb_fx07_common.o)
                                0x935 (size before relaxing)

.comment        0x00000000       0x70
 .comment       0x00000000       0x70 butter.o
                                 0x71 (size before relaxing)
 .comment       0x00000000       0x71 ./libopencm3/lib/libopencm3_stm32f4.a(rcc.o)
 .comment       0x00000000       0x71 ./libopencm3/lib/libopencm3_stm32f4.a(dma_common_f24.o)
 .comment       0x00000000       0x71 ./libopencm3/lib/libopencm3_stm32f4.a(gpio_common_all.o)
 .comment       0x00000000       0x71 ./libopencm3/lib/libopencm3_stm32f4.a(gpio_common_f0234.o)
 .comment       0x00000000       0x71 ./libopencm3/lib/libopencm3_stm32f4.a(timer_common_all.o)
 .comment       0x00000000       0x71 ./libopencm3/lib/libopencm3_stm32f4.a(flash_common_f234.o)
 .comment       0x00000000       0x71 ./libopencm3/lib/libopencm3_stm32f4.a(rcc_common_all.o)
 .comment       0x00000000       0x71 ./libopencm3/lib/libopencm3_stm32f4.a(usb.o)
 .comment       0x00000000       0x71 ./libopencm3/lib/libopencm3_stm32f4.a(usb_standard.o)
 .comment       0x00000000       0x71 ./libopencm3/lib/libopencm3_stm32f4.a(usb_control.o)
 .comment       0x00000000       0x71 ./libopencm3/lib/libopencm3_stm32f4.a(usb_f107.o)
 .comment       0x00000000       0x71 ./libopencm3/lib/libopencm3_stm32f4.a(vector.o)
 .comment       0x00000000       0x71 ./libopencm3/lib/libopencm3_stm32f4.a(nvic.o)
 .comment       0x00000000       0x71 ./libopencm3/lib/libopencm3_stm32f4.a(pwr.o)
 .comment       0x00000000       0x71 ./libopencm3/lib/libopencm3_stm32f4.a(usb_fx07_common.o)

.ARM.attributes
                0x00000000       0x37
 .ARM.attributes
                0x00000000       0x39 butter.o
 .ARM.attributes
                0x00000039       0x39 ./libopencm3/lib/libopencm3_stm32f4.a(rcc.o)
 .ARM.attributes
                0x00000072       0x39 ./libopencm3/lib/libopencm3_stm32f4.a(dma_common_f24.o)
 .ARM.attributes
                0x000000ab       0x39 ./libopencm3/lib/libopencm3_stm32f4.a(gpio_common_all.o)
 .ARM.attributes
                0x000000e4       0x39 ./libopencm3/lib/libopencm3_stm32f4.a(gpio_common_f0234.o)
 .ARM.attributes
                0x0000011d       0x39 ./libopencm3/lib/libopencm3_stm32f4.a(timer_common_all.o)
 .ARM.attributes
                0x00000156       0x39 ./libopencm3/lib/libopencm3_stm32f4.a(flash_common_f234.o)
 .ARM.attributes
                0x0000018f       0x39 ./libopencm3/lib/libopencm3_stm32f4.a(rcc_common_all.o)
 .ARM.attributes
                0x000001c8       0x39 ./libopencm3/lib/libopencm3_stm32f4.a(usb.o)
 .ARM.attributes
                0x00000201       0x39 ./libopencm3/lib/libopencm3_stm32f4.a(usb_standard.o)
 .ARM.attributes
                0x0000023a       0x39 ./libopencm3/lib/libopencm3_stm32f4.a(usb_control.o)
 .ARM.attributes
                0x00000273       0x39 ./libopencm3/lib/libopencm3_stm32f4.a(usb_f107.o)
 .ARM.attributes
                0x000002ac       0x39 ./libopencm3/lib/libopencm3_stm32f4.a(vector.o)
 .ARM.attributes
                0x000002e5       0x39 ./libopencm3/lib/libopencm3_stm32f4.a(nvic.o)
 .ARM.attributes
                0x0000031e       0x39 ./libopencm3/lib/libopencm3_stm32f4.a(pwr.o)
 .ARM.attributes
                0x00000357       0x39 ./libopencm3/lib/libopencm3_stm32f4.a(usb_fx07_common.o)
 .ARM.attributes
                0x00000390       0x20 /opt/ARM/bin/../lib/gcc/arm-none-eabi/4.8.4/../../../../arm-none-eabi/lib/armv7e-m/fpu/libc.a(lib_a-memcpy.o)
 .ARM.attributes
                0x000003b0       0x34 /opt/ARM/bin/../lib/gcc/arm-none-eabi/4.8.4/../../../../arm-none-eabi/lib/armv7e-m/fpu/libc.a(lib_a-strlen.o)

.debug_frame    0x00000000     0x126c
 .debug_frame   0x00000000       0xc0 butter.o
 .debug_frame   0x000000c0      0x1a0 ./libopencm3/lib/libopencm3_stm32f4.a(rcc.o)
 .debug_frame   0x00000260      0x30c ./libopencm3/lib/libopencm3_stm32f4.a(dma_common_f24.o)
 .debug_frame   0x0000056c       0x80 ./libopencm3/lib/libopencm3_stm32f4.a(gpio_common_all.o)
 .debug_frame   0x000005ec       0x6c ./libopencm3/lib/libopencm3_stm32f4.a(gpio_common_f0234.o)
 .debug_frame   0x00000658      0x4d8 ./libopencm3/lib/libopencm3_stm32f4.a(timer_common_all.o)
 .debug_frame   0x00000b30       0x80 ./libopencm3/lib/libopencm3_stm32f4.a(flash_common_f234.o)
 .debug_frame   0x00000bb0       0xa0 ./libopencm3/lib/libopencm3_stm32f4.a(rcc_common_all.o)
 .debug_frame   0x00000c50      0x158 ./libopencm3/lib/libopencm3_stm32f4.a(usb.o)
 .debug_frame   0x00000da8      0x184 ./libopencm3/lib/libopencm3_stm32f4.a(usb_standard.o)
 .debug_frame   0x00000f2c      0x104 ./libopencm3/lib/libopencm3_stm32f4.a(usb_control.o)
 .debug_frame   0x00001030       0x20 ./libopencm3/lib/libopencm3_stm32f4.a(usb_f107.o)
 .debug_frame   0x00001050       0x40 ./libopencm3/lib/libopencm3_stm32f4.a(vector.o)
 .debug_frame   0x00001090       0xa0 ./libopencm3/lib/libopencm3_stm32f4.a(nvic.o)
 .debug_frame   0x00001130       0x20 ./libopencm3/lib/libopencm3_stm32f4.a(pwr.o)
 .debug_frame   0x00001150       0xfc ./libopencm3/lib/libopencm3_stm32f4.a(usb_fx07_common.o)
 .debug_frame   0x0000124c       0x20 /opt/ARM/bin/../lib/gcc/arm-none-eabi/4.8.4/../../../../arm-none-eabi/lib/armv7e-m/fpu/libc.a(lib_a-strlen.o)
